../Application/SM/SM.c:44:6:SM_Handle	16	static
../Application/SM/SM.c:56:6:SM_InitializeFunction	24	static
../Application/SM/SM.c:72:6:SM_IdleFunction	16	static
../Application/SM/SM.c:80:6:SM_RunningFunction	4	static
../Application/SM/SM.c:83:13:SM_ChangeState	24	static
../Application/SM/SM.c:96:13:BUT_ButtonUpCallback	8	static
../Application/SM/SM.c:102:13:BUT_ButtonRightCallback	8	static
../Application/SM/SM.c:108:13:BUT_ButtonLeftCallback	8	static
../Application/SM/SM.c:114:13:BUT_ButtonDownCallback	72	static
../Application/SM/SM.c:121:13:BUT_ButtonOkCallback	24	static
