Archive member included to satisfy reference by file (symbol)

c:/st/stm32cubeide_1.7.0/stm32cubeide/plugins/com.st.stm32cube.ide.mcu.externaltools.gnu-tools-for-stm32.10.3-2021.10.win32_1.0.200.202301161003/tools/bin/../lib/gcc/arm-none-eabi/10.3.1/../../../../arm-none-eabi/lib/thumb/v7e-m+fp/hard\libc_nano.a(lib_a-errno.o)
                              ./Core/Src/syscalls.o (__errno)
c:/st/stm32cubeide_1.7.0/stm32cubeide/plugins/com.st.stm32cube.ide.mcu.externaltools.gnu-tools-for-stm32.10.3-2021.10.win32_1.0.200.202301161003/tools/bin/../lib/gcc/arm-none-eabi/10.3.1/../../../../arm-none-eabi/lib/thumb/v7e-m+fp/hard\libc_nano.a(lib_a-exit.o)
                              c:/st/stm32cubeide_1.7.0/stm32cubeide/plugins/com.st.stm32cube.ide.mcu.externaltools.gnu-tools-for-stm32.10.3-2021.10.win32_1.0.200.202301161003/tools/bin/../lib/gcc/arm-none-eabi/10.3.1/../../../../arm-none-eabi/lib/thumb/v7e-m+fp/hard/crt0.o (exit)
c:/st/stm32cubeide_1.7.0/stm32cubeide/plugins/com.st.stm32cube.ide.mcu.externaltools.gnu-tools-for-stm32.10.3-2021.10.win32_1.0.200.202301161003/tools/bin/../lib/gcc/arm-none-eabi/10.3.1/../../../../arm-none-eabi/lib/thumb/v7e-m+fp/hard\libc_nano.a(lib_a-impure.o)
                              c:/st/stm32cubeide_1.7.0/stm32cubeide/plugins/com.st.stm32cube.ide.mcu.externaltools.gnu-tools-for-stm32.10.3-2021.10.win32_1.0.200.202301161003/tools/bin/../lib/gcc/arm-none-eabi/10.3.1/../../../../arm-none-eabi/lib/thumb/v7e-m+fp/hard\libc_nano.a(lib_a-exit.o) (_global_impure_ptr)
c:/st/stm32cubeide_1.7.0/stm32cubeide/plugins/com.st.stm32cube.ide.mcu.externaltools.gnu-tools-for-stm32.10.3-2021.10.win32_1.0.200.202301161003/tools/bin/../lib/gcc/arm-none-eabi/10.3.1/../../../../arm-none-eabi/lib/thumb/v7e-m+fp/hard\libc_nano.a(lib_a-init.o)
                              c:/st/stm32cubeide_1.7.0/stm32cubeide/plugins/com.st.stm32cube.ide.mcu.externaltools.gnu-tools-for-stm32.10.3-2021.10.win32_1.0.200.202301161003/tools/bin/../lib/gcc/arm-none-eabi/10.3.1/../../../../arm-none-eabi/lib/thumb/v7e-m+fp/hard/crt0.o (__libc_init_array)
c:/st/stm32cubeide_1.7.0/stm32cubeide/plugins/com.st.stm32cube.ide.mcu.externaltools.gnu-tools-for-stm32.10.3-2021.10.win32_1.0.200.202301161003/tools/bin/../lib/gcc/arm-none-eabi/10.3.1/../../../../arm-none-eabi/lib/thumb/v7e-m+fp/hard\libc_nano.a(lib_a-memset.o)
                              c:/st/stm32cubeide_1.7.0/stm32cubeide/plugins/com.st.stm32cube.ide.mcu.externaltools.gnu-tools-for-stm32.10.3-2021.10.win32_1.0.200.202301161003/tools/bin/../lib/gcc/arm-none-eabi/10.3.1/../../../../arm-none-eabi/lib/thumb/v7e-m+fp/hard/crt0.o (memset)
c:/st/stm32cubeide_1.7.0/stm32cubeide/plugins/com.st.stm32cube.ide.mcu.externaltools.gnu-tools-for-stm32.10.3-2021.10.win32_1.0.200.202301161003/tools/bin/../lib/gcc/arm-none-eabi/10.3.1/../../../../arm-none-eabi/lib/thumb/v7e-m+fp/hard\libc_nano.a(lib_a-sprintf.o)
                              ./Application/Supp/Supp.o (sprintf)
c:/st/stm32cubeide_1.7.0/stm32cubeide/plugins/com.st.stm32cube.ide.mcu.externaltools.gnu-tools-for-stm32.10.3-2021.10.win32_1.0.200.202301161003/tools/bin/../lib/gcc/arm-none-eabi/10.3.1/../../../../arm-none-eabi/lib/thumb/v7e-m+fp/hard\libc_nano.a(lib_a-nano-svfprintf.o)
                              c:/st/stm32cubeide_1.7.0/stm32cubeide/plugins/com.st.stm32cube.ide.mcu.externaltools.gnu-tools-for-stm32.10.3-2021.10.win32_1.0.200.202301161003/tools/bin/../lib/gcc/arm-none-eabi/10.3.1/../../../../arm-none-eabi/lib/thumb/v7e-m+fp/hard\libc_nano.a(lib_a-sprintf.o) (_svfprintf_r)
c:/st/stm32cubeide_1.7.0/stm32cubeide/plugins/com.st.stm32cube.ide.mcu.externaltools.gnu-tools-for-stm32.10.3-2021.10.win32_1.0.200.202301161003/tools/bin/../lib/gcc/arm-none-eabi/10.3.1/../../../../arm-none-eabi/lib/thumb/v7e-m+fp/hard\libc_nano.a(lib_a-nano-vfprintf_i.o)
                              c:/st/stm32cubeide_1.7.0/stm32cubeide/plugins/com.st.stm32cube.ide.mcu.externaltools.gnu-tools-for-stm32.10.3-2021.10.win32_1.0.200.202301161003/tools/bin/../lib/gcc/arm-none-eabi/10.3.1/../../../../arm-none-eabi/lib/thumb/v7e-m+fp/hard\libc_nano.a(lib_a-nano-svfprintf.o) (_printf_i)
c:/st/stm32cubeide_1.7.0/stm32cubeide/plugins/com.st.stm32cube.ide.mcu.externaltools.gnu-tools-for-stm32.10.3-2021.10.win32_1.0.200.202301161003/tools/bin/../lib/gcc/arm-none-eabi/10.3.1/../../../../arm-none-eabi/lib/thumb/v7e-m+fp/hard\libc_nano.a(lib_a-memchr.o)
                              c:/st/stm32cubeide_1.7.0/stm32cubeide/plugins/com.st.stm32cube.ide.mcu.externaltools.gnu-tools-for-stm32.10.3-2021.10.win32_1.0.200.202301161003/tools/bin/../lib/gcc/arm-none-eabi/10.3.1/../../../../arm-none-eabi/lib/thumb/v7e-m+fp/hard\libc_nano.a(lib_a-nano-svfprintf.o) (memchr)
c:/st/stm32cubeide_1.7.0/stm32cubeide/plugins/com.st.stm32cube.ide.mcu.externaltools.gnu-tools-for-stm32.10.3-2021.10.win32_1.0.200.202301161003/tools/bin/../lib/gcc/arm-none-eabi/10.3.1/../../../../arm-none-eabi/lib/thumb/v7e-m+fp/hard\libc_nano.a(lib_a-memcpy-stub.o)
[...]
Memory Configuration

Name             Origin             Length             Attributes
RAM              0x0000000020000000 0x000000000001c000 xrw
FLASH            0x0000000008000000 0x0000000000080000 xr
*default*        0x0000000000000000 0xffffffffffffffff

Linker script and memory map

LOAD c:/st/stm32cubeide_1.7.0/stm32cubeide/plugins/com.st.stm32cube.ide.mcu.externaltools.gnu-tools-for-stm32.10.3-2021.10.win32_1.0.200.202301161003/tools/bin/../lib/gcc/arm-none-eabi/10.3.1/thumb/v7e-m+fp/hard/crti.o
LOAD c:/st/stm32cubeide_1.7.0/stm32cubeide/plugins/com.st.stm32cube.ide.mcu.externaltools.gnu-tools-for-stm32.10.3-2021.10.win32_1.0.200.202301161003/tools/bin/../lib/gcc/arm-none-eabi/10.3.1/thumb/v7e-m+fp/hard/crtbegin.o
LOAD c:/st/stm32cubeide_1.7.0/stm32cubeide/plugins/com.st.stm32cube.ide.mcu.externaltools.gnu-tools-for-stm32.10.3-2021.10.win32_1.0.200.202301161003/tools/bin/../lib/gcc/arm-none-eabi/10.3.1/../../../../arm-none-eabi/lib/thumb/v7e-m+fp/hard/crt0.o
LOAD ./Application/Aes/Aes.o
LOAD ./Application/Buttons/Buttons.o
LOAD ./Application/Buttons/ButtonsConfig.o
LOAD ./Application/Crc/crc.o
LOAD ./Application/Data/Data.o
LOAD ./Application/Fram_SPI/Fram_spi.o
LOAD ./Application/Led/Led.o
LOAD ./Application/SM/SM.o
LOAD ./Application/SSD1331/ssd1331.o
LOAD ./Application/Supp/Supp.o
LOAD ./Application/USB_KeyboardKeyDescriptor/USB_KeyboardKeyDescriptor.o
LOAD ./Application/WS2812B/WS2812b.o
LOAD ./Core/Src/CORDIC.o
LOAD ./Core/Src/GFX_Color.o
LOAD ./Core/Src/dma.o
LOAD ./Core/Src/flash_spi.o
LOAD ./Core/Src/fram.o
LOAD ./Core/Src/gpio.o
LOAD ./Core/Src/main.o
LOAD ./Core/Src/rng.o
LOAD ./Core/Src/spi.o
LOAD ./Core/Src/stm32g4xx_hal_msp.o
LOAD ./Core/Src/stm32g4xx_it.o
LOAD ./Core/Src/syscalls.o
LOAD ./Core/Src/sysmem.o
LOAD ./Core/Src/system_stm32g4xx.o
LOAD ./Core/Src/tim.o
LOAD ./Core/Startup/startup_stm32g4a1keux.o
LOAD ./Drivers/STM32G4xx_HAL_Driver/Src/stm32g4xx_hal.o
LOAD ./Drivers/STM32G4xx_HAL_Driver/Src/stm32g4xx_hal_cordic.o
LOAD ./Drivers/STM32G4xx_HAL_Driver/Src/stm32g4xx_hal_cortex.o
LOAD ./Drivers/STM32G4xx_HAL_Driver/Src/stm32g4xx_hal_dma.o
LOAD ./Drivers/STM32G4xx_HAL_Driver/Src/stm32g4xx_hal_dma_ex.o
LOAD ./Drivers/STM32G4xx_HAL_Driver/Src/stm32g4xx_hal_exti.o
LOAD ./Drivers/STM32G4xx_HAL_Driver/Src/stm32g4xx_hal_flash.o
LOAD ./Drivers/STM32G4xx_HAL_Driver/Src/stm32g4xx_hal_flash_ex.o
LOAD ./Drivers/STM32G4xx_HAL_Driver/Src/stm32g4xx_hal_flash_ramfunc.o
LOAD ./Drivers/STM32G4xx_HAL_Driver/Src/stm32g4xx_hal_gpio.o
LOAD ./Drivers/STM32G4xx_HAL_Driver/Src/stm32g4xx_hal_pcd.o
LOAD ./Drivers/STM32G4xx_HAL_Driver/Src/stm32g4xx_hal_pcd_ex.o
LOAD ./Drivers/STM32G4xx_HAL_Driver/Src/stm32g4xx_hal_pwr.o
LOAD ./Drivers/STM32G4xx_HAL_Driver/Src/stm32g4xx_hal_pwr_ex.o
LOAD ./Drivers/STM32G4xx_HAL_Driver/Src/stm32g4xx_hal_rcc.o
LOAD ./Drivers/STM32G4xx_HAL_Driver/Src/stm32g4xx_hal_rcc_ex.o
LOAD ./Drivers/STM32G4xx_HAL_Driver/Src/stm32g4xx_hal_rng.o
LOAD ./Drivers/STM32G4xx_HAL_Driver/Src/stm32g4xx_hal_spi.o
LOAD ./Drivers/STM32G4xx_HAL_Driver/Src/stm32g4xx_hal_spi_ex.o
LOAD ./Drivers/STM32G4xx_HAL_Driver/Src/stm32g4xx_hal_tim.o
LOAD ./Drivers/STM32G4xx_HAL_Driver/Src/stm32g4xx_hal_tim_ex.o
LOAD ./Drivers/STM32G4xx_HAL_Driver/Src/stm32g4xx_ll_usb.o
LOAD ./Middlewares/ST/STM32_USB_Device_Library/Class/HID/Src/usbd_hid.o
LOAD ./Middlewares/ST/STM32_USB_Device_Library/Core/Src/usbd_core.o
LOAD ./Middlewares/ST/STM32_USB_Device_Library/Core/Src/usbd_ctlreq.o
LOAD ./Middlewares/ST/STM32_USB_Device_Library/Core/Src/usbd_ioreq.o
LOAD ./USB_Device/App/usb_device.o
LOAD ./USB_Device/App/usbd_desc.o
LOAD ./USB_Device/Target/usbd_conf.o
START GROUP
LOAD c:/st/stm32cubeide_1.7.0/stm32cubeide/plugins/com.st.stm32cube.ide.mcu.externaltools.gnu-tools-for-stm32.10.3-2021.10.win32_1.0.200.202301161003/tools/bin/../lib/gcc/arm-none-eabi/10.3.1/../../../../arm-none-eabi/lib/thumb/v7e-m+fp/hard\libc_nano.a
LOAD c:/st/stm32cubeide_1.7.0/stm32cubeide/plugins/com.st.stm32cube.ide.mcu.externaltools.gnu-tools-for-stm32.10.3-2021.10.win32_1.0.200.202301161003/tools/bin/../lib/gcc/arm-none-eabi/10.3.1/../../../../arm-none-eabi/lib/thumb/v7e-m+fp/hard\libm.a
END GROUP
START GROUP
LOAD c:/st/stm32cubeide_1.7.0/stm32cubeide/plugins/com.st.stm32cube.ide.mcu.externaltools.gnu-tools-for-stm32.10.3-2021.10.win32_1.0.200.202301161003/tools/bin/../lib/gcc/arm-none-eabi/10.3.1/thumb/v7e-m+fp/hard\libgcc.a
LOAD c:/st/stm32cubeide_1.7.0/stm32cubeide/plugins/com.st.stm32cube.ide.mcu.externaltools.gnu-tools-for-stm32.10.3-2021.10.win32_1.0.200.202301161003/tools/bin/../lib/gcc/arm-none-eabi/10.3.1/../../../../arm-none-eabi/lib/thumb/v7e-m+fp/hard\libc_nano.a
END GROUP
START GROUP
LOAD c:/st/stm32cubeide_1.7.0/stm32cubeide/plugins/com.st.stm32cube.ide.mcu.externaltools.gnu-tools-for-stm32.10.3-2021.10.win32_1.0.200.202301161003/tools/bin/../lib/gcc/arm-none-eabi/10.3.1/thumb/v7e-m+fp/hard\libgcc.a
LOAD c:/st/stm32cubeide_1.7.0/stm32cubeide/plugins/com.st.stm32cube.ide.mcu.externaltools.gnu-tools-for-stm32.10.3-2021.10.win32_1.0.200.202301161003/tools/bin/../lib/gcc/arm-none-eabi/10.3.1/../../../../arm-none-eabi/lib/thumb/v7e-m+fp/hard\libc_nano.a
LOAD c:/st/stm32cubeide_1.7.0/stm32cubeide/plugins/com.st.stm32cube.ide.mcu.externaltools.gnu-tools-for-stm32.10.3-2021.10.win32_1.0.200.202301161003/tools/bin/../lib/gcc/arm-none-eabi/10.3.1/../../../../arm-none-eabi/lib/thumb/v7e-m+fp/hard\libnosys.a
END GROUP
START GROUP
LOAD c:/st/stm32cubeide_1.7.0/stm32cubeide/plugins/com.st.stm32cube.ide.mcu.externaltools.gnu-tools-for-stm32.10.3-2021.10.win32_1.0.200.202301161003/tools/bin/../lib/gcc/arm-none-eabi/10.3.1/thumb/v7e-m+fp/hard\libgcc.a
LOAD c:/st/stm32cubeide_1.7.0/stm32cubeide/plugins/com.st.stm32cube.ide.mcu.externaltools.gnu-tools-for-stm32.10.3-2021.10.win32_1.0.200.202301161003/tools/bin/../lib/gcc/arm-none-eabi/10.3.1/../../../../arm-none-eabi/lib/thumb/v7e-m+fp/hard\libc_nano.a
LOAD c:/st/stm32cubeide_1.7.0/stm32cubeide/plugins/com.st.stm32cube.ide.mcu.externaltools.gnu-tools-for-stm32.10.3-2021.10.win32_1.0.200.202301161003/tools/bin/../lib/gcc/arm-none-eabi/10.3.1/../../../../arm-none-eabi/lib/thumb/v7e-m+fp/hard\libnosys.a
END GROUP
LOAD c:/st/stm32cubeide_1.7.0/stm32cubeide/plugins/com.st.stm32cube.ide.mcu.externaltools.gnu-tools-for-stm32.10.3-2021.10.win32_1.0.200.202301161003/tools/bin/../lib/gcc/arm-none-eabi/10.3.1/thumb/v7e-m+fp/hard/crtend.o
LOAD c:/st/stm32cubeide_1.7.0/stm32cubeide/plugins/com.st.stm32cube.ide.mcu.externaltools.gnu-tools-for-stm32.10.3-2021.10.win32_1.0.200.202301161003/tools/bin/../lib/gcc/arm-none-eabi/10.3.1/thumb/v7e-m+fp/hard/crtn.o
                0x000000002001c000                _estack = (ORIGIN (RAM) + LENGTH (RAM))
                0x0000000000000fff                _Min_Heap_Size = 0xfff
                0x0000000000001fff                _Min_Stack_Size = 0x1fff

.isr_vector     0x0000000008000000      0x1d8
                0x0000000008000000                . = ALIGN (0x4)
 *(.isr_vector)
 .isr_vector    0x0000000008000000      0x1d8 ./Core/Startup/startup_stm32g4a1keux.o
                0x0000000008000000                g_pfnVectors
                0x00000000080001d8                . = ALIGN (0x4)

.text           0x00000000080001e0     0xe714
                0x00000000080001e0                . = ALIGN (0x4)
 *(.text)
 .text          0x00000000080001e0       0x40 c:/st/stm32cubeide_1.7.0/stm32cubeide/plugins/com.st.stm32cube.ide.mcu.externaltools.gnu-tools-for-stm32.10.3-2021.10.win32_1.0.200.202301161003/tools/bin/../lib/gcc/arm-none-eabi/10.3.1/thumb/v7e-m+fp/hard/crtbegin.o
 .text          0x0000000008000220       0xa0 c:/st/stm32cubeide_1.7.0/stm32cubeide/plugins/com.st.stm32cube.ide.mcu.externaltools.gnu-tools-for-stm32.10.3-2021.10.win32_1.0.200.202301161003/tools/bin/../lib/gcc/arm-none-eabi/10.3.1/../../../../arm-none-eabi/lib/thumb/v7e-m+fp/hard\libc_nano.a(lib_a-memchr.o)
                0x0000000008000220                memchr
 *(.text*)
 .text.KeyExpansion
                0x00000000080002c0      0x1a0 ./Application/Aes/Aes.o
 .text.AES_init_ctx
                0x0000000008000460       0x1c ./Application/Aes/Aes.o
                0x0000000008000460                AES_init_ctx
 .text.AddRoundKey
                0x000000000800047c       0x78 ./Application/Aes/Aes.o
 .text.SubBytes
                0x00000000080004f4       0x64 ./Application/Aes/Aes.o
 .text.ShiftRows
                0x0000000008000558       0x84 ./Application/Aes/Aes.o
 .text.xtime    0x00000000080005dc       0x3c ./Application/Aes/Aes.o
 .text.MixColumns
                0x0000000008000618      0x16a ./Application/Aes/Aes.o
 .text.InvMixColumns
                0x0000000008000782      0x698 ./Application/Aes/Aes.o
 *fill*         0x0000000008000e1a        0x2 
 .text.InvSubBytes
                0x0000000008000e1c       0x64 ./Application/Aes/Aes.o
 .text.InvShiftRows
                0x0000000008000e80       0x84 ./Application/Aes/Aes.o
 .text.Cipher   0x0000000008000f04       0x5c ./Application/Aes/Aes.o
 .text.InvCipher
                0x0000000008000f60       0x52 ./Application/Aes/Aes.o
 .text.AES_ECB_encrypt
                0x0000000008000fb2       0x1c ./Application/Aes/Aes.o
                0x0000000008000fb2                AES_ECB_encrypt
 .text.AES_ECB_decrypt
                0x0000000008000fce       0x1c ./Application/Aes/Aes.o
                0x0000000008000fce                AES_ECB_decrypt
 *fill*         0x0000000008000fea        0x2 
 .text.BUT_Handle
                0x0000000008000fec       0x3c ./Application/Buttons/Buttons.o
                0x0000000008000fec                BUT_Handle
 .text.BUT_RegisterCallback
                0x0000000008001028       0x22 ./Application/Buttons/Buttons.o
                0x0000000008001028                BUT_RegisterCallback
 .text.BUT_IdleFunction
                0x000000000800104a       0x32 ./Application/Buttons/Buttons.o
 .text.BUT_DebounceFunction
                0x000000000800107c       0x46 ./Application/Buttons/Buttons.o
 .text.BUT_PressFunction
                0x00000000080010c2       0x3a ./Application/Buttons/Buttons.o
 .text.BUT_ChangeState
                0x00000000080010fc       0x78 ./Application/Buttons/Buttons.o
 .text.ButtonsConfig
                0x0000000008001174      0x174 ./Application/Buttons/ButtonsConfig.o
                0x0000000008001174                ButtonsConfig
 .text.Crc      0x00000000080012e8       0xb8 ./Application/Crc/crc.o
                0x00000000080012e8                Crc
 .text.DATA_GetSmPtr
                0x00000000080013a0       0x14 ./Application/Data/Data.o
                0x00000000080013a0                DATA_GetSmPtr
 .text.DATA_GetButPtr
                0x00000000080013b4       0x28 ./Application/Data/Data.o
                0x00000000080013b4                DATA_GetButPtr
 .text.ExtFram_CsLow
                0x00000000080013dc       0x22 ./Application/Fram_SPI/Fram_spi.o
                0x00000000080013dc                ExtFram_CsLow
 .text.ExtFram_CsHigh
                0x00000000080013fe       0x22 ./Application/Fram_SPI/Fram_spi.o
                0x00000000080013fe                ExtFram_CsHigh
 .text.ExtFram_Write
                0x0000000008001420       0x32 ./Application/Fram_SPI/Fram_spi.o
                0x0000000008001420                ExtFram_Write
 .text.ExtFram_Read
                0x0000000008001452       0x32 ./Application/Fram_SPI/Fram_spi.o
                0x0000000008001452                ExtFram_Read
 .text.ExtFram_FindDensity
                0x0000000008001484       0x5c ./Application/Fram_SPI/Fram_spi.o
 .text.ExtFram_ReadID
                0x00000000080014e0       0x96 ./Application/Fram_SPI/Fram_spi.o
 .text.ExtFram_SetWELBit
                0x0000000008001576       0x54 ./Application/Fram_SPI/Fram_spi.o
 .text.ExtFram_SetProtectedBlocs
                0x00000000080015ca       0x74 ./Application/Fram_SPI/Fram_spi.o
                0x00000000080015ca                ExtFram_SetProtectedBlocs
 .text.ExtFram_ReadSreg
                0x000000000800163e       0x66 ./Application/Fram_SPI/Fram_spi.o
 .text.ExtFram_WriteData
                0x00000000080016a4       0xcc ./Application/Fram_SPI/Fram_spi.o
                0x00000000080016a4                ExtFram_WriteData
 .text.ExtFram_ReadData
                0x0000000008001770       0xcc ./Application/Fram_SPI/Fram_spi.o
                0x0000000008001770                ExtFram_ReadData
 .text.ExtFram_Write32
                0x000000000800183c       0x44 ./Application/Fram_SPI/Fram_spi.o
                0x000000000800183c                ExtFram_Write32
 .text.ExtFram_Read32
                0x0000000008001880       0x4a ./Application/Fram_SPI/Fram_spi.o
                0x0000000008001880                ExtFram_Read32
 .text.ExtFram_Increment32
                0x00000000080018ca       0x7a ./Application/Fram_SPI/Fram_spi.o
                0x00000000080018ca                ExtFram_Increment32
 .text.ExtFram_Init
                0x0000000008001944       0xc0 ./Application/Fram_SPI/Fram_spi.o
                0x0000000008001944                ExtFram_Init
 .text.LED_BlinkPoll
                0x0000000008001a04       0x54 ./Application/Led/Led.o
                0x0000000008001a04                LED_BlinkPoll
 .text.SM_Handle
                0x0000000008001a58       0x58 ./Application/SM/SM.o
                0x0000000008001a58                SM_Handle
 .text.SM_InitializeFunction
                0x0000000008001ab0       0xe0 ./Application/SM/SM.o
                0x0000000008001ab0                SM_InitializeFunction
 .text.SM_IdleFunction
                0x0000000008001b90       0x38 ./Application/SM/SM.o
                0x0000000008001b90                SM_IdleFunction
 .text.SM_RunningFunction
                0x0000000008001bc8        0xe ./Application/SM/SM.o
                0x0000000008001bc8                SM_RunningFunction
 *fill*         0x0000000008001bd6        0x2 
 .text.SM_ChangeState
                0x0000000008001bd8       0x88 ./Application/SM/SM.o
 .text.BUT_ButtonUpCallback
                0x0000000008001c60       0x2c ./Application/SM/SM.o
 .text.BUT_ButtonRightCallback
                0x0000000008001c8c       0x2c ./Application/SM/SM.o
 .text.BUT_ButtonLeftCallback
                0x0000000008001cb8       0x26 ./Application/SM/SM.o
 .text.BUT_ButtonDownCallback
                0x0000000008001cde       0x32 ./Application/SM/SM.o
 .text.BUT_ButtonOkCallback
                0x0000000008001d10       0x4a ./Application/SM/SM.o
 *fill*         0x0000000008001d5a        0x2 
 .text.ssd1331_command
                0x0000000008001d5c       0x44 ./Application/SSD1331/ssd1331.o
                0x0000000008001d5c                ssd1331_command
 .text.setPixel
                0x0000000008001da0       0x50 ./Application/SSD1331/ssd1331.o
                0x0000000008001da0                setPixel
 .text.ssd1331_clear
                0x0000000008001df0       0x18 ./Application/SSD1331/ssd1331.o
                0x0000000008001df0                ssd1331_clear
 .text.invert   0x0000000008001e08       0x40 ./Application/SSD1331/ssd1331.o
                0x0000000008001e08                invert
 .text.ssd1331_display
                0x0000000008001e48       0xe4 ./Application/SSD1331/ssd1331.o
                0x0000000008001e48                ssd1331_display
 .text.ssd1331_init
                0x0000000008001f2c      0x144 ./Application/SSD1331/ssd1331.o
                0x0000000008001f2c                ssd1331_init
 .text.map      0x0000000008002070       0x38 ./Application/Supp/Supp.o
                0x0000000008002070                map
 .text.SUPP_ExtFramhMassErase
                0x00000000080020a8       0xe8 ./Application/Supp/Supp.o
                0x00000000080020a8                SUPP_ExtFramhMassErase
 .text.SUPP_ButtonOffFlagTask
                0x0000000008002190      0x170 ./Application/Supp/Supp.o
                0x0000000008002190                SUPP_ButtonOffFlagTask
 .text.SUPP_GetChipID
                0x0000000008002300       0x50 ./Application/Supp/Supp.o
                0x0000000008002300                SUPP_GetChipID
 .text.SUPP_AES_Init
                0x0000000008002350       0xc0 ./Application/Supp/Supp.o
                0x0000000008002350                SUPP_AES_Init
 .text.SUPP_AES_EncryptBuffer
                0x0000000008002410       0x3c ./Application/Supp/Supp.o
                0x0000000008002410                SUPP_AES_EncryptBuffer
 .text.SUPP_AES_DecryptBuffer
                0x000000000800244c       0x3c ./Application/Supp/Supp.o
                0x000000000800244c                SUPP_AES_DecryptBuffer
 .text.SUPP_ReadPassword
                0x0000000008002488       0x8c ./Application/Supp/Supp.o
                0x0000000008002488                SUPP_ReadPassword
 .text.SUPP_GenerateNewPassword
                0x0000000008002514      0x240 ./Application/Supp/Supp.o
                0x0000000008002514                SUPP_GenerateNewPassword
 .text.WS2812_SetPixel
                0x0000000008002754      0x184 ./Application/WS2812B/WS2812b.o
                0x0000000008002754                WS2812_SetPixel
 .text.MX_CORDIC_Init
                0x00000000080028d8       0x28 ./Core/Src/CORDIC.o
                0x00000000080028d8                MX_CORDIC_Init
 .text.HAL_CORDIC_MspInit
                0x0000000008002900       0xf8 ./Core/Src/CORDIC.o
                0x0000000008002900                HAL_CORDIC_MspInit
 .text.GFX_SetFont
                0x00000000080029f8       0x20 ./Core/Src/GFX_Color.o
                0x00000000080029f8                GFX_SetFont
 .text.GFX_DrawChar
                0x0000000008002a18       0xf4 ./Core/Src/GFX_Color.o
                0x0000000008002a18                GFX_DrawChar
 .text.GFX_DrawString
                0x0000000008002b0c       0x64 ./Core/Src/GFX_Color.o
                0x0000000008002b0c                GFX_DrawString
 .text.GFX_WriteLine
                0x0000000008002b70      0x11a ./Core/Src/GFX_Color.o
                0x0000000008002b70                GFX_WriteLine
 .text.GFX_DrawFastVLine
                0x0000000008002c8a       0x2e ./Core/Src/GFX_Color.o
                0x0000000008002c8a                GFX_DrawFastVLine
 .text.GFX_DrawFastHLine
                0x0000000008002cb8       0x2c ./Core/Src/GFX_Color.o
                0x0000000008002cb8                GFX_DrawFastHLine
 .text.GFX_DrawRectangle
                0x0000000008002ce4       0x5a ./Core/Src/GFX_Color.o
                0x0000000008002ce4                GFX_DrawRectangle
 .text.GFX_DrawFillRectangle
                0x0000000008002d3e       0x44 ./Core/Src/GFX_Color.o
                0x0000000008002d3e                GFX_DrawFillRectangle
 *fill*         0x0000000008002d82        0x2 
 .text.MX_DMA_Init
                0x0000000008002d84       0x48 ./Core/Src/dma.o
                0x0000000008002d84                MX_DMA_Init
 .text.flash_CsLow
                0x0000000008002dcc       0x20 ./Core/Src/flash_spi.o
                0x0000000008002dcc                flash_CsLow
 .text.flash_CsHigh
                0x0000000008002dec       0x20 ./Core/Src/flash_spi.o
                0x0000000008002dec                flash_CsHigh
 .text.flash_WriteCommand
                0x0000000008002e0c       0x28 ./Core/Src/flash_spi.o
                0x0000000008002e0c                flash_WriteCommand
 .text.flash_ReadCommand
                0x0000000008002e34       0x28 ./Core/Src/flash_spi.o
                0x0000000008002e34                flash_ReadCommand
 .text.flash_Reset
                0x0000000008002e5c       0x4c ./Core/Src/flash_spi.o
                0x0000000008002e5c                flash_Reset
 .text.flash_ReadID
                0x0000000008002ea8       0x50 ./Core/Src/flash_spi.o
                0x0000000008002ea8                flash_ReadID
 .text.flash_Init
                0x0000000008002ef8       0x34 ./Core/Src/flash_spi.o
                0x0000000008002ef8                flash_Init
 .text.MX_GPIO_Init
                0x0000000008002f2c      0x118 ./Core/Src/gpio.o
                0x0000000008002f2c                MX_GPIO_Init
 .text.main     0x0000000008003044       0x32 ./Core/Src/main.o
                0x0000000008003044                main
 .text.SystemClock_Config
                0x0000000008003076       0x96 ./Core/Src/main.o
                0x0000000008003076                SystemClock_Config
 .text.MX_NVIC_Init
                0x000000000800310c       0x98 ./Core/Src/main.o
 .text.Error_Handler
                0x00000000080031a4        0xa ./Core/Src/main.o
                0x00000000080031a4                Error_Handler
 *fill*         0x00000000080031ae        0x2 
 .text.MX_RNG_Init
                0x00000000080031b0       0x2c ./Core/Src/rng.o
                0x00000000080031b0                MX_RNG_Init
 .text.HAL_RNG_MspInit
                0x00000000080031dc       0x68 ./Core/Src/rng.o
                0x00000000080031dc                HAL_RNG_MspInit
 .text.MX_SPI1_Init
                0x0000000008003244       0x7c ./Core/Src/spi.o
                0x0000000008003244                MX_SPI1_Init
 .text.HAL_SPI_MspInit
                0x00000000080032c0       0x84 ./Core/Src/spi.o
                0x00000000080032c0                HAL_SPI_MspInit
 .text.HAL_MspInit
                0x0000000008003344       0x48 ./Core/Src/stm32g4xx_hal_msp.o
                0x0000000008003344                HAL_MspInit
 .text.NMI_Handler
                0x000000000800338c        0x6 ./Core/Src/stm32g4xx_it.o
                0x000000000800338c                NMI_Handler
 .text.HardFault_Handler
                0x0000000008003392        0x6 ./Core/Src/stm32g4xx_it.o
                0x0000000008003392                HardFault_Handler
 .text.MemManage_Handler
                0x0000000008003398        0x6 ./Core/Src/stm32g4xx_it.o
                0x0000000008003398                MemManage_Handler
 .text.BusFault_Handler
                0x000000000800339e        0x6 ./Core/Src/stm32g4xx_it.o
                0x000000000800339e                BusFault_Handler
 .text.UsageFault_Handler
                0x00000000080033a4        0x6 ./Core/Src/stm32g4xx_it.o
                0x00000000080033a4                UsageFault_Handler
 .text.SVC_Handler
                0x00000000080033aa        0xe ./Core/Src/stm32g4xx_it.o
                0x00000000080033aa                SVC_Handler
 .text.DebugMon_Handler
                0x00000000080033b8        0xe ./Core/Src/stm32g4xx_it.o
                0x00000000080033b8                DebugMon_Handler
 .text.PendSV_Handler
                0x00000000080033c6        0xe ./Core/Src/stm32g4xx_it.o
                0x00000000080033c6                PendSV_Handler
 .text.SysTick_Handler
                0x00000000080033d4        0xc ./Core/Src/stm32g4xx_it.o
                0x00000000080033d4                SysTick_Handler
 .text.DMA1_Channel1_IRQHandler
                0x00000000080033e0       0x14 ./Core/Src/stm32g4xx_it.o
                0x00000000080033e0                DMA1_Channel1_IRQHandler
 .text.DMA1_Channel2_IRQHandler
                0x00000000080033f4       0x14 ./Core/Src/stm32g4xx_it.o
                0x00000000080033f4                DMA1_Channel2_IRQHandler
 .text.DMA1_Channel3_IRQHandler
                0x0000000008003408       0x14 ./Core/Src/stm32g4xx_it.o
                0x0000000008003408                DMA1_Channel3_IRQHandler
 .text.USB_LP_IRQHandler
                0x000000000800341c       0x14 ./Core/Src/stm32g4xx_it.o
                0x000000000800341c                USB_LP_IRQHandler
 .text.TIM8_BRK_IRQHandler
                0x0000000008003430       0x14 ./Core/Src/stm32g4xx_it.o
                0x0000000008003430                TIM8_BRK_IRQHandler
 .text.TIM8_UP_IRQHandler
                0x0000000008003444       0x14 ./Core/Src/stm32g4xx_it.o
                0x0000000008003444                TIM8_UP_IRQHandler
 .text.TIM8_TRG_COM_IRQHandler
                0x0000000008003458       0x14 ./Core/Src/stm32g4xx_it.o
                0x0000000008003458                TIM8_TRG_COM_IRQHandler
 .text.TIM8_CC_IRQHandler
                0x000000000800346c       0x14 ./Core/Src/stm32g4xx_it.o
                0x000000000800346c                TIM8_CC_IRQHandler
 .text.CORDIC_IRQHandler
                0x0000000008003480       0x14 ./Core/Src/stm32g4xx_it.o
                0x0000000008003480                CORDIC_IRQHandler
 .text._sbrk    0x0000000008003494       0x6c ./Core/Src/sysmem.o
                0x0000000008003494                _sbrk
 .text.SystemInit
                0x0000000008003500       0x2c ./Core/Src/system_stm32g4xx.o
                0x0000000008003500                SystemInit
 .text.MX_TIM8_Init
                0x000000000800352c      0x160 ./Core/Src/tim.o
                0x000000000800352c                MX_TIM8_Init
 .text.HAL_TIM_Base_MspInit
                0x000000000800368c       0x9c ./Core/Src/tim.o
                0x000000000800368c                HAL_TIM_Base_MspInit
 .text.HAL_TIM_MspPostInit
                0x0000000008003728       0x70 ./Core/Src/tim.o
                0x0000000008003728                HAL_TIM_MspPostInit
 .text.Reset_Handler
                0x0000000008003798       0x50 ./Core/Startup/startup_stm32g4a1keux.o
                0x0000000008003798                Reset_Handler
 .text.Default_Handler
                0x00000000080037e8        0x2 ./Core/Startup/startup_stm32g4a1keux.o
                0x00000000080037e8                RTC_Alarm_IRQHandler
                0x00000000080037e8                EXTI2_IRQHandler
                0x00000000080037e8                TIM1_CC_IRQHandler
                0x00000000080037e8                USB_HP_IRQHandler
                0x00000000080037e8                DMA2_Channel8_IRQHandler
                0x00000000080037e8                EXTI3_IRQHandler
                0x00000000080037e8                I2C3_ER_IRQHandler
                0x00000000080037e8                EXTI0_IRQHandler
                0x00000000080037e8                I2C2_EV_IRQHandler
                0x00000000080037e8                FPU_IRQHandler
                0x00000000080037e8                FDCAN1_IT1_IRQHandler
                0x00000000080037e8                TIM1_UP_TIM16_IRQHandler
                0x00000000080037e8                ADC1_2_IRQHandler
                0x00000000080037e8                SPI1_IRQHandler
                0x00000000080037e8                TIM6_DAC_IRQHandler
                0x00000000080037e8                DMA2_Channel2_IRQHandler
                0x00000000080037e8                DMA1_Channel4_IRQHandler
                0x00000000080037e8                TIM20_TRG_COM_IRQHandler
                0x00000000080037e8                USART3_IRQHandler
                0x00000000080037e8                DMA1_Channel7_IRQHandler
                0x00000000080037e8                UART5_IRQHandler
                0x00000000080037e8                ADC3_IRQHandler
                0x00000000080037e8                TIM4_IRQHandler
                0x00000000080037e8                DMA2_Channel1_IRQHandler
                0x00000000080037e8                QUADSPI_IRQHandler
                0x00000000080037e8                I2C1_EV_IRQHandler
                0x00000000080037e8                DMA1_Channel6_IRQHandler
                0x00000000080037e8                UART4_IRQHandler
                0x00000000080037e8                DMA2_Channel4_IRQHandler
                0x00000000080037e8                TIM3_IRQHandler
                0x00000000080037e8                RCC_IRQHandler
                0x00000000080037e8                TIM20_UP_IRQHandler
                0x00000000080037e8                Default_Handler
                0x00000000080037e8                DMA2_Channel7_IRQHandler
                0x00000000080037e8                RTC_TAMP_LSECSS_IRQHandler
                0x00000000080037e8                FMAC_IRQHandler
                0x00000000080037e8                EXTI15_10_IRQHandler
                0x00000000080037e8                DMA1_Channel8_IRQHandler
                0x00000000080037e8                TIM7_IRQHandler
                0x00000000080037e8                UCPD1_IRQHandler
                0x00000000080037e8                I2C3_EV_IRQHandler
                0x00000000080037e8                EXTI9_5_IRQHandler
                0x00000000080037e8                RTC_WKUP_IRQHandler
                0x00000000080037e8                PVD_PVM_IRQHandler
                0x00000000080037e8                SPI2_IRQHandler
                0x00000000080037e8                DMA2_Channel5_IRQHandler
                0x00000000080037e8                CRS_IRQHandler
                0x00000000080037e8                DMA1_Channel5_IRQHandler
                0x00000000080037e8                EXTI4_IRQHandler
                0x00000000080037e8                RNG_IRQHandler
                0x00000000080037e8                TIM1_TRG_COM_TIM17_IRQHandler
                0x00000000080037e8                FDCAN2_IT1_IRQHandler
                0x00000000080037e8                WWDG_IRQHandler
                0x00000000080037e8                FDCAN2_IT0_IRQHandler
                0x00000000080037e8                LPUART1_IRQHandler
                0x00000000080037e8                DMA2_Channel6_IRQHandler
                0x00000000080037e8                FDCAN1_IT0_IRQHandler
                0x00000000080037e8                TIM2_IRQHandler
                0x00000000080037e8                COMP1_2_3_IRQHandler
                0x00000000080037e8                EXTI1_IRQHandler
                0x00000000080037e8                AES_IRQHandler
                0x00000000080037e8                USART2_IRQHandler
                0x00000000080037e8                TIM20_BRK_IRQHandler
                0x00000000080037e8                I2C2_ER_IRQHandler
                0x00000000080037e8                FLASH_IRQHandler
                0x00000000080037e8                TIM20_CC_IRQHandler
                0x00000000080037e8                USART1_IRQHandler
                0x00000000080037e8                SPI3_IRQHandler
                0x00000000080037e8                I2C1_ER_IRQHandler
                0x00000000080037e8                LPTIM1_IRQHandler
                0x00000000080037e8                DMAMUX_OVR_IRQHandler
                0x00000000080037e8                USBWakeUp_IRQHandler
                0x00000000080037e8                SAI1_IRQHandler
                0x00000000080037e8                DMA2_Channel3_IRQHandler
                0x00000000080037e8                COMP4_IRQHandler
                0x00000000080037e8                TIM1_BRK_TIM15_IRQHandler
 .text.HAL_Init
                0x00000000080037ea       0x30 ./Drivers/STM32G4xx_HAL_Driver/Src/stm32g4xx_hal.o
                0x00000000080037ea                HAL_Init
 *fill*         0x000000000800381a        0x2 
 .text.HAL_InitTick
                0x000000000800381c       0x74 ./Drivers/STM32G4xx_HAL_Driver/Src/stm32g4xx_hal.o
                0x000000000800381c                HAL_InitTick
 .text.HAL_IncTick
                0x0000000008003890       0x24 ./Drivers/STM32G4xx_HAL_Driver/Src/stm32g4xx_hal.o
                0x0000000008003890                HAL_IncTick
 .text.HAL_GetTick
                0x00000000080038b4       0x18 ./Drivers/STM32G4xx_HAL_Driver/Src/stm32g4xx_hal.o
                0x00000000080038b4                HAL_GetTick
 .text.HAL_Delay
                0x00000000080038cc       0x44 ./Drivers/STM32G4xx_HAL_Driver/Src/stm32g4xx_hal.o
                0x00000000080038cc                HAL_Delay
 .text.HAL_CORDIC_Init
                0x0000000008003910       0x62 ./Drivers/STM32G4xx_HAL_Driver/Src/stm32g4xx_hal_cordic.o
                0x0000000008003910                HAL_CORDIC_Init
 .text.HAL_CORDIC_CalculateCpltCallback
                0x0000000008003972       0x14 ./Drivers/STM32G4xx_HAL_Driver/Src/stm32g4xx_hal_cordic.o
                0x0000000008003972                HAL_CORDIC_CalculateCpltCallback
 .text.HAL_CORDIC_IRQHandler
                0x0000000008003986       0x92 ./Drivers/STM32G4xx_HAL_Driver/Src/stm32g4xx_hal_cordic.o
                0x0000000008003986                HAL_CORDIC_IRQHandler
 .text.CORDIC_WriteInDataIncrementPtr
                0x0000000008003a18       0x52 ./Drivers/STM32G4xx_HAL_Driver/Src/stm32g4xx_hal_cordic.o
 .text.CORDIC_ReadOutDataIncrementPtr
                0x0000000008003a6a       0x52 ./Drivers/STM32G4xx_HAL_Driver/Src/stm32g4xx_hal_cordic.o
 .text.__NVIC_SetPriorityGrouping
                0x0000000008003abc       0x48 ./Drivers/STM32G4xx_HAL_Driver/Src/stm32g4xx_hal_cortex.o
 .text.__NVIC_GetPriorityGrouping
                0x0000000008003b04       0x1c ./Drivers/STM32G4xx_HAL_Driver/Src/stm32g4xx_hal_cortex.o
 .text.__NVIC_EnableIRQ
                0x0000000008003b20       0x3c ./Drivers/STM32G4xx_HAL_Driver/Src/stm32g4xx_hal_cortex.o
 .text.__NVIC_SetPriority
                0x0000000008003b5c       0x54 ./Drivers/STM32G4xx_HAL_Driver/Src/stm32g4xx_hal_cortex.o
 .text.NVIC_EncodePriority
                0x0000000008003bb0       0x66 ./Drivers/STM32G4xx_HAL_Driver/Src/stm32g4xx_hal_cortex.o
 *fill*         0x0000000008003c16        0x2 
 .text.SysTick_Config
                0x0000000008003c18       0x44 ./Drivers/STM32G4xx_HAL_Driver/Src/stm32g4xx_hal_cortex.o
 .text.HAL_NVIC_SetPriorityGrouping
                0x0000000008003c5c       0x16 ./Drivers/STM32G4xx_HAL_Driver/Src/stm32g4xx_hal_cortex.o
                0x0000000008003c5c                HAL_NVIC_SetPriorityGrouping
 .text.HAL_NVIC_SetPriority
                0x0000000008003c72       0x34 ./Drivers/STM32G4xx_HAL_Driver/Src/stm32g4xx_hal_cortex.o
                0x0000000008003c72                HAL_NVIC_SetPriority
 .text.HAL_NVIC_EnableIRQ
                0x0000000008003ca6       0x1c ./Drivers/STM32G4xx_HAL_Driver/Src/stm32g4xx_hal_cortex.o
                0x0000000008003ca6                HAL_NVIC_EnableIRQ
 .text.HAL_SYSTICK_Config
                0x0000000008003cc2       0x18 ./Drivers/STM32G4xx_HAL_Driver/Src/stm32g4xx_hal_cortex.o
                0x0000000008003cc2                HAL_SYSTICK_Config
 *fill*         0x0000000008003cda        0x2 
 .text.HAL_DMA_Init
                0x0000000008003cdc      0x150 ./Drivers/STM32G4xx_HAL_Driver/Src/stm32g4xx_hal_dma.o
                0x0000000008003cdc                HAL_DMA_Init
 .text.HAL_DMA_Start_IT
                0x0000000008003e2c       0xf6 ./Drivers/STM32G4xx_HAL_Driver/Src/stm32g4xx_hal_dma.o
                0x0000000008003e2c                HAL_DMA_Start_IT
 .text.HAL_DMA_Abort_IT
                0x0000000008003f22       0xce ./Drivers/STM32G4xx_HAL_Driver/Src/stm32g4xx_hal_dma.o
                0x0000000008003f22                HAL_DMA_Abort_IT
 .text.HAL_DMA_IRQHandler
                0x0000000008003ff0      0x15e ./Drivers/STM32G4xx_HAL_Driver/Src/stm32g4xx_hal_dma.o
                0x0000000008003ff0                HAL_DMA_IRQHandler
 .text.HAL_DMA_GetState
                0x000000000800414e       0x1c ./Drivers/STM32G4xx_HAL_Driver/Src/stm32g4xx_hal_dma.o
                0x000000000800414e                HAL_DMA_GetState
 .text.DMA_SetConfig
                0x000000000800416a       0x7c ./Drivers/STM32G4xx_HAL_Driver/Src/stm32g4xx_hal_dma.o
 *fill*         0x00000000080041e6        0x2 
 .text.DMA_CalcDMAMUXChannelBaseAndMask
                0x00000000080041e8       0x7c ./Drivers/STM32G4xx_HAL_Driver/Src/stm32g4xx_hal_dma.o
 .text.DMA_CalcDMAMUXRequestGenBaseAndMask
                0x0000000008004264       0x48 ./Drivers/STM32G4xx_HAL_Driver/Src/stm32g4xx_hal_dma.o
 .text.HAL_GPIO_Init
                0x00000000080042ac      0x304 ./Drivers/STM32G4xx_HAL_Driver/Src/stm32g4xx_hal_gpio.o
                0x00000000080042ac                HAL_GPIO_Init
 .text.HAL_GPIO_ReadPin
                0x00000000080045b0       0x30 ./Drivers/STM32G4xx_HAL_Driver/Src/stm32g4xx_hal_gpio.o
                0x00000000080045b0                HAL_GPIO_ReadPin
 .text.HAL_GPIO_WritePin
                0x00000000080045e0       0x30 ./Drivers/STM32G4xx_HAL_Driver/Src/stm32g4xx_hal_gpio.o
                0x00000000080045e0                HAL_GPIO_WritePin
 .text.HAL_PCD_Init
                0x0000000008004610      0x1ca ./Drivers/STM32G4xx_HAL_Driver/Src/stm32g4xx_hal_pcd.o
                0x0000000008004610                HAL_PCD_Init
 .text.HAL_PCD_Start
                0x00000000080047da       0x44 ./Drivers/STM32G4xx_HAL_Driver/Src/stm32g4xx_hal_pcd.o
                0x00000000080047da                HAL_PCD_Start
 .text.HAL_PCD_IRQHandler
                0x000000000800481e      0x24e ./Drivers/STM32G4xx_HAL_Driver/Src/stm32g4xx_hal_pcd.o
                0x000000000800481e                HAL_PCD_IRQHandler
 .text.HAL_PCD_SetAddress
                0x0000000008004a6c       0x4a ./Drivers/STM32G4xx_HAL_Driver/Src/stm32g4xx_hal_pcd.o
                0x0000000008004a6c                HAL_PCD_SetAddress
 .text.HAL_PCD_EP_Open
                0x0000000008004ab6       0xcc ./Drivers/STM32G4xx_HAL_Driver/Src/stm32g4xx_hal_pcd.o
                0x0000000008004ab6                HAL_PCD_EP_Open
 .text.HAL_PCD_EP_Close
                0x0000000008004b82       0x90 ./Drivers/STM32G4xx_HAL_Driver/Src/stm32g4xx_hal_pcd.o
                0x0000000008004b82                HAL_PCD_EP_Close
 .text.HAL_PCD_EP_Receive
                0x0000000008004c12       0x7a ./Drivers/STM32G4xx_HAL_Driver/Src/stm32g4xx_hal_pcd.o
                0x0000000008004c12                HAL_PCD_EP_Receive
 .text.HAL_PCD_EP_Transmit
                0x0000000008004c8c       0x86 ./Drivers/STM32G4xx_HAL_Driver/Src/stm32g4xx_hal_pcd.o
                0x0000000008004c8c                HAL_PCD_EP_Transmit
 .text.HAL_PCD_EP_SetStall
                0x0000000008004d12       0xa4 ./Drivers/STM32G4xx_HAL_Driver/Src/stm32g4xx_hal_pcd.o
                0x0000000008004d12                HAL_PCD_EP_SetStall
 .text.HAL_PCD_EP_ClrStall
                0x0000000008004db6       0xa8 ./Drivers/STM32G4xx_HAL_Driver/Src/stm32g4xx_hal_pcd.o
                0x0000000008004db6                HAL_PCD_EP_ClrStall
 .text.PCD_EP_ISR_Handler
                0x0000000008004e5e      0x760 ./Drivers/STM32G4xx_HAL_Driver/Src/stm32g4xx_hal_pcd.o
 .text.HAL_PCD_EP_DB_Receive
                0x00000000080055be      0x212 ./Drivers/STM32G4xx_HAL_Driver/Src/stm32g4xx_hal_pcd.o
 .text.HAL_PCD_EP_DB_Transmit
                0x00000000080057d0      0x79c ./Drivers/STM32G4xx_HAL_Driver/Src/stm32g4xx_hal_pcd.o
 .text.HAL_PCDEx_PMAConfig
                0x0000000008005f6c       0x86 ./Drivers/STM32G4xx_HAL_Driver/Src/stm32g4xx_hal_pcd_ex.o
                0x0000000008005f6c                HAL_PCDEx_PMAConfig
 .text.HAL_PCDEx_ActivateLPM
                0x0000000008005ff2       0x54 ./Drivers/STM32G4xx_HAL_Driver/Src/stm32g4xx_hal_pcd_ex.o
                0x0000000008005ff2                HAL_PCDEx_ActivateLPM
 *fill*         0x0000000008006046        0x2 
 .text.HAL_PWREx_ControlVoltageScaling
                0x0000000008006048      0x148 ./Drivers/STM32G4xx_HAL_Driver/Src/stm32g4xx_hal_pwr_ex.o
                0x0000000008006048                HAL_PWREx_ControlVoltageScaling
 .text.HAL_RCC_OscConfig
                0x0000000008006190      0x630 ./Drivers/STM32G4xx_HAL_Driver/Src/stm32g4xx_hal_rcc.o
                0x0000000008006190                HAL_RCC_OscConfig
 .text.HAL_RCC_ClockConfig
                0x00000000080067c0      0x278 ./Drivers/STM32G4xx_HAL_Driver/Src/stm32g4xx_hal_rcc.o
                0x00000000080067c0                HAL_RCC_ClockConfig
 .text.HAL_RCC_GetSysClockFreq
                0x0000000008006a38       0xc4 ./Drivers/STM32G4xx_HAL_Driver/Src/stm32g4xx_hal_rcc.o
                0x0000000008006a38                HAL_RCC_GetSysClockFreq
 .text.RCC_GetSysClockFreqFromPLLSource
                0x0000000008006afc       0x8c ./Drivers/STM32G4xx_HAL_Driver/Src/stm32g4xx_hal_rcc.o
 .text.HAL_RCCEx_PeriphCLKConfig
                0x0000000008006b88      0x478 ./Drivers/STM32G4xx_HAL_Driver/Src/stm32g4xx_hal_rcc_ex.o
                0x0000000008006b88                HAL_RCCEx_PeriphCLKConfig
 .text.HAL_RNG_Init
                0x0000000008007000       0x6a ./Drivers/STM32G4xx_HAL_Driver/Src/stm32g4xx_hal_rng.o
                0x0000000008007000                HAL_RNG_Init
 .text.HAL_RNG_GenerateRandomNumber
                0x000000000800706a       0xac ./Drivers/STM32G4xx_HAL_Driver/Src/stm32g4xx_hal_rng.o
                0x000000000800706a                HAL_RNG_GenerateRandomNumber
 .text.HAL_SPI_Init
                0x0000000008007116      0x156 ./Drivers/STM32G4xx_HAL_Driver/Src/stm32g4xx_hal_spi.o
                0x0000000008007116                HAL_SPI_Init
 .text.HAL_SPI_Transmit
                0x000000000800726c      0x2dc ./Drivers/STM32G4xx_HAL_Driver/Src/stm32g4xx_hal_spi.o
                0x000000000800726c                HAL_SPI_Transmit
 .text.HAL_SPI_Receive
                0x0000000008007548      0x260 ./Drivers/STM32G4xx_HAL_Driver/Src/stm32g4xx_hal_spi.o
                0x0000000008007548                HAL_SPI_Receive
 .text.HAL_SPI_TransmitReceive
                0x00000000080077a8      0x426 ./Drivers/STM32G4xx_HAL_Driver/Src/stm32g4xx_hal_spi.o
                0x00000000080077a8                HAL_SPI_TransmitReceive
 *fill*         0x0000000008007bce        0x2 
 .text.SPI_WaitFlagStateUntilTimeout
                0x0000000008007bd0      0x110 ./Drivers/STM32G4xx_HAL_Driver/Src/stm32g4xx_hal_spi.o
 .text.SPI_WaitFifoStateUntilTimeout
                0x0000000008007ce0      0x12c ./Drivers/STM32G4xx_HAL_Driver/Src/stm32g4xx_hal_spi.o
 .text.SPI_EndRxTransaction
                0x0000000008007e0c       0xb0 ./Drivers/STM32G4xx_HAL_Driver/Src/stm32g4xx_hal_spi.o
 .text.SPI_EndRxTxTransaction
                0x0000000008007ebc       0x8c ./Drivers/STM32G4xx_HAL_Driver/Src/stm32g4xx_hal_spi.o
 .text.HAL_TIM_Base_Init
                0x0000000008007f48       0xae ./Drivers/STM32G4xx_HAL_Driver/Src/stm32g4xx_hal_tim.o
                0x0000000008007f48                HAL_TIM_Base_Init
 .text.HAL_TIM_PWM_Init
                0x0000000008007ff6       0xae ./Drivers/STM32G4xx_HAL_Driver/Src/stm32g4xx_hal_tim.o
                0x0000000008007ff6                HAL_TIM_PWM_Init
 .text.HAL_TIM_PWM_MspInit
                0x00000000080080a4       0x14 ./Drivers/STM32G4xx_HAL_Driver/Src/stm32g4xx_hal_tim.o
                0x00000000080080a4                HAL_TIM_PWM_MspInit
 .text.HAL_TIM_PWM_Start_DMA
                0x00000000080080b8      0x448 ./Drivers/STM32G4xx_HAL_Driver/Src/stm32g4xx_hal_tim.o
                0x00000000080080b8                HAL_TIM_PWM_Start_DMA
 .text.HAL_TIM_PWM_Stop_DMA
                0x0000000008008500      0x1fc ./Drivers/STM32G4xx_HAL_Driver/Src/stm32g4xx_hal_tim.o
                0x0000000008008500                HAL_TIM_PWM_Stop_DMA
 .text.HAL_TIM_IRQHandler
                0x00000000080086fc      0x2fe ./Drivers/STM32G4xx_HAL_Driver/Src/stm32g4xx_hal_tim.o
                0x00000000080086fc                HAL_TIM_IRQHandler
 *fill*         0x00000000080089fa        0x2 
 .text.HAL_TIM_PWM_ConfigChannel
                0x00000000080089fc      0x228 ./Drivers/STM32G4xx_HAL_Driver/Src/stm32g4xx_hal_tim.o
                0x00000000080089fc                HAL_TIM_PWM_ConfigChannel
 .text.HAL_TIM_ConfigClockSource
                0x0000000008008c24      0x208 ./Drivers/STM32G4xx_HAL_Driver/Src/stm32g4xx_hal_tim.o
                0x0000000008008c24                HAL_TIM_ConfigClockSource
 .text.HAL_TIM_PeriodElapsedCallback
                0x0000000008008e2c       0x14 ./Drivers/STM32G4xx_HAL_Driver/Src/stm32g4xx_hal_tim.o
                0x0000000008008e2c                HAL_TIM_PeriodElapsedCallback
 .text.HAL_TIM_OC_DelayElapsedCallback
                0x0000000008008e40       0x14 ./Drivers/STM32G4xx_HAL_Driver/Src/stm32g4xx_hal_tim.o
                0x0000000008008e40                HAL_TIM_OC_DelayElapsedCallback
 .text.HAL_TIM_IC_CaptureCallback
                0x0000000008008e54       0x14 ./Drivers/STM32G4xx_HAL_Driver/Src/stm32g4xx_hal_tim.o
                0x0000000008008e54                HAL_TIM_IC_CaptureCallback
 .text.HAL_TIM_PWM_PulseFinishedCallback
                0x0000000008008e68       0x14 ./Drivers/STM32G4xx_HAL_Driver/Src/stm32g4xx_hal_tim.o
                0x0000000008008e68                HAL_TIM_PWM_PulseFinishedCallback
 .text.HAL_TIM_PWM_PulseFinishedHalfCpltCallback
                0x0000000008008e7c       0x14 ./Drivers/STM32G4xx_HAL_Driver/Src/stm32g4xx_hal_tim.o
                0x0000000008008e7c                HAL_TIM_PWM_PulseFinishedHalfCpltCallback
 .text.HAL_TIM_TriggerCallback
                0x0000000008008e90       0x14 ./Drivers/STM32G4xx_HAL_Driver/Src/stm32g4xx_hal_tim.o
                0x0000000008008e90                HAL_TIM_TriggerCallback
 .text.HAL_TIM_ErrorCallback
                0x0000000008008ea4       0x14 ./Drivers/STM32G4xx_HAL_Driver/Src/stm32g4xx_hal_tim.o
                0x0000000008008ea4                HAL_TIM_ErrorCallback
 .text.TIM_DMAError
                0x0000000008008eb8       0x92 ./Drivers/STM32G4xx_HAL_Driver/Src/stm32g4xx_hal_tim.o
                0x0000000008008eb8                TIM_DMAError
 .text.TIM_DMADelayPulseCplt
                0x0000000008008f4a       0xa8 ./Drivers/STM32G4xx_HAL_Driver/Src/stm32g4xx_hal_tim.o
 .text.TIM_DMADelayPulseHalfCplt
                0x0000000008008ff2       0x68 ./Drivers/STM32G4xx_HAL_Driver/Src/stm32g4xx_hal_tim.o
                0x0000000008008ff2                TIM_DMADelayPulseHalfCplt
 *fill*         0x000000000800905a        0x2 
 .text.TIM_Base_SetConfig
                0x000000000800905c      0x13c ./Drivers/STM32G4xx_HAL_Driver/Src/stm32g4xx_hal_tim.o
                0x000000000800905c                TIM_Base_SetConfig
 .text.TIM_OC1_SetConfig
                0x0000000008009198      0x134 ./Drivers/STM32G4xx_HAL_Driver/Src/stm32g4xx_hal_tim.o
 .text.TIM_OC2_SetConfig
                0x00000000080092cc      0x128 ./Drivers/STM32G4xx_HAL_Driver/Src/stm32g4xx_hal_tim.o
                0x00000000080092cc                TIM_OC2_SetConfig
 .text.TIM_OC3_SetConfig
                0x00000000080093f4      0x124 ./Drivers/STM32G4xx_HAL_Driver/Src/stm32g4xx_hal_tim.o
 .text.TIM_OC4_SetConfig
                0x0000000008009518      0x128 ./Drivers/STM32G4xx_HAL_Driver/Src/stm32g4xx_hal_tim.o
 .text.TIM_OC5_SetConfig
                0x0000000008009640       0xd4 ./Drivers/STM32G4xx_HAL_Driver/Src/stm32g4xx_hal_tim.o
 .text.TIM_OC6_SetConfig
                0x0000000008009714       0xd8 ./Drivers/STM32G4xx_HAL_Driver/Src/stm32g4xx_hal_tim.o
 .text.TIM_TI1_ConfigInputStage
                0x00000000080097ec       0x5e ./Drivers/STM32G4xx_HAL_Driver/Src/stm32g4xx_hal_tim.o
 .text.TIM_TI2_ConfigInputStage
                0x000000000800984a       0x60 ./Drivers/STM32G4xx_HAL_Driver/Src/stm32g4xx_hal_tim.o
 .text.TIM_ITRx_SetConfig
                0x00000000080098aa       0x3a ./Drivers/STM32G4xx_HAL_Driver/Src/stm32g4xx_hal_tim.o
 .text.TIM_ETR_SetConfig
                0x00000000080098e4       0x40 ./Drivers/STM32G4xx_HAL_Driver/Src/stm32g4xx_hal_tim.o
                0x00000000080098e4                TIM_ETR_SetConfig
 .text.TIM_CCxChannelCmd
                0x0000000008009924       0x4a ./Drivers/STM32G4xx_HAL_Driver/Src/stm32g4xx_hal_tim.o
                0x0000000008009924                TIM_CCxChannelCmd
 *fill*         0x000000000800996e        0x2 
 .text.HAL_TIMEx_MasterConfigSynchronization
                0x0000000008009970      0x11c ./Drivers/STM32G4xx_HAL_Driver/Src/stm32g4xx_hal_tim_ex.o
                0x0000000008009970                HAL_TIMEx_MasterConfigSynchronization
 .text.HAL_TIMEx_ConfigBreakDeadTime
                0x0000000008009a8c      0x164 ./Drivers/STM32G4xx_HAL_Driver/Src/stm32g4xx_hal_tim_ex.o
                0x0000000008009a8c                HAL_TIMEx_ConfigBreakDeadTime
 .text.HAL_TIMEx_CommutCallback
                0x0000000008009bf0       0x14 ./Drivers/STM32G4xx_HAL_Driver/Src/stm32g4xx_hal_tim_ex.o
                0x0000000008009bf0                HAL_TIMEx_CommutCallback
 .text.HAL_TIMEx_BreakCallback
                0x0000000008009c04       0x14 ./Drivers/STM32G4xx_HAL_Driver/Src/stm32g4xx_hal_tim_ex.o
                0x0000000008009c04                HAL_TIMEx_BreakCallback
 .text.HAL_TIMEx_Break2Callback
                0x0000000008009c18       0x14 ./Drivers/STM32G4xx_HAL_Driver/Src/stm32g4xx_hal_tim_ex.o
                0x0000000008009c18                HAL_TIMEx_Break2Callback
 .text.HAL_TIMEx_EncoderIndexCallback
                0x0000000008009c2c       0x14 ./Drivers/STM32G4xx_HAL_Driver/Src/stm32g4xx_hal_tim_ex.o
                0x0000000008009c2c                HAL_TIMEx_EncoderIndexCallback
 .text.HAL_TIMEx_DirectionChangeCallback
                0x0000000008009c40       0x14 ./Drivers/STM32G4xx_HAL_Driver/Src/stm32g4xx_hal_tim_ex.o
                0x0000000008009c40                HAL_TIMEx_DirectionChangeCallback
 .text.HAL_TIMEx_IndexErrorCallback
                0x0000000008009c54       0x14 ./Drivers/STM32G4xx_HAL_Driver/Src/stm32g4xx_hal_tim_ex.o
                0x0000000008009c54                HAL_TIMEx_IndexErrorCallback
 .text.HAL_TIMEx_TransitionErrorCallback
                0x0000000008009c68       0x14 ./Drivers/STM32G4xx_HAL_Driver/Src/stm32g4xx_hal_tim_ex.o
                0x0000000008009c68                HAL_TIMEx_TransitionErrorCallback
 .text.USB_EnableGlobalInt
                0x0000000008009c7c       0x2e ./Drivers/STM32G4xx_HAL_Driver/Src/stm32g4xx_ll_usb.o
                0x0000000008009c7c                USB_EnableGlobalInt
 .text.USB_DisableGlobalInt
                0x0000000008009caa       0x36 ./Drivers/STM32G4xx_HAL_Driver/Src/stm32g4xx_ll_usb.o
                0x0000000008009caa                USB_DisableGlobalInt
 .text.USB_DevInit
                0x0000000008009ce0       0x42 ./Drivers/STM32G4xx_HAL_Driver/Src/stm32g4xx_ll_usb.o
                0x0000000008009ce0                USB_DevInit
 *fill*         0x0000000008009d22        0x2 
 .text.USB_ActivateEndpoint
                0x0000000008009d24      0x728 ./Drivers/STM32G4xx_HAL_Driver/Src/stm32g4xx_ll_usb.o
                0x0000000008009d24                USB_ActivateEndpoint
 .text.USB_DeactivateEndpoint
                0x000000000800a44c      0x3da ./Drivers/STM32G4xx_HAL_Driver/Src/stm32g4xx_ll_usb.o
                0x000000000800a44c                USB_DeactivateEndpoint
 .text.USB_EPStartXfer
                0x000000000800a826     0x166c ./Drivers/STM32G4xx_HAL_Driver/Src/stm32g4xx_ll_usb.o
                0x000000000800a826                USB_EPStartXfer
 .text.USB_EPSetStall
                0x000000000800be92       0xa2 ./Drivers/STM32G4xx_HAL_Driver/Src/stm32g4xx_ll_usb.o
                0x000000000800be92                USB_EPSetStall
 .text.USB_EPClearStall
                0x000000000800bf34      0x15c ./Drivers/STM32G4xx_HAL_Driver/Src/stm32g4xx_ll_usb.o
                0x000000000800bf34                USB_EPClearStall
 .text.USB_SetDevAddress
                0x000000000800c090       0x28 ./Drivers/STM32G4xx_HAL_Driver/Src/stm32g4xx_ll_usb.o
                0x000000000800c090                USB_SetDevAddress
 .text.USB_DevConnect
                0x000000000800c0b8       0x2e ./Drivers/STM32G4xx_HAL_Driver/Src/stm32g4xx_ll_usb.o
                0x000000000800c0b8                USB_DevConnect
 .text.USB_ReadInterrupts
                0x000000000800c0e6       0x20 ./Drivers/STM32G4xx_HAL_Driver/Src/stm32g4xx_ll_usb.o
                0x000000000800c0e6                USB_ReadInterrupts
 .text.USB_WritePMA
                0x000000000800c106       0x84 ./Drivers/STM32G4xx_HAL_Driver/Src/stm32g4xx_ll_usb.o
                0x000000000800c106                USB_WritePMA
 .text.USB_ReadPMA
                0x000000000800c18a       0x98 ./Drivers/STM32G4xx_HAL_Driver/Src/stm32g4xx_ll_usb.o
                0x000000000800c18a                USB_ReadPMA
 .text.USBD_HID_Init
                0x000000000800c222       0x66 ./Middlewares/ST/STM32_USB_Device_Library/Class/HID/Src/usbd_hid.o
 .text.USBD_HID_DeInit
                0x000000000800c288       0x48 ./Middlewares/ST/STM32_USB_Device_Library/Class/HID/Src/usbd_hid.o
 .text.USBD_HID_Setup
                0x000000000800c2d0      0x208 ./Middlewares/ST/STM32_USB_Device_Library/Class/HID/Src/usbd_hid.o
 .text.USBD_HID_GetFSCfgDesc
                0x000000000800c4d8       0x20 ./Middlewares/ST/STM32_USB_Device_Library/Class/HID/Src/usbd_hid.o
 .text.USBD_HID_GetHSCfgDesc
                0x000000000800c4f8       0x20 ./Middlewares/ST/STM32_USB_Device_Library/Class/HID/Src/usbd_hid.o
 .text.USBD_HID_GetOtherSpeedCfgDesc
                0x000000000800c518       0x20 ./Middlewares/ST/STM32_USB_Device_Library/Class/HID/Src/usbd_hid.o
 .text.USBD_HID_DataIn
                0x000000000800c538       0x24 ./Middlewares/ST/STM32_USB_Device_Library/Class/HID/Src/usbd_hid.o
 .text.USBD_HID_GetDeviceQualifierDesc
                0x000000000800c55c       0x20 ./Middlewares/ST/STM32_USB_Device_Library/Class/HID/Src/usbd_hid.o
 .text.USBD_Init
                0x000000000800c57c       0x60 ./Middlewares/ST/STM32_USB_Device_Library/Core/Src/usbd_core.o
                0x000000000800c57c                USBD_Init
 .text.USBD_RegisterClass
                0x000000000800c5dc       0x4e ./Middlewares/ST/STM32_USB_Device_Library/Core/Src/usbd_core.o
                0x000000000800c5dc                USBD_RegisterClass
 .text.USBD_Start
                0x000000000800c62a       0x18 ./Middlewares/ST/STM32_USB_Device_Library/Core/Src/usbd_core.o
                0x000000000800c62a                USBD_Start
 .text.USBD_RunTestMode
                0x000000000800c642       0x16 ./Middlewares/ST/STM32_USB_Device_Library/Core/Src/usbd_core.o
                0x000000000800c642                USBD_RunTestMode
 .text.USBD_SetClassConfig
                0x000000000800c658       0x38 ./Middlewares/ST/STM32_USB_Device_Library/Core/Src/usbd_core.o
                0x000000000800c658                USBD_SetClassConfig
 .text.USBD_ClrClassConfig
                0x000000000800c690       0x30 ./Middlewares/ST/STM32_USB_Device_Library/Core/Src/usbd_core.o
                0x000000000800c690                USBD_ClrClassConfig
 .text.USBD_LL_SetupStage
                0x000000000800c6c0       0xaa ./Middlewares/ST/STM32_USB_Device_Library/Core/Src/usbd_core.o
                0x000000000800c6c0                USBD_LL_SetupStage
 .text.USBD_LL_DataOutStage
                0x000000000800c76a       0xc6 ./Middlewares/ST/STM32_USB_Device_Library/Core/Src/usbd_core.o
                0x000000000800c76a                USBD_LL_DataOutStage
 .text.USBD_LL_DataInStage
                0x000000000800c830      0x12c ./Middlewares/ST/STM32_USB_Device_Library/Core/Src/usbd_core.o
                0x000000000800c830                USBD_LL_DataInStage
 .text.USBD_LL_Reset
                0x000000000800c95c       0x9c ./Middlewares/ST/STM32_USB_Device_Library/Core/Src/usbd_core.o
                0x000000000800c95c                USBD_LL_Reset
 .text.USBD_LL_SetSpeed
                0x000000000800c9f8       0x20 ./Middlewares/ST/STM32_USB_Device_Library/Core/Src/usbd_core.o
                0x000000000800c9f8                USBD_LL_SetSpeed
 .text.USBD_LL_Suspend
                0x000000000800ca18       0x2c ./Middlewares/ST/STM32_USB_Device_Library/Core/Src/usbd_core.o
                0x000000000800ca18                USBD_LL_Suspend
 .text.USBD_LL_Resume
                0x000000000800ca44       0x30 ./Middlewares/ST/STM32_USB_Device_Library/Core/Src/usbd_core.o
                0x000000000800ca44                USBD_LL_Resume
 .text.USBD_LL_SOF
                0x000000000800ca74       0x44 ./Middlewares/ST/STM32_USB_Device_Library/Core/Src/usbd_core.o
                0x000000000800ca74                USBD_LL_SOF
 .text.SWAPBYTE
                0x000000000800cab8       0x3c ./Middlewares/ST/STM32_USB_Device_Library/Core/Src/usbd_ctlreq.o
 .text.USBD_StdDevReq
                0x000000000800caf4       0xdc ./Middlewares/ST/STM32_USB_Device_Library/Core/Src/usbd_ctlreq.o
                0x000000000800caf4                USBD_StdDevReq
 .text.USBD_StdItfReq
                0x000000000800cbd0       0x92 ./Middlewares/ST/STM32_USB_Device_Library/Core/Src/usbd_ctlreq.o
                0x000000000800cbd0                USBD_StdItfReq
 .text.USBD_StdEPReq
                0x000000000800cc62      0x2c4 ./Middlewares/ST/STM32_USB_Device_Library/Core/Src/usbd_ctlreq.o
                0x000000000800cc62                USBD_StdEPReq
 *fill*         0x000000000800cf26        0x2 
 .text.USBD_GetDescriptor
                0x000000000800cf28      0x328 ./Middlewares/ST/STM32_USB_Device_Library/Core/Src/usbd_ctlreq.o
 .text.USBD_SetAddress
                0x000000000800d250       0x88 ./Middlewares/ST/STM32_USB_Device_Library/Core/Src/usbd_ctlreq.o
 .text.USBD_SetConfig
                0x000000000800d2d8      0x14c ./Middlewares/ST/STM32_USB_Device_Library/Core/Src/usbd_ctlreq.o
 .text.USBD_GetConfig
                0x000000000800d424       0x6c ./Middlewares/ST/STM32_USB_Device_Library/Core/Src/usbd_ctlreq.o
 .text.USBD_GetStatus
                0x000000000800d490       0x68 ./Middlewares/ST/STM32_USB_Device_Library/Core/Src/usbd_ctlreq.o
 .text.USBD_SetFeature
                0x000000000800d4f8       0x28 ./Middlewares/ST/STM32_USB_Device_Library/Core/Src/usbd_ctlreq.o
 .text.USBD_ClrFeature
                0x000000000800d520       0x44 ./Middlewares/ST/STM32_USB_Device_Library/Core/Src/usbd_ctlreq.o
 .text.USBD_ParseSetupRequest
                0x000000000800d564       0x74 ./Middlewares/ST/STM32_USB_Device_Library/Core/Src/usbd_ctlreq.o
                0x000000000800d564                USBD_ParseSetupRequest
 .text.USBD_CtlError
                0x000000000800d5d8       0x22 ./Middlewares/ST/STM32_USB_Device_Library/Core/Src/usbd_ctlreq.o
                0x000000000800d5d8                USBD_CtlError
 .text.USBD_GetString
                0x000000000800d5fa       0x8c ./Middlewares/ST/STM32_USB_Device_Library/Core/Src/usbd_ctlreq.o
                0x000000000800d5fa                USBD_GetString
 .text.USBD_GetLen
                0x000000000800d686       0x34 ./Middlewares/ST/STM32_USB_Device_Library/Core/Src/usbd_ctlreq.o
 .text.USBD_CtlSendData
                0x000000000800d6ba       0x36 ./Middlewares/ST/STM32_USB_Device_Library/Core/Src/usbd_ioreq.o
                0x000000000800d6ba                USBD_CtlSendData
 .text.USBD_CtlContinueSendData
                0x000000000800d6f0       0x22 ./Middlewares/ST/STM32_USB_Device_Library/Core/Src/usbd_ioreq.o
                0x000000000800d6f0                USBD_CtlContinueSendData
 .text.USBD_CtlContinueRx
                0x000000000800d712       0x22 ./Middlewares/ST/STM32_USB_Device_Library/Core/Src/usbd_ioreq.o
                0x000000000800d712                USBD_CtlContinueRx
 .text.USBD_CtlSendStatus
                0x000000000800d734       0x26 ./Middlewares/ST/STM32_USB_Device_Library/Core/Src/usbd_ioreq.o
                0x000000000800d734                USBD_CtlSendStatus
 .text.USBD_CtlReceiveStatus
                0x000000000800d75a       0x26 ./Middlewares/ST/STM32_USB_Device_Library/Core/Src/usbd_ioreq.o
                0x000000000800d75a                USBD_CtlReceiveStatus
 .text.MX_USB_Device_Init
                0x000000000800d780       0x4c ./USB_Device/App/usb_device.o
                0x000000000800d780                MX_USB_Device_Init
 .text.USBD_HID_DeviceDescriptor
                0x000000000800d7cc       0x24 ./USB_Device/App/usbd_desc.o
                0x000000000800d7cc                USBD_HID_DeviceDescriptor
 .text.USBD_HID_LangIDStrDescriptor
                0x000000000800d7f0       0x24 ./USB_Device/App/usbd_desc.o
                0x000000000800d7f0                USBD_HID_LangIDStrDescriptor
 .text.USBD_HID_ProductStrDescriptor
                0x000000000800d814       0x3c ./USB_Device/App/usbd_desc.o
                0x000000000800d814                USBD_HID_ProductStrDescriptor
 .text.USBD_HID_ManufacturerStrDescriptor
                0x000000000800d850       0x28 ./USB_Device/App/usbd_desc.o
                0x000000000800d850                USBD_HID_ManufacturerStrDescriptor
 .text.USBD_HID_SerialStrDescriptor
                0x000000000800d878       0x24 ./USB_Device/App/usbd_desc.o
                0x000000000800d878                USBD_HID_SerialStrDescriptor
 .text.USBD_HID_ConfigStrDescriptor
                0x000000000800d89c       0x3c ./USB_Device/App/usbd_desc.o
                0x000000000800d89c                USBD_HID_ConfigStrDescriptor
 .text.USBD_HID_InterfaceStrDescriptor
                0x000000000800d8d8       0x3c ./USB_Device/App/usbd_desc.o
                0x000000000800d8d8                USBD_HID_InterfaceStrDescriptor
 .text.Get_SerialNum
                0x000000000800d914       0x58 ./USB_Device/App/usbd_desc.o
 .text.IntToUnicode
                0x000000000800d96c       0x7e ./USB_Device/App/usbd_desc.o
 *fill*         0x000000000800d9ea        0x2 
 .text.HAL_PCD_MspInit
                0x000000000800d9ec       0x68 ./USB_Device/Target/usbd_conf.o
                0x000000000800d9ec                HAL_PCD_MspInit
 .text.HAL_PCD_SetupStageCallback
                0x000000000800da54       0x24 ./USB_Device/Target/usbd_conf.o
                0x000000000800da54                HAL_PCD_SetupStageCallback
 .text.HAL_PCD_DataOutStageCallback
                0x000000000800da78       0x36 ./USB_Device/Target/usbd_conf.o
                0x000000000800da78                HAL_PCD_DataOutStageCallback
 .text.HAL_PCD_DataInStageCallback
                0x000000000800daae       0x34 ./USB_Device/Target/usbd_conf.o
                0x000000000800daae                HAL_PCD_DataInStageCallback
 .text.HAL_PCD_SOFCallback
                0x000000000800dae2       0x1c ./USB_Device/Target/usbd_conf.o
                0x000000000800dae2                HAL_PCD_SOFCallback
 .text.HAL_PCD_ResetCallback
                0x000000000800dafe       0x3c ./USB_Device/Target/usbd_conf.o
                0x000000000800dafe                HAL_PCD_ResetCallback
 *fill*         0x000000000800db3a        0x2 
 .text.HAL_PCD_SuspendCallback
                0x000000000800db3c       0x34 ./USB_Device/Target/usbd_conf.o
                0x000000000800db3c                HAL_PCD_SuspendCallback
 .text.HAL_PCD_ResumeCallback
                0x000000000800db70       0x38 ./USB_Device/Target/usbd_conf.o
                0x000000000800db70                HAL_PCD_ResumeCallback
 .text.USBD_LL_Init
                0x000000000800dba8       0x9c ./USB_Device/Target/usbd_conf.o
                0x000000000800dba8                USBD_LL_Init
 .text.USBD_LL_Start
                0x000000000800dc44       0x36 ./USB_Device/Target/usbd_conf.o
                0x000000000800dc44                USBD_LL_Start
 .text.USBD_LL_OpenEP
                0x000000000800dc7a       0x4c ./USB_Device/Target/usbd_conf.o
                0x000000000800dc7a                USBD_LL_OpenEP
 .text.USBD_LL_CloseEP
                0x000000000800dcc6       0x3e ./USB_Device/Target/usbd_conf.o
                0x000000000800dcc6                USBD_LL_CloseEP
 .text.USBD_LL_StallEP
                0x000000000800dd04       0x3e ./USB_Device/Target/usbd_conf.o
                0x000000000800dd04                USBD_LL_StallEP
 .text.USBD_LL_ClearStallEP
                0x000000000800dd42       0x3e ./USB_Device/Target/usbd_conf.o
                0x000000000800dd42                USBD_LL_ClearStallEP
 .text.USBD_LL_IsStallEP
                0x000000000800dd80       0x5a ./USB_Device/Target/usbd_conf.o
                0x000000000800dd80                USBD_LL_IsStallEP
 .text.USBD_LL_SetUSBAddress
                0x000000000800ddda       0x3e ./USB_Device/Target/usbd_conf.o
                0x000000000800ddda                USBD_LL_SetUSBAddress
 .text.USBD_LL_Transmit
                0x000000000800de18       0x42 ./USB_Device/Target/usbd_conf.o
                0x000000000800de18                USBD_LL_Transmit
 .text.USBD_LL_PrepareReceive
                0x000000000800de5a       0x42 ./USB_Device/Target/usbd_conf.o
                0x000000000800de5a                USBD_LL_PrepareReceive
 .text.HAL_PCDEx_LPM_Callback
                0x000000000800de9c       0x6c ./USB_Device/Target/usbd_conf.o
                0x000000000800de9c                HAL_PCDEx_LPM_Callback
 .text.USBD_static_malloc
                0x000000000800df08       0x1c ./USB_Device/Target/usbd_conf.o
                0x000000000800df08                USBD_static_malloc
 .text.USBD_static_free
                0x000000000800df24       0x14 ./USB_Device/Target/usbd_conf.o
                0x000000000800df24                USBD_static_free
 .text.SystemClockConfig_Resume
                0x000000000800df38        0xc ./USB_Device/Target/usbd_conf.o
 .text.USBD_Get_USB_Status
                0x000000000800df44       0x58 ./USB_Device/Target/usbd_conf.o
 .text.__errno  0x000000000800df9c        0xc c:/st/stm32cubeide_1.7.0/stm32cubeide/plugins/com.st.stm32cube.ide.mcu.externaltools.gnu-tools-for-stm32.10.3-2021.10.win32_1.0.200.202301161003/tools/bin/../lib/gcc/arm-none-eabi/10.3.1/../../../../arm-none-eabi/lib/thumb/v7e-m+fp/hard\libc_nano.a(lib_a-errno.o)
                0x000000000800df9c                __errno
 .text.__libc_init_array
                0x000000000800dfa8       0x48 c:/st/stm32cubeide_1.7.0/stm32cubeide/plugins/com.st.stm32cube.ide.mcu.externaltools.gnu-tools-for-stm32.10.3-2021.10.win32_1.0.200.202301161003/tools/bin/../lib/gcc/arm-none-eabi/10.3.1/../../../../arm-none-eabi/lib/thumb/v7e-m+fp/hard\libc_nano.a(lib_a-init.o)
                0x000000000800dfa8                __libc_init_array
 .text.memset   0x000000000800dff0       0x10 c:/st/stm32cubeide_1.7.0/stm32cubeide/plugins/com.st.stm32cube.ide.mcu.externaltools.gnu-tools-for-stm32.10.3-2021.10.win32_1.0.200.202301161003/tools/bin/../lib/gcc/arm-none-eabi/10.3.1/../../../../arm-none-eabi/lib/thumb/v7e-m+fp/hard\libc_nano.a(lib_a-memset.o)
                0x000000000800dff0                memset
 .text.sprintf  0x000000000800e000       0x40 c:/st/stm32cubeide_1.7.0/stm32cubeide/plugins/com.st.stm32cube.ide.mcu.externaltools.gnu-tools-for-stm32.10.3-2021.10.win32_1.0.200.202301161003/tools/bin/../lib/gcc/arm-none-eabi/10.3.1/../../../../arm-none-eabi/lib/thumb/v7e-m+fp/hard\libc_nano.a(lib_a-sprintf.o)
                0x000000000800e000                siprintf
                0x000000000800e000                sprintf
 .text.__ssputs_r
                0x000000000800e040       0xb6 c:/st/stm32cubeide_1.7.0/stm32cubeide/plugins/com.st.stm32cube.ide.mcu.externaltools.gnu-tools-for-stm32.10.3-2021.10.win32_1.0.200.202301161003/tools/bin/../lib/gcc/arm-none-eabi/10.3.1/../../../../arm-none-eabi/lib/thumb/v7e-m+fp/hard\libc_nano.a(lib_a-nano-svfprintf.o)
                0x000000000800e040                __ssputs_r
 *fill*         0x000000000800e0f6        0x2 
 .text._svfprintf_r
                0x000000000800e0f8      0x200 c:/st/stm32cubeide_1.7.0/stm32cubeide/plugins/com.st.stm32cube.ide.mcu.externaltools.gnu-tools-for-stm32.10.3-2021.10.win32_1.0.200.202301161003/tools/bin/../lib/gcc/arm-none-eabi/10.3.1/../../../../arm-none-eabi/lib/thumb/v7e-m+fp/hard\libc_nano.a(lib_a-nano-svfprintf.o)
                0x000000000800e0f8                _svfiprintf_r
                0x000000000800e0f8                _svfprintf_r
 .text._printf_common
                0x000000000800e2f8       0xda c:/st/stm32cubeide_1.7.0/stm32cubeide/plugins/com.st.stm32cube.ide.mcu.externaltools.gnu-tools-for-stm32.10.3-2021.10.win32_1.0.200.202301161003/tools/bin/../lib/gcc/arm-none-eabi/10.3.1/../../../../arm-none-eabi/lib/thumb/v7e-m+fp/hard\libc_nano.a(lib_a-nano-vfprintf_i.o)
                0x000000000800e2f8                _printf_common
 *fill*         0x000000000800e3d2        0x2 
 .text._printf_i
                0x000000000800e3d4      0x24c c:/st/stm32cubeide_1.7.0/stm32cubeide/plugins/com.st.stm32cube.ide.mcu.externaltools.gnu-tools-for-stm32.10.3-2021.10.win32_1.0.200.202301161003/tools/bin/../lib/gcc/arm-none-eabi/10.3.1/../../../../arm-none-eabi/lib/thumb/v7e-m+fp/hard\libc_nano.a(lib_a-nano-vfprintf_i.o)
                0x000000000800e3d4                _printf_i
 .text.memcpy   0x000000000800e620       0x1c c:/st/stm32cubeide_1.7.0/stm32cubeide/plugins/com.st.stm32cube.ide.mcu.externaltools.gnu-tools-for-stm32.10.3-2021.10.win32_1.0.200.202301161003/tools/bin/../lib/gcc/arm-none-eabi/10.3.1/../../../../arm-none-eabi/lib/thumb/v7e-m+fp/hard\libc_nano.a(lib_a-memcpy-stub.o)
                0x000000000800e620                memcpy
 .text.memmove  0x000000000800e63c       0x34 c:/st/stm32cubeide_1.7.0/stm32cubeide/plugins/com.st.stm32cube.ide.mcu.externaltools.gnu-tools-for-stm32.10.3-2021.10.win32_1.0.200.202301161003/tools/bin/../lib/gcc/arm-none-eabi/10.3.1/../../../../arm-none-eabi/lib/thumb/v7e-m+fp/hard\libc_nano.a(lib_a-memmove.o)
                0x000000000800e63c                memmove
 .text._free_r  0x000000000800e670       0x98 c:/st/stm32cubeide_1.7.0/stm32cubeide/plugins/com.st.stm32cube.ide.mcu.externaltools.gnu-tools-for-stm32.10.3-2021.10.win32_1.0.200.202301161003/tools/bin/../lib/gcc/arm-none-eabi/10.3.1/../../../../arm-none-eabi/lib/thumb/v7e-m+fp/hard\libc_nano.a(lib_a-nano-freer.o)
                0x000000000800e670                _free_r
 .text.sbrk_aligned
                0x000000000800e708       0x40 c:/st/stm32cubeide_1.7.0/stm32cubeide/plugins/com.st.stm32cube.ide.mcu.externaltools.gnu-tools-for-stm32.10.3-2021.10.win32_1.0.200.202301161003/tools/bin/../lib/gcc/arm-none-eabi/10.3.1/../../../../arm-none-eabi/lib/thumb/v7e-m+fp/hard\libc_nano.a(lib_a-nano-mallocr.o)
 .text._malloc_r
                0x000000000800e748       0xe8 c:/st/stm32cubeide_1.7.0/stm32cubeide/plugins/com.st.stm32cube.ide.mcu.externaltools.gnu-tools-for-stm32.10.3-2021.10.win32_1.0.200.202301161003/tools/bin/../lib/gcc/arm-none-eabi/10.3.1/../../../../arm-none-eabi/lib/thumb/v7e-m+fp/hard\libc_nano.a(lib_a-nano-mallocr.o)
                0x000000000800e748                _malloc_r
 .text._realloc_r
                0x000000000800e830       0x5e c:/st/stm32cubeide_1.7.0/stm32cubeide/plugins/com.st.stm32cube.ide.mcu.externaltools.gnu-tools-for-stm32.10.3-2021.10.win32_1.0.200.202301161003/tools/bin/../lib/gcc/arm-none-eabi/10.3.1/../../../../arm-none-eabi/lib/thumb/v7e-m+fp/hard\libc_nano.a(lib_a-nano-reallocr.o)
                0x000000000800e830                _realloc_r
 *fill*         0x000000000800e88e        0x2 
 .text._sbrk_r  0x000000000800e890       0x20 c:/st/stm32cubeide_1.7.0/stm32cubeide/plugins/com.st.stm32cube.ide.mcu.externaltools.gnu-tools-for-stm32.10.3-2021.10.win32_1.0.200.202301161003/tools/bin/../lib/gcc/arm-none-eabi/10.3.1/../../../../arm-none-eabi/lib/thumb/v7e-m+fp/hard\libc_nano.a(lib_a-sbrkr.o)
                0x000000000800e890                _sbrk_r
 .text.__malloc_lock
                0x000000000800e8b0        0xc c:/st/stm32cubeide_1.7.0/stm32cubeide/plugins/com.st.stm32cube.ide.mcu.externaltools.gnu-tools-for-stm32.10.3-2021.10.win32_1.0.200.202301161003/tools/bin/../lib/gcc/arm-none-eabi/10.3.1/../../../../arm-none-eabi/lib/thumb/v7e-m+fp/hard\libc_nano.a(lib_a-mlock.o)
                0x000000000800e8b0                __malloc_lock
 .text.__malloc_unlock
                0x000000000800e8bc        0xc c:/st/stm32cubeide_1.7.0/stm32cubeide/plugins/com.st.stm32cube.ide.mcu.externaltools.gnu-tools-for-stm32.10.3-2021.10.win32_1.0.200.202301161003/tools/bin/../lib/gcc/arm-none-eabi/10.3.1/../../../../arm-none-eabi/lib/thumb/v7e-m+fp/hard\libc_nano.a(lib_a-mlock.o)
                0x000000000800e8bc                __malloc_unlock
 .text._malloc_usable_size_r
                0x000000000800e8c8       0x10 c:/st/stm32cubeide_1.7.0/stm32cubeide/plugins/com.st.stm32cube.ide.mcu.externaltools.gnu-tools-for-stm32.10.3-2021.10.win32_1.0.200.202301161003/tools/bin/../lib/gcc/arm-none-eabi/10.3.1/../../../../arm-none-eabi/lib/thumb/v7e-m+fp/hard\libc_nano.a(lib_a-nano-msizer.o)
                0x000000000800e8c8                _malloc_usable_size_r
 .text.__retarget_lock_acquire_recursive
                0x000000000800e8d8        0x2 c:/st/stm32cubeide_1.7.0/stm32cubeide/plugins/com.st.stm32cube.ide.mcu.externaltools.gnu-tools-for-stm32.10.3-2021.10.win32_1.0.200.202301161003/tools/bin/../lib/gcc/arm-none-eabi/10.3.1/../../../../arm-none-eabi/lib/thumb/v7e-m+fp/hard\libc_nano.a(lib_a-lock.o)
                0x000000000800e8d8                __retarget_lock_acquire_recursive
 .text.__retarget_lock_release_recursive
                0x000000000800e8da        0x2 c:/st/stm32cubeide_1.7.0/stm32cubeide/plugins/com.st.stm32cube.ide.mcu.externaltools.gnu-tools-for-stm32.10.3-2021.10.win32_1.0.200.202301161003/tools/bin/../lib/gcc/arm-none-eabi/10.3.1/../../../../arm-none-eabi/lib/thumb/v7e-m+fp/hard\libc_nano.a(lib_a-lock.o)
                0x000000000800e8da                __retarget_lock_release_recursive
 *(.glue_7)
 .glue_7        0x000000000800e8dc        0x0 linker stubs
 *(.glue_7t)
 .glue_7t       0x000000000800e8dc        0x0 linker stubs
 *(.eh_frame)
 .eh_frame      0x000000000800e8dc        0x0 c:/st/stm32cubeide_1.7.0/stm32cubeide/plugins/com.st.stm32cube.ide.mcu.externaltools.gnu-tools-for-stm32.10.3-2021.10.win32_1.0.200.202301161003/tools/bin/../lib/gcc/arm-none-eabi/10.3.1/thumb/v7e-m+fp/hard/crtbegin.o
 *(.init)
 .init          0x000000000800e8dc        0x4 c:/st/stm32cubeide_1.7.0/stm32cubeide/plugins/com.st.stm32cube.ide.mcu.externaltools.gnu-tools-for-stm32.10.3-2021.10.win32_1.0.200.202301161003/tools/bin/../lib/gcc/arm-none-eabi/10.3.1/thumb/v7e-m+fp/hard/crti.o
                0x000000000800e8dc                _init
 .init          0x000000000800e8e0        0x8 c:/st/stm32cubeide_1.7.0/stm32cubeide/plugins/com.st.stm32cube.ide.mcu.externaltools.gnu-tools-for-stm32.10.3-2021.10.win32_1.0.200.202301161003/tools/bin/../lib/gcc/arm-none-eabi/10.3.1/thumb/v7e-m+fp/hard/crtn.o
 *(.fini)
 .fini          0x000000000800e8e8        0x4 c:/st/stm32cubeide_1.7.0/stm32cubeide/plugins/com.st.stm32cube.ide.mcu.externaltools.gnu-tools-for-stm32.10.3-2021.10.win32_1.0.200.202301161003/tools/bin/../lib/gcc/arm-none-eabi/10.3.1/thumb/v7e-m+fp/hard/crti.o
                0x000000000800e8e8                _fini
 .fini          0x000000000800e8ec        0x8 c:/st/stm32cubeide_1.7.0/stm32cubeide/plugins/com.st.stm32cube.ide.mcu.externaltools.gnu-tools-for-stm32.10.3-2021.10.win32_1.0.200.202301161003/tools/bin/../lib/gcc/arm-none-eabi/10.3.1/thumb/v7e-m+fp/hard/crtn.o
                0x000000000800e8f4                . = ALIGN (0x4)
                0x000000000800e8f4                _etext = .

.vfp11_veneer   0x000000000800e8f4        0x0
 .vfp11_veneer  0x000000000800e8f4        0x0 linker stubs

.v4_bx          0x000000000800e8f4        0x0
 .v4_bx         0x000000000800e8f4        0x0 linker stubs

.iplt           0x000000000800e8f4        0x0
 .iplt          0x000000000800e8f4        0x0 c:/st/stm32cubeide_1.7.0/stm32cubeide/plugins/com.st.stm32cube.ide.mcu.externaltools.gnu-tools-for-stm32.10.3-2021.10.win32_1.0.200.202301161003/tools/bin/../lib/gcc/arm-none-eabi/10.3.1/thumb/v7e-m+fp/hard/crtbegin.o

.rodata         0x000000000800e8f4      0x514
                0x000000000800e8f4                . = ALIGN (0x4)
 *(.rodata)
 .rodata        0x000000000800e8f4       0x34 ./Application/Supp/Supp.o
 .rodata        0x000000000800e928       0x2a ./USB_Device/App/usbd_desc.o
 *(.rodata*)
 *fill*         0x000000000800e952        0x2 
 .rodata.sbox   0x000000000800e954      0x100 ./Application/Aes/Aes.o
 .rodata.rsbox  0x000000000800ea54      0x100 ./Application/Aes/Aes.o
 .rodata.Rcon   0x000000000800eb54        0xb ./Application/Aes/Aes.o
 *fill*         0x000000000800eb5f        0x1 
 .rodata.RandomNumber
                0x000000000800eb60       0x30 ./Application/Crc/crc.o
                0x000000000800eb60                RandomNumber
 .rodata.FramDensity
                0x000000000800eb90       0x48 ./Application/Fram_SPI/Fram_spi.o
 .rodata.font_8x5
                0x000000000800ebd8      0x1dd ./Application/SM/SM.o
                0x000000000800ebd8                font_8x5
 *fill*         0x000000000800edb5        0x3 
 .rodata.SpecialCharacter
                0x000000000800edb8        0xa ./Application/Supp/Supp.o
                0x000000000800edb8                SpecialCharacter
 *fill*         0x000000000800edc2        0x2 
 .rodata.AHBPrescTable
                0x000000000800edc4       0x10 ./Core/Src/system_stm32g4xx.o
                0x000000000800edc4                AHBPrescTable
 .rodata._svfprintf_r.str1.1
                0x000000000800edd4       0x11 c:/st/stm32cubeide_1.7.0/stm32cubeide/plugins/com.st.stm32cube.ide.mcu.externaltools.gnu-tools-for-stm32.10.3-2021.10.win32_1.0.200.202301161003/tools/bin/../lib/gcc/arm-none-eabi/10.3.1/../../../../arm-none-eabi/lib/thumb/v7e-m+fp/hard\libc_nano.a(lib_a-nano-svfprintf.o)
 .rodata._printf_i.str1.1
                0x000000000800ede5       0x22 c:/st/stm32cubeide_1.7.0/stm32cubeide/plugins/com.st.stm32cube.ide.mcu.externaltools.gnu-tools-for-stm32.10.3-2021.10.win32_1.0.200.202301161003/tools/bin/../lib/gcc/arm-none-eabi/10.3.1/../../../../arm-none-eabi/lib/thumb/v7e-m+fp/hard\libc_nano.a(lib_a-nano-vfprintf_i.o)
                0x000000000800ee08                . = ALIGN (0x4)
 *fill*         0x000000000800ee07        0x1 

.rel.dyn        0x000000000800ee08        0x0
 .rel.iplt      0x000000000800ee08        0x0 c:/st/stm32cubeide_1.7.0/stm32cubeide/plugins/com.st.stm32cube.ide.mcu.externaltools.gnu-tools-for-stm32.10.3-2021.10.win32_1.0.200.202301161003/tools/bin/../lib/gcc/arm-none-eabi/10.3.1/thumb/v7e-m+fp/hard/crtbegin.o

.ARM.extab      0x000000000800ee08        0x0
                0x000000000800ee08                . = ALIGN (0x4)
 *(.ARM.extab* .gnu.linkonce.armextab.*)
                0x000000000800ee08                . = ALIGN (0x4)

.ARM            0x000000000800ee08        0x0
                0x000000000800ee08                . = ALIGN (0x4)
                0x000000000800ee08                __exidx_start = .
 *(.ARM.exidx*)
                0x000000000800ee08                __exidx_end = .
                0x000000000800ee08                . = ALIGN (0x4)

.preinit_array  0x000000000800ee08        0x0
                0x000000000800ee08                . = ALIGN (0x4)
                0x000000000800ee08                PROVIDE (__preinit_array_start = .)
 *(.preinit_array*)
                0x000000000800ee08                PROVIDE (__preinit_array_end = .)
                0x000000000800ee08                . = ALIGN (0x4)

.init_array     0x000000000800ee08        0x4
                0x000000000800ee08                . = ALIGN (0x4)
                0x000000000800ee08                PROVIDE (__init_array_start = .)
 *(SORT_BY_NAME(.init_array.*))
 *(.init_array*)
 .init_array    0x000000000800ee08        0x4 c:/st/stm32cubeide_1.7.0/stm32cubeide/plugins/com.st.stm32cube.ide.mcu.externaltools.gnu-tools-for-stm32.10.3-2021.10.win32_1.0.200.202301161003/tools/bin/../lib/gcc/arm-none-eabi/10.3.1/thumb/v7e-m+fp/hard/crtbegin.o
                0x000000000800ee0c                PROVIDE (__init_array_end = .)
                0x000000000800ee0c                . = ALIGN (0x4)

.fini_array     0x000000000800ee0c        0x4
                0x000000000800ee0c                . = ALIGN (0x4)
                [!provide]                        PROVIDE (__fini_array_start = .)
 *(SORT_BY_NAME(.fini_array.*))
 *(.fini_array*)
 .fini_array    0x000000000800ee0c        0x4 c:/st/stm32cubeide_1.7.0/stm32cubeide/plugins/com.st.stm32cube.ide.mcu.externaltools.gnu-tools-for-stm32.10.3-2021.10.win32_1.0.200.202301161003/tools/bin/../lib/gcc/arm-none-eabi/10.3.1/thumb/v7e-m+fp/hard/crtbegin.o
                [!provide]                        PROVIDE (__fini_array_end = .)
                0x000000000800ee10                . = ALIGN (0x4)
                0x000000000800ee10                _sidata = LOADADDR (.data)

.data           0x0000000020000000      0x200 load address 0x000000000800ee10
                0x0000000020000000                . = ALIGN (0x4)
                0x0000000020000000                _sdata = .
 *(.data)
 *(.data*)
 .data.BUTTransitionTable
                0x0000000020000000        0xc ./Application/Buttons/Buttons.o
                0x0000000020000000                BUTTransitionTable
 .data.BUTFunctionsTable
                0x000000002000000c        0xc ./Application/Buttons/Buttons.o
                0x000000002000000c                BUTFunctionsTable
 .data.SMTransitionTable
                0x0000000020000018        0x9 ./Application/SM/SM.o
                0x0000000020000018                SMTransitionTable
 *fill*         0x0000000020000021        0x3 
 .data.SMFunctionsTable
                0x0000000020000024        0xc ./Application/SM/SM.o
                0x0000000020000024                SMFunctionsTable
 .data.size     0x0000000020000030        0x1 ./Core/Src/GFX_Color.o
                0x0000000020000030                size
 *fill*         0x0000000020000031        0x3 
 .data.SystemCoreClock
                0x0000000020000034        0x4 ./Core/Src/system_stm32g4xx.o
                0x0000000020000034                SystemCoreClock
 .data.uwTickPrio
                0x0000000020000038        0x4 ./Drivers/STM32G4xx_HAL_Driver/Src/stm32g4xx_hal.o
                0x0000000020000038                uwTickPrio
 .data.uwTickFreq
                0x000000002000003c        0x4 ./Drivers/STM32G4xx_HAL_Driver/Src/stm32g4xx_hal.o
                0x000000002000003c                uwTickFreq
 .data.USBD_HID
                0x0000000020000040       0x38 ./Middlewares/ST/STM32_USB_Device_Library/Class/HID/Src/usbd_hid.o
                0x0000000020000040                USBD_HID
 .data.USBD_HID_CfgFSDesc
                0x0000000020000078       0x22 ./Middlewares/ST/STM32_USB_Device_Library/Class/HID/Src/usbd_hid.o
 *fill*         0x000000002000009a        0x2 
 .data.USBD_HID_CfgHSDesc
                0x000000002000009c       0x22 ./Middlewares/ST/STM32_USB_Device_Library/Class/HID/Src/usbd_hid.o
 *fill*         0x00000000200000be        0x2 
 .data.USBD_HID_OtherSpeedCfgDesc
                0x00000000200000c0       0x22 ./Middlewares/ST/STM32_USB_Device_Library/Class/HID/Src/usbd_hid.o
 *fill*         0x00000000200000e2        0x2 
 .data.USBD_HID_Desc
                0x00000000200000e4        0x9 ./Middlewares/ST/STM32_USB_Device_Library/Class/HID/Src/usbd_hid.o
 *fill*         0x00000000200000ed        0x3 
 .data.USBD_HID_DeviceQualifierDesc
                0x00000000200000f0        0xa ./Middlewares/ST/STM32_USB_Device_Library/Class/HID/Src/usbd_hid.o
 *fill*         0x00000000200000fa        0x2 
 .data.HID_MOUSE_ReportDesc
                0x00000000200000fc       0x4a ./Middlewares/ST/STM32_USB_Device_Library/Class/HID/Src/usbd_hid.o
 *fill*         0x0000000020000146        0x2 
 .data.HID_Desc
                0x0000000020000148       0x20 ./USB_Device/App/usbd_desc.o
                0x0000000020000148                HID_Desc
 .data.USBD_HID_DeviceDesc
                0x0000000020000168       0x12 ./USB_Device/App/usbd_desc.o
                0x0000000020000168                USBD_HID_DeviceDesc
 *fill*         0x000000002000017a        0x2 
 .data.USBD_LangIDDesc
                0x000000002000017c        0x4 ./USB_Device/App/usbd_desc.o
                0x000000002000017c                USBD_LangIDDesc
 .data.USBD_StringSerial
                0x0000000020000180       0x1a ./USB_Device/App/usbd_desc.o
                0x0000000020000180                USBD_StringSerial
 *fill*         0x000000002000019a        0x2 
 .data._impure_ptr
                0x000000002000019c        0x4 c:/st/stm32cubeide_1.7.0/stm32cubeide/plugins/com.st.stm32cube.ide.mcu.externaltools.gnu-tools-for-stm32.10.3-2021.10.win32_1.0.200.202301161003/tools/bin/../lib/gcc/arm-none-eabi/10.3.1/../../../../arm-none-eabi/lib/thumb/v7e-m+fp/hard\libc_nano.a(lib_a-impure.o)
                0x000000002000019c                _impure_ptr
 .data.impure_data
                0x00000000200001a0       0x60 c:/st/stm32cubeide_1.7.0/stm32cubeide/plugins/com.st.stm32cube.ide.mcu.externaltools.gnu-tools-for-stm32.10.3-2021.10.win32_1.0.200.202301161003/tools/bin/../lib/gcc/arm-none-eabi/10.3.1/../../../../arm-none-eabi/lib/thumb/v7e-m+fp/hard\libc_nano.a(lib_a-impure.o)
 *(.RamFunc)
 *(.RamFunc*)
                0x0000000020000200                . = ALIGN (0x4)
                0x0000000020000200                _edata = .

.igot.plt       0x0000000020000200        0x0 load address 0x000000000800f010
 .igot.plt      0x0000000020000200        0x0 c:/st/stm32cubeide_1.7.0/stm32cubeide/plugins/com.st.stm32cube.ide.mcu.externaltools.gnu-tools-for-stm32.10.3-2021.10.win32_1.0.200.202301161003/tools/bin/../lib/gcc/arm-none-eabi/10.3.1/thumb/v7e-m+fp/hard/crtbegin.o
                0x0000000020000200                . = ALIGN (0x4)

.bss            0x0000000020000200     0x4de0 load address 0x000000000800f010
                0x0000000020000200                _sbss = .
                0x0000000020000200                __bss_start__ = _sbss
 *(.bss)
 .bss           0x0000000020000200       0x1c c:/st/stm32cubeide_1.7.0/stm32cubeide/plugins/com.st.stm32cube.ide.mcu.externaltools.gnu-tools-for-stm32.10.3-2021.10.win32_1.0.200.202301161003/tools/bin/../lib/gcc/arm-none-eabi/10.3.1/thumb/v7e-m+fp/hard/crtbegin.o
 *(.bss*)
 .bss.Sm        0x000000002000021c        0xc ./Application/Data/Data.o
                0x000000002000021c                Sm
 .bss.But       0x0000000020000228       0x78 ./Application/Data/Data.o
                0x0000000020000228                But
 .bss.SizeCom.1
                0x00000000200002a0        0x1 ./Application/Fram_SPI/Fram_spi.o
 .bss.SizeCom.0
                0x00000000200002a1        0x1 ./Application/Fram_SPI/Fram_spi.o
 *fill*         0x00000000200002a2        0x2 
 .bss.Flash     0x00000000200002a4       0x10 ./Application/SM/SM.o
                0x00000000200002a4                Flash
 .bss.Fram      0x00000000200002b4       0x24 ./Application/SM/SM.o
                0x00000000200002b4                Fram
 .bss.oled_spi  0x00000000200002d8        0x4 ./Application/SSD1331/ssd1331.o
                0x00000000200002d8                oled_spi
 .bss.buffor    0x00000000200002dc     0x3000 ./Application/SSD1331/ssd1331.o
                0x00000000200002dc                buffor
 .bss.TempTable
                0x00000000200032dc     0x1000 ./Application/Supp/Supp.o
                0x00000000200032dc                TempTable
 .bss.AesKey    0x00000000200042dc       0x10 ./Application/Supp/Supp.o
                0x00000000200042dc                AesKey
 .bss.Aes       0x00000000200042ec       0xb0 ./Application/Supp/Supp.o
                0x00000000200042ec                Aes
 .bss.WsBuffer  0x000000002000439c      0x240 ./Application/WS2812B/WS2812b.o
                0x000000002000439c                WsBuffer
 .bss.hcordic   0x00000000200045dc       0x28 ./Core/Src/CORDIC.o
                0x00000000200045dc                hcordic
 .bss.hdma_cordic_read
                0x0000000020004604       0x60 ./Core/Src/CORDIC.o
                0x0000000020004604                hdma_cordic_read
 .bss.hdma_cordic_write
                0x0000000020004664       0x60 ./Core/Src/CORDIC.o
                0x0000000020004664                hdma_cordic_write
 .bss.font      0x00000000200046c4        0x4 ./Core/Src/GFX_Color.o
                0x00000000200046c4                font
 .bss.hrng      0x00000000200046c8       0x14 ./Core/Src/rng.o
                0x00000000200046c8                hrng
 .bss.hspi1     0x00000000200046dc       0x64 ./Core/Src/spi.o
                0x00000000200046dc                hspi1
 .bss.__sbrk_heap_end
                0x0000000020004740        0x4 ./Core/Src/sysmem.o
 .bss.htim8     0x0000000020004744       0x4c ./Core/Src/tim.o
                0x0000000020004744                htim8
 .bss.hdma_tim8_ch1
                0x0000000020004790       0x60 ./Core/Src/tim.o
                0x0000000020004790                hdma_tim8_ch1
 .bss.uwTick    0x00000000200047f0        0x4 ./Drivers/STM32G4xx_HAL_Driver/Src/stm32g4xx_hal.o
                0x00000000200047f0                uwTick
 .bss.cfgidx.0  0x00000000200047f4        0x1 ./Middlewares/ST/STM32_USB_Device_Library/Core/Src/usbd_ctlreq.o
 *fill*         0x00000000200047f5        0x3 
 .bss.hUsbDeviceFS
                0x00000000200047f8      0x2d0 ./USB_Device/App/usb_device.o
                0x00000000200047f8                hUsbDeviceFS
 .bss.USBD_StrDesc
                0x0000000020004ac8      0x200 ./USB_Device/App/usbd_desc.o
                0x0000000020004ac8                USBD_StrDesc
 .bss.hpcd_USB_FS
                0x0000000020004cc8      0x2f4 ./USB_Device/Target/usbd_conf.o
                0x0000000020004cc8                hpcd_USB_FS
 .bss.mem.0     0x0000000020004fbc       0x14 ./USB_Device/Target/usbd_conf.o
 .bss.__malloc_free_list
                0x0000000020004fd0        0x4 c:/st/stm32cubeide_1.7.0/stm32cubeide/plugins/com.st.stm32cube.ide.mcu.externaltools.gnu-tools-for-stm32.10.3-2021.10.win32_1.0.200.202301161003/tools/bin/../lib/gcc/arm-none-eabi/10.3.1/../../../../arm-none-eabi/lib/thumb/v7e-m+fp/hard\libc_nano.a(lib_a-nano-mallocr.o)
                0x0000000020004fd0                __malloc_free_list
 .bss.__malloc_sbrk_start
                0x0000000020004fd4        0x4 c:/st/stm32cubeide_1.7.0/stm32cubeide/plugins/com.st.stm32cube.ide.mcu.externaltools.gnu-tools-for-stm32.10.3-2021.10.win32_1.0.200.202301161003/tools/bin/../lib/gcc/arm-none-eabi/10.3.1/../../../../arm-none-eabi/lib/thumb/v7e-m+fp/hard\libc_nano.a(lib_a-nano-mallocr.o)
                0x0000000020004fd4                __malloc_sbrk_start
 .bss.errno     0x0000000020004fd8        0x4 c:/st/stm32cubeide_1.7.0/stm32cubeide/plugins/com.st.stm32cube.ide.mcu.externaltools.gnu-tools-for-stm32.10.3-2021.10.win32_1.0.200.202301161003/tools/bin/../lib/gcc/arm-none-eabi/10.3.1/../../../../arm-none-eabi/lib/thumb/v7e-m+fp/hard\libc_nano.a(lib_a-reent.o)
                0x0000000020004fd8                errno
 .bss.__lock___malloc_recursive_mutex
                0x0000000020004fdc        0x1 c:/st/stm32cubeide_1.7.0/stm32cubeide/plugins/com.st.stm32cube.ide.mcu.externaltools.gnu-tools-for-stm32.10.3-2021.10.win32_1.0.200.202301161003/tools/bin/../lib/gcc/arm-none-eabi/10.3.1/../../../../arm-none-eabi/lib/thumb/v7e-m+fp/hard\libc_nano.a(lib_a-lock.o)
                0x0000000020004fdc                __lock___malloc_recursive_mutex
 *(COMMON)
                0x0000000020004fe0                . = ALIGN (0x4)
 *fill*         0x0000000020004fdd        0x3 
                0x0000000020004fe0                _ebss = .
                0x0000000020004fe0                __bss_end__ = _ebss

._user_heap_stack
                0x0000000020004fe0     0x3000 load address 0x000000000800f010
                0x0000000020004fe0                . = ALIGN (0x8)
                [!provide]                        PROVIDE (end = .)
                0x0000000020004fe0                PROVIDE (_end = .)
                0x0000000020005fdf                . = (. + _Min_Heap_Size)
 *fill*         0x0000000020004fe0      0xfff 
                0x0000000020007fde                . = (. + _Min_Stack_Size)
 *fill*         0x0000000020005fdf     0x1fff 
                0x0000000020007fe0                . = ALIGN (0x8)
 *fill*         0x0000000020007fde        0x2 

/DISCARD/
 libc.a(*)
 libm.a(*)
 libgcc.a(*)

.ARM.attributes
                0x0000000000000000       0x30
 *(.ARM.attributes)
 .ARM.attributes
                0x0000000000000000       0x1e c:/st/stm32cubeide_1.7.0/stm32cubeide/plugins/com.st.stm32cube.ide.mcu.externaltools.gnu-tools-for-stm32.10.3-2021.10.win32_1.0.200.202301161003/tools/bin/../lib/gcc/arm-none-eabi/10.3.1/thumb/v7e-m+fp/hard/crti.o
 .ARM.attributes
                0x000000000000001e       0x34 c:/st/stm32cubeide_1.7.0/stm32cubeide/plugins/com.st.stm32cube.ide.mcu.externaltools.gnu-tools-for-stm32.10.3-2021.10.win32_1.0.200.202301161003/tools/bin/../lib/gcc/arm-none-eabi/10.3.1/thumb/v7e-m+fp/hard/crtbegin.o
 .ARM.attributes
                0x0000000000000052       0x34 ./Application/Aes/Aes.o
 .ARM.attributes
                0x0000000000000086       0x34 ./Application/Buttons/Buttons.o
 .ARM.attributes
                0x00000000000000ba       0x34 ./Application/Buttons/ButtonsConfig.o
 .ARM.attributes
                0x00000000000000ee       0x34 ./Application/Crc/crc.o
 .ARM.attributes
                0x0000000000000122       0x34 ./Application/Data/Data.o
 .ARM.attributes
                0x0000000000000156       0x34 ./Application/Fram_SPI/Fram_spi.o
 .ARM.attributes
                0x000000000000018a       0x34 ./Application/Led/Led.o
 .ARM.attributes
                0x00000000000001be       0x34 ./Application/SM/SM.o
 .ARM.attributes
                0x00000000000001f2       0x34 ./Application/SSD1331/ssd1331.o
 .ARM.attributes
                0x0000000000000226       0x34 ./Application/Supp/Supp.o
 .ARM.attributes
                0x000000000000025a       0x34 ./Application/WS2812B/WS2812b.o
 .ARM.attributes
                0x000000000000028e       0x34 ./Core/Src/CORDIC.o
 .ARM.attributes
                0x00000000000002c2       0x34 ./Core/Src/GFX_Color.o
 .ARM.attributes
                0x00000000000002f6       0x34 ./Core/Src/dma.o
 .ARM.attributes
                0x000000000000032a       0x34 ./Core/Src/flash_spi.o
 .ARM.attributes
                0x000000000000035e       0x34 ./Core/Src/gpio.o
 .ARM.attributes
                0x0000000000000392       0x34 ./Core/Src/main.o
 .ARM.attributes
                0x00000000000003c6       0x34 ./Core/Src/rng.o
 .ARM.attributes
                0x00000000000003fa       0x34 ./Core/Src/spi.o
 .ARM.attributes
                0x000000000000042e       0x34 ./Core/Src/stm32g4xx_hal_msp.o
 .ARM.attributes
                0x0000000000000462       0x34 ./Core/Src/stm32g4xx_it.o
 .ARM.attributes
                0x0000000000000496       0x34 ./Core/Src/sysmem.o
 .ARM.attributes
                0x00000000000004ca       0x34 ./Core/Src/system_stm32g4xx.o
 .ARM.attributes
                0x00000000000004fe       0x34 ./Core/Src/tim.o
 .ARM.attributes
                0x0000000000000532       0x21 ./Core/Startup/startup_stm32g4a1keux.o
 .ARM.attributes
                0x0000000000000553       0x34 ./Drivers/STM32G4xx_HAL_Driver/Src/stm32g4xx_hal.o
 .ARM.attributes