Archive member included to satisfy reference by file (symbol)

c:/st/stm32cubeide_1.7.0/stm32cubeide/plugins/com.st.stm32cube.ide.mcu.externaltools.gnu-tools-for-stm32.10.3-2021.10.win32_1.0.100.202210260954/tools/bin/../lib/gcc/arm-none-eabi/10.3.1/../../../../arm-none-eabi/lib/thumb/v7e-m+fp/hard\libc_nano.a(lib_a-errno.o)
                              ./Core/Src/syscalls.o (__errno)
c:/st/stm32cubeide_1.7.0/stm32cubeide/plugins/com.st.stm32cube.ide.mcu.externaltools.gnu-tools-for-stm32.10.3-2021.10.win32_1.0.100.202210260954/tools/bin/../lib/gcc/arm-none-eabi/10.3.1/../../../../arm-none-eabi/lib/thumb/v7e-m+fp/hard\libc_nano.a(lib_a-exit.o)
                              c:/st/stm32cubeide_1.7.0/stm32cubeide/plugins/com.st.stm32cube.ide.mcu.externaltools.gnu-tools-for-stm32.10.3-2021.10.win32_1.0.100.202210260954/tools/bin/../lib/gcc/arm-none-eabi/10.3.1/../../../../arm-none-eabi/lib/thumb/v7e-m+fp/hard/crt0.o (exit)
c:/st/stm32cubeide_1.7.0/stm32cubeide/plugins/com.st.stm32cube.ide.mcu.externaltools.gnu-tools-for-stm32.10.3-2021.10.win32_1.0.100.202210260954/tools/bin/../lib/gcc/arm-none-eabi/10.3.1/../../../../arm-none-eabi/lib/thumb/v7e-m+fp/hard\libc_nano.a(lib_a-impure.o)
                              c:/st/stm32cubeide_1.7.0/stm32cubeide/plugins/com.st.stm32cube.ide.mcu.externaltools.gnu-tools-for-stm32.10.3-2021.10.win32_1.0.100.202210260954/tools/bin/../lib/gcc/arm-none-eabi/10.3.1/../../../../arm-none-eabi/lib/thumb/v7e-m+fp/hard\libc_nano.a(lib_a-exit.o) (_global_impure_ptr)
c:/st/stm32cubeide_1.7.0/stm32cubeide/plugins/com.st.stm32cube.ide.mcu.externaltools.gnu-tools-for-stm32.10.3-2021.10.win32_1.0.100.202210260954/tools/bin/../lib/gcc/arm-none-eabi/10.3.1/../../../../arm-none-eabi/lib/thumb/v7e-m+fp/hard\libc_nano.a(lib_a-init.o)
                              c:/st/stm32cubeide_1.7.0/stm32cubeide/plugins/com.st.stm32cube.ide.mcu.externaltools.gnu-tools-for-stm32.10.3-2021.10.win32_1.0.100.202210260954/tools/bin/../lib/gcc/arm-none-eabi/10.3.1/../../../../arm-none-eabi/lib/thumb/v7e-m+fp/hard/crt0.o (__libc_init_array)
c:/st/stm32cubeide_1.7.0/stm32cubeide/plugins/com.st.stm32cube.ide.mcu.externaltools.gnu-tools-for-stm32.10.3-2021.10.win32_1.0.100.202210260954/tools/bin/../lib/gcc/arm-none-eabi/10.3.1/../../../../arm-none-eabi/lib/thumb/v7e-m+fp/hard\libc_nano.a(lib_a-memset.o)
                              c:/st/stm32cubeide_1.7.0/stm32cubeide/plugins/com.st.stm32cube.ide.mcu.externaltools.gnu-tools-for-stm32.10.3-2021.10.win32_1.0.100.202210260954/tools/bin/../lib/gcc/arm-none-eabi/10.3.1/../../../../arm-none-eabi/lib/thumb/v7e-m+fp/hard/crt0.o (memset)

Discarded input sections

 .text          0x0000000000000000        0x0 c:/st/stm32cubeide_1.7.0/stm32cubeide/plugins/com.st.stm32cube.ide.mcu.externaltools.gnu-tools-for-stm32.10.3-2021.10.win32_1.0.100.202210260954/tools/bin/../lib/gcc/arm-none-eabi/10.3.1/thumb/v7e-m+fp/hard/crti.o
 .data          0x0000000000000000        0x0 c:/st/stm32cubeide_1.7.0/stm32cubeide/plugins/com.st.stm32cube.ide.mcu.externaltools.gnu-tools-for-stm32.10.3-2021.10.win32_1.0.100.202210260954/tools/bin/../lib/gcc/arm-none-eabi/10.3.1/thumb/v7e-m+fp/hard/crti.o
 .bss           0x0000000000000000        0x0 c:/st/stm32cubeide_1.7.0/stm32cubeide/plugins/com.st.stm32cube.ide.mcu.externaltools.gnu-tools-for-stm32.10.3-2021.10.win32_1.0.100.202210260954/tools/bin/../lib/gcc/arm-none-eabi/10.3.1/thumb/v7e-m+fp/hard/crti.o
 .data          0x0000000000000000        0x4 c:/st/stm32cubeide_1.7.0/stm32cubeide/plugins/com.st.stm32cube.ide.mcu.externaltools.gnu-tools-for-stm32.10.3-2021.10.win32_1.0.100.202210260954/tools/bin/../lib/gcc/arm-none-eabi/10.3.1/thumb/v7e-m+fp/hard/crtbegin.o
 .rodata        0x0000000000000000       0x24 c:/st/stm32cubeide_1.7.0/stm32cubeide/plugins/com.st.stm32cube.ide.mcu.externaltools.gnu-tools-for-stm32.10.3-2021.10.win32_1.0.100.202210260954/tools/bin/../lib/gcc/arm-none-eabi/10.3.1/thumb/v7e-m+fp/hard/crtbegin.o
 .text          0x0000000000000000       0x7c c:/st/stm32cubeide_1.7.0/stm32cubeide/plugins/com.st.stm32cube.ide.mcu.externaltools.gnu-tools-for-stm32.10.3-2021.10.win32_1.0.100.202210260954/tools/bin/../lib/gcc/arm-none-eabi/10.3.1/../../../../arm-none-eabi/lib/thumb/v7e-m+fp/hard/crt0.o
 .data          0x0000000000000000        0x0 c:/st/stm32cubeide_1.7.0/stm32cubeide/plugins/com.st.stm32cube.ide.mcu.externaltools.gnu-tools-for-stm32.10.3-2021.10.win32_1.0.100.202210260954/tools/bin/../lib/gcc/arm-none-eabi/10.3.1/../../../../arm-none-eabi/lib/thumb/v7e-m+fp/hard/crt0.o
 .bss           0x0000000000000000        0x0 c:/st/stm32cubeide_1.7.0/stm32cubeide/plugins/com.st.stm32cube.ide.mcu.externaltools.gnu-tools-for-stm32.10.3-2021.10.win32_1.0.100.202210260954/tools/bin/../lib/gcc/arm-none-eabi/10.3.1/../../../../arm-none-eabi/lib/thumb/v7e-m+fp/hard/crt0.o
[...]
Memory Configuration

Name             Origin             Length             Attributes
RAM              0x0000000020000000 0x000000000001c000 xrw
FLASH            0x0000000008000000 0x0000000000080000 xr
*default*        0x0000000000000000 0xffffffffffffffff

Linker script and memory map

LOAD c:/st/stm32cubeide_1.7.0/stm32cubeide/plugins/com.st.stm32cube.ide.mcu.externaltools.gnu-tools-for-stm32.10.3-2021.10.win32_1.0.100.202210260954/tools/bin/../lib/gcc/arm-none-eabi/10.3.1/thumb/v7e-m+fp/hard/crti.o
LOAD c:/st/stm32cubeide_1.7.0/stm32cubeide/plugins/com.st.stm32cube.ide.mcu.externaltools.gnu-tools-for-stm32.10.3-2021.10.win32_1.0.100.202210260954/tools/bin/../lib/gcc/arm-none-eabi/10.3.1/thumb/v7e-m+fp/hard/crtbegin.o
LOAD c:/st/stm32cubeide_1.7.0/stm32cubeide/plugins/com.st.stm32cube.ide.mcu.externaltools.gnu-tools-for-stm32.10.3-2021.10.win32_1.0.100.202210260954/tools/bin/../lib/gcc/arm-none-eabi/10.3.1/../../../../arm-none-eabi/lib/thumb/v7e-m+fp/hard/crt0.o
LOAD ./Core/Src/aes.o
LOAD ./Core/Src/dma.o
LOAD ./Core/Src/gpio.o
LOAD ./Core/Src/main.o
LOAD ./Core/Src/rng.o
LOAD ./Core/Src/spi.o
LOAD ./Core/Src/stm32g4xx_hal_msp.o
LOAD ./Core/Src/stm32g4xx_it.o
LOAD ./Core/Src/syscalls.o
LOAD ./Core/Src/sysmem.o
LOAD ./Core/Src/system_stm32g4xx.o
LOAD ./Core/Src/tim.o
LOAD ./Core/Startup/startup_stm32g4a1keux.o
LOAD ./Drivers/STM32G4xx_HAL_Driver/Src/stm32g4xx_hal.o
LOAD ./Drivers/STM32G4xx_HAL_Driver/Src/stm32g4xx_hal_cortex.o
LOAD ./Drivers/STM32G4xx_HAL_Driver/Src/stm32g4xx_hal_cryp.o
LOAD ./Drivers/STM32G4xx_HAL_Driver/Src/stm32g4xx_hal_cryp_ex.o
LOAD ./Drivers/STM32G4xx_HAL_Driver/Src/stm32g4xx_hal_dma.o
LOAD ./Drivers/STM32G4xx_HAL_Driver/Src/stm32g4xx_hal_dma_ex.o
LOAD ./Drivers/STM32G4xx_HAL_Driver/Src/stm32g4xx_hal_exti.o
LOAD ./Drivers/STM32G4xx_HAL_Driver/Src/stm32g4xx_hal_flash.o
LOAD ./Drivers/STM32G4xx_HAL_Driver/Src/stm32g4xx_hal_flash_ex.o
LOAD ./Drivers/STM32G4xx_HAL_Driver/Src/stm32g4xx_hal_flash_ramfunc.o
LOAD ./Drivers/STM32G4xx_HAL_Driver/Src/stm32g4xx_hal_gpio.o
LOAD ./Drivers/STM32G4xx_HAL_Driver/Src/stm32g4xx_hal_pcd.o
LOAD ./Drivers/STM32G4xx_HAL_Driver/Src/stm32g4xx_hal_pcd_ex.o
LOAD ./Drivers/STM32G4xx_HAL_Driver/Src/stm32g4xx_hal_pwr.o
LOAD ./Drivers/STM32G4xx_HAL_Driver/Src/stm32g4xx_hal_pwr_ex.o
LOAD ./Drivers/STM32G4xx_HAL_Driver/Src/stm32g4xx_hal_rcc.o
LOAD ./Drivers/STM32G4xx_HAL_Driver/Src/stm32g4xx_hal_rcc_ex.o
LOAD ./Drivers/STM32G4xx_HAL_Driver/Src/stm32g4xx_hal_rng.o
LOAD ./Drivers/STM32G4xx_HAL_Driver/Src/stm32g4xx_hal_spi.o
LOAD ./Drivers/STM32G4xx_HAL_Driver/Src/stm32g4xx_hal_spi_ex.o
LOAD ./Drivers/STM32G4xx_HAL_Driver/Src/stm32g4xx_hal_tim.o
LOAD ./Drivers/STM32G4xx_HAL_Driver/Src/stm32g4xx_hal_tim_ex.o
LOAD ./Drivers/STM32G4xx_HAL_Driver/Src/stm32g4xx_ll_usb.o
LOAD ./Middlewares/ST/STM32_USB_Device_Library/Class/CDC/Src/usbd_cdc.o
LOAD ./Middlewares/ST/STM32_USB_Device_Library/Core/Src/usbd_core.o
LOAD ./Middlewares/ST/STM32_USB_Device_Library/Core/Src/usbd_ctlreq.o
LOAD ./Middlewares/ST/STM32_USB_Device_Library/Core/Src/usbd_ioreq.o
LOAD ./USB_Device/App/usb_device.o
LOAD ./USB_Device/App/usbd_cdc_if.o
LOAD ./USB_Device/App/usbd_desc.o
LOAD ./USB_Device/Target/usbd_conf.o
START GROUP
LOAD c:/st/stm32cubeide_1.7.0/stm32cubeide/plugins/com.st.stm32cube.ide.mcu.externaltools.gnu-tools-for-stm32.10.3-2021.10.win32_1.0.100.202210260954/tools/bin/../lib/gcc/arm-none-eabi/10.3.1/../../../../arm-none-eabi/lib/thumb/v7e-m+fp/hard\libc_nano.a
LOAD c:/st/stm32cubeide_1.7.0/stm32cubeide/plugins/com.st.stm32cube.ide.mcu.externaltools.gnu-tools-for-stm32.10.3-2021.10.win32_1.0.100.202210260954/tools/bin/../lib/gcc/arm-none-eabi/10.3.1/../../../../arm-none-eabi/lib/thumb/v7e-m+fp/hard\libm.a
END GROUP
START GROUP
LOAD c:/st/stm32cubeide_1.7.0/stm32cubeide/plugins/com.st.stm32cube.ide.mcu.externaltools.gnu-tools-for-stm32.10.3-2021.10.win32_1.0.100.202210260954/tools/bin/../lib/gcc/arm-none-eabi/10.3.1/thumb/v7e-m+fp/hard\libgcc.a
LOAD c:/st/stm32cubeide_1.7.0/stm32cubeide/plugins/com.st.stm32cube.ide.mcu.externaltools.gnu-tools-for-stm32.10.3-2021.10.win32_1.0.100.202210260954/tools/bin/../lib/gcc/arm-none-eabi/10.3.1/../../../../arm-none-eabi/lib/thumb/v7e-m+fp/hard\libc_nano.a
END GROUP
START GROUP
LOAD c:/st/stm32cubeide_1.7.0/stm32cubeide/plugins/com.st.stm32cube.ide.mcu.externaltools.gnu-tools-for-stm32.10.3-2021.10.win32_1.0.100.202210260954/tools/bin/../lib/gcc/arm-none-eabi/10.3.1/thumb/v7e-m+fp/hard\libgcc.a
LOAD c:/st/stm32cubeide_1.7.0/stm32cubeide/plugins/com.st.stm32cube.ide.mcu.externaltools.gnu-tools-for-stm32.10.3-2021.10.win32_1.0.100.202210260954/tools/bin/../lib/gcc/arm-none-eabi/10.3.1/../../../../arm-none-eabi/lib/thumb/v7e-m+fp/hard\libc_nano.a
LOAD c:/st/stm32cubeide_1.7.0/stm32cubeide/plugins/com.st.stm32cube.ide.mcu.externaltools.gnu-tools-for-stm32.10.3-2021.10.win32_1.0.100.202210260954/tools/bin/../lib/gcc/arm-none-eabi/10.3.1/../../../../arm-none-eabi/lib/thumb/v7e-m+fp/hard\libnosys.a
END GROUP
START GROUP
LOAD c:/st/stm32cubeide_1.7.0/stm32cubeide/plugins/com.st.stm32cube.ide.mcu.externaltools.gnu-tools-for-stm32.10.3-2021.10.win32_1.0.100.202210260954/tools/bin/../lib/gcc/arm-none-eabi/10.3.1/thumb/v7e-m+fp/hard\libgcc.a
LOAD c:/st/stm32cubeide_1.7.0/stm32cubeide/plugins/com.st.stm32cube.ide.mcu.externaltools.gnu-tools-for-stm32.10.3-2021.10.win32_1.0.100.202210260954/tools/bin/../lib/gcc/arm-none-eabi/10.3.1/../../../../arm-none-eabi/lib/thumb/v7e-m+fp/hard\libc_nano.a
LOAD c:/st/stm32cubeide_1.7.0/stm32cubeide/plugins/com.st.stm32cube.ide.mcu.externaltools.gnu-tools-for-stm32.10.3-2021.10.win32_1.0.100.202210260954/tools/bin/../lib/gcc/arm-none-eabi/10.3.1/../../../../arm-none-eabi/lib/thumb/v7e-m+fp/hard\libnosys.a
END GROUP
LOAD c:/st/stm32cubeide_1.7.0/stm32cubeide/plugins/com.st.stm32cube.ide.mcu.externaltools.gnu-tools-for-stm32.10.3-2021.10.win32_1.0.100.202210260954/tools/bin/../lib/gcc/arm-none-eabi/10.3.1/thumb/v7e-m+fp/hard/crtend.o
LOAD c:/st/stm32cubeide_1.7.0/stm32cubeide/plugins/com.st.stm32cube.ide.mcu.externaltools.gnu-tools-for-stm32.10.3-2021.10.win32_1.0.100.202210260954/tools/bin/../lib/gcc/arm-none-eabi/10.3.1/thumb/v7e-m+fp/hard/crtn.o
                0x000000002001c000                _estack = (ORIGIN (RAM) + LENGTH (RAM))
                0x0000000000000200                _Min_Heap_Size = 0x200
                0x0000000000000400                _Min_Stack_Size = 0x400

.isr_vector     0x0000000008000000      0x1d8
                0x0000000008000000                . = ALIGN (0x4)
 *(.isr_vector)
 .isr_vector    0x0000000008000000      0x1d8 ./Core/Startup/startup_stm32g4a1keux.o
                0x0000000008000000                g_pfnVectors
                0x00000000080001d8                . = ALIGN (0x4)

.text           0x00000000080001d8     0x94f4
                0x00000000080001d8                . = ALIGN (0x4)
 *(.text)
 .text          0x00000000080001d8       0x40 c:/st/stm32cubeide_1.7.0/stm32cubeide/plugins/com.st.stm32cube.ide.mcu.externaltools.gnu-tools-for-stm32.10.3-2021.10.win32_1.0.100.202210260954/tools/bin/../lib/gcc/arm-none-eabi/10.3.1/thumb/v7e-m+fp/hard/crtbegin.o
 *(.text*)
 .text.MX_AES_Init
                0x0000000008000218       0x54 ./Core/Src/aes.o
                0x0000000008000218                MX_AES_Init
 .text.HAL_CRYP_MspInit
                0x000000000800026c       0x40 ./Core/Src/aes.o
                0x000000000800026c                HAL_CRYP_MspInit
 .text.MX_DMA_Init
                0x00000000080002ac       0x54 ./Core/Src/dma.o
                0x00000000080002ac                MX_DMA_Init
 .text.MX_GPIO_Init
                0x0000000008000300       0xe0 ./Core/Src/gpio.o
                0x0000000008000300                MX_GPIO_Init
 .text.main     0x00000000080003e0       0x2a ./Core/Src/main.o
                0x00000000080003e0                main
 .text.SystemClock_Config
                0x000000000800040a       0x96 ./Core/Src/main.o
                0x000000000800040a                SystemClock_Config
 .text.Error_Handler
                0x00000000080004a0        0xa ./Core/Src/main.o
                0x00000000080004a0                Error_Handler
 *fill*         0x00000000080004aa        0x2 
 .text.MX_RNG_Init
                0x00000000080004ac       0x2c ./Core/Src/rng.o
                0x00000000080004ac                MX_RNG_Init
 .text.HAL_RNG_MspInit
                0x00000000080004d8       0x68 ./Core/Src/rng.o
                0x00000000080004d8                HAL_RNG_MspInit
 .text.MX_SPI1_Init
                0x0000000008000540       0x7c ./Core/Src/spi.o
                0x0000000008000540                MX_SPI1_Init
 .text.HAL_SPI_MspInit
                0x00000000080005bc       0x84 ./Core/Src/spi.o
                0x00000000080005bc                HAL_SPI_MspInit
 .text.HAL_MspInit
                0x0000000008000640       0x48 ./Core/Src/stm32g4xx_hal_msp.o
                0x0000000008000640                HAL_MspInit
 .text.NMI_Handler
                0x0000000008000688        0x6 ./Core/Src/stm32g4xx_it.o
                0x0000000008000688                NMI_Handler
 .text.HardFault_Handler
                0x000000000800068e        0x6 ./Core/Src/stm32g4xx_it.o
                0x000000000800068e                HardFault_Handler
 .text.MemManage_Handler
                0x0000000008000694        0x6 ./Core/Src/stm32g4xx_it.o
                0x0000000008000694                MemManage_Handler
 .text.BusFault_Handler
                0x000000000800069a        0x6 ./Core/Src/stm32g4xx_it.o
                0x000000000800069a                BusFault_Handler
 .text.UsageFault_Handler
                0x00000000080006a0        0x6 ./Core/Src/stm32g4xx_it.o
                0x00000000080006a0                UsageFault_Handler
 .text.SVC_Handler
                0x00000000080006a6        0xe ./Core/Src/stm32g4xx_it.o
                0x00000000080006a6                SVC_Handler
 .text.DebugMon_Handler
                0x00000000080006b4        0xe ./Core/Src/stm32g4xx_it.o
                0x00000000080006b4                DebugMon_Handler
 .text.PendSV_Handler
                0x00000000080006c2        0xe ./Core/Src/stm32g4xx_it.o
                0x00000000080006c2                PendSV_Handler
 .text.SysTick_Handler
                0x00000000080006d0        0xc ./Core/Src/stm32g4xx_it.o
                0x00000000080006d0                SysTick_Handler
 .text.DMA1_Channel1_IRQHandler
                0x00000000080006dc       0x14 ./Core/Src/stm32g4xx_it.o
                0x00000000080006dc                DMA1_Channel1_IRQHandler
 .text.USB_LP_IRQHandler
                0x00000000080006f0       0x14 ./Core/Src/stm32g4xx_it.o
                0x00000000080006f0                USB_LP_IRQHandler
 .text.TIM2_IRQHandler
                0x0000000008000704       0x14 ./Core/Src/stm32g4xx_it.o
                0x0000000008000704                TIM2_IRQHandler
 .text.SystemInit
                0x0000000008000718       0x24 ./Core/Src/system_stm32g4xx.o
                0x0000000008000718                SystemInit
 .text.MX_TIM2_Init
                0x000000000800073c       0xb4 ./Core/Src/tim.o
                0x000000000800073c                MX_TIM2_Init
 .text.HAL_TIM_PWM_MspInit
                0x00000000080007f0       0xa4 ./Core/Src/tim.o
                0x00000000080007f0                HAL_TIM_PWM_MspInit
 .text.HAL_TIM_MspPostInit
                0x0000000008000894       0x6c ./Core/Src/tim.o
                0x0000000008000894                HAL_TIM_MspPostInit
 .text.Reset_Handler
                0x0000000008000900       0x50 ./Core/Startup/startup_stm32g4a1keux.o
                0x0000000008000900                Reset_Handler
 .text.Default_Handler
                0x0000000008000950        0x2 ./Core/Startup/startup_stm32g4a1keux.o
                0x0000000008000950                RTC_Alarm_IRQHandler
                0x0000000008000950                EXTI2_IRQHandler
                0x0000000008000950                TIM8_TRG_COM_IRQHandler
                0x0000000008000950                TIM8_CC_IRQHandler
                0x0000000008000950                TIM1_CC_IRQHandler
                0x0000000008000950                USB_HP_IRQHandler
                0x0000000008000950                CORDIC_IRQHandler
                0x0000000008000950                DMA2_Channel8_IRQHandler
                0x0000000008000950                EXTI3_IRQHandler
                0x0000000008000950                I2C3_ER_IRQHandler
                0x0000000008000950                EXTI0_IRQHandler
                0x0000000008000950                I2C2_EV_IRQHandler
                0x0000000008000950                FPU_IRQHandler
                0x0000000008000950                FDCAN1_IT1_IRQHandler
                0x0000000008000950                TIM1_UP_TIM16_IRQHandler
                0x0000000008000950                ADC1_2_IRQHandler
                0x0000000008000950                SPI1_IRQHandler
                0x0000000008000950                TIM6_DAC_IRQHandler
                0x0000000008000950                TIM8_UP_IRQHandler
                0x0000000008000950                DMA2_Channel2_IRQHandler
                0x0000000008000950                DMA1_Channel4_IRQHandler
                0x0000000008000950                TIM20_TRG_COM_IRQHandler
                0x0000000008000950                USART3_IRQHandler
                0x0000000008000950                DMA1_Channel7_IRQHandler
                0x0000000008000950                UART5_IRQHandler
                0x0000000008000950                ADC3_IRQHandler
                0x0000000008000950                TIM4_IRQHandler
                0x0000000008000950                DMA2_Channel1_IRQHandler
                0x0000000008000950                QUADSPI_IRQHandler
                0x0000000008000950                I2C1_EV_IRQHandler
                0x0000000008000950                DMA1_Channel6_IRQHandler
                0x0000000008000950                UART4_IRQHandler
                0x0000000008000950                DMA2_Channel4_IRQHandler
                0x0000000008000950                TIM3_IRQHandler
                0x0000000008000950                RCC_IRQHandler
                0x0000000008000950                TIM20_UP_IRQHandler
                0x0000000008000950                Default_Handler
                0x0000000008000950                DMA2_Channel7_IRQHandler
                0x0000000008000950                RTC_TAMP_LSECSS_IRQHandler
                0x0000000008000950                FMAC_IRQHandler
                0x0000000008000950                EXTI15_10_IRQHandler
                0x0000000008000950                DMA1_Channel8_IRQHandler
                0x0000000008000950                TIM7_IRQHandler
                0x0000000008000950                UCPD1_IRQHandler
                0x0000000008000950                I2C3_EV_IRQHandler
                0x0000000008000950                EXTI9_5_IRQHandler
                0x0000000008000950                RTC_WKUP_IRQHandler
                0x0000000008000950                PVD_PVM_IRQHandler
                0x0000000008000950                SPI2_IRQHandler
                0x0000000008000950                DMA2_Channel5_IRQHandler
                0x0000000008000950                CRS_IRQHandler
                0x0000000008000950                DMA1_Channel5_IRQHandler
                0x0000000008000950                EXTI4_IRQHandler
                0x0000000008000950                RNG_IRQHandler
                0x0000000008000950                TIM1_TRG_COM_TIM17_IRQHandler
                0x0000000008000950                FDCAN2_IT1_IRQHandler
                0x0000000008000950                DMA1_Channel3_IRQHandler
                0x0000000008000950                WWDG_IRQHandler
                0x0000000008000950                FDCAN2_IT0_IRQHandler
                0x0000000008000950                LPUART1_IRQHandler
                0x0000000008000950                DMA2_Channel6_IRQHandler
                0x0000000008000950                FDCAN1_IT0_IRQHandler
                0x0000000008000950                COMP1_2_3_IRQHandler
                0x0000000008000950                EXTI1_IRQHandler
                0x0000000008000950                AES_IRQHandler
                0x0000000008000950                USART2_IRQHandler
                0x0000000008000950                TIM20_BRK_IRQHandler
                0x0000000008000950                I2C2_ER_IRQHandler
                0x0000000008000950                DMA1_Channel2_IRQHandler
                0x0000000008000950                TIM8_BRK_IRQHandler
                0x0000000008000950                FLASH_IRQHandler
                0x0000000008000950                TIM20_CC_IRQHandler
                0x0000000008000950                USART1_IRQHandler
                0x0000000008000950                SPI3_IRQHandler
                0x0000000008000950                I2C1_ER_IRQHandler
                0x0000000008000950                LPTIM1_IRQHandler
                0x0000000008000950                DMAMUX_OVR_IRQHandler
                0x0000000008000950                USBWakeUp_IRQHandler
                0x0000000008000950                SAI1_IRQHandler
                0x0000000008000950                DMA2_Channel3_IRQHandler
                0x0000000008000950                COMP4_IRQHandler
                0x0000000008000950                TIM1_BRK_TIM15_IRQHandler
 .text.HAL_Init
                0x0000000008000952       0x30 ./Drivers/STM32G4xx_HAL_Driver/Src/stm32g4xx_hal.o
                0x0000000008000952                HAL_Init
 *fill*         0x0000000008000982        0x2 
 .text.HAL_InitTick
                0x0000000008000984       0x74 ./Drivers/STM32G4xx_HAL_Driver/Src/stm32g4xx_hal.o
                0x0000000008000984                HAL_InitTick
 .text.HAL_IncTick
                0x00000000080009f8       0x24 ./Drivers/STM32G4xx_HAL_Driver/Src/stm32g4xx_hal.o
                0x00000000080009f8                HAL_IncTick
 .text.HAL_GetTick
                0x0000000008000a1c       0x18 ./Drivers/STM32G4xx_HAL_Driver/Src/stm32g4xx_hal.o
                0x0000000008000a1c                HAL_GetTick
 .text.__NVIC_SetPriorityGrouping
                0x0000000008000a34       0x48 ./Drivers/STM32G4xx_HAL_Driver/Src/stm32g4xx_hal_cortex.o
 .text.__NVIC_GetPriorityGrouping
                0x0000000008000a7c       0x1c ./Drivers/STM32G4xx_HAL_Driver/Src/stm32g4xx_hal_cortex.o
 .text.__NVIC_EnableIRQ
                0x0000000008000a98       0x3c ./Drivers/STM32G4xx_HAL_Driver/Src/stm32g4xx_hal_cortex.o
 .text.__NVIC_SetPriority
                0x0000000008000ad4       0x54 ./Drivers/STM32G4xx_HAL_Driver/Src/stm32g4xx_hal_cortex.o
 .text.NVIC_EncodePriority
                0x0000000008000b28       0x66 ./Drivers/STM32G4xx_HAL_Driver/Src/stm32g4xx_hal_cortex.o
 *fill*         0x0000000008000b8e        0x2 
 .text.SysTick_Config
                0x0000000008000b90       0x44 ./Drivers/STM32G4xx_HAL_Driver/Src/stm32g4xx_hal_cortex.o
 .text.HAL_NVIC_SetPriorityGrouping
                0x0000000008000bd4       0x16 ./Drivers/STM32G4xx_HAL_Driver/Src/stm32g4xx_hal_cortex.o
                0x0000000008000bd4                HAL_NVIC_SetPriorityGrouping
 .text.HAL_NVIC_SetPriority
                0x0000000008000bea       0x34 ./Drivers/STM32G4xx_HAL_Driver/Src/stm32g4xx_hal_cortex.o
                0x0000000008000bea                HAL_NVIC_SetPriority
 .text.HAL_NVIC_EnableIRQ
                0x0000000008000c1e       0x1c ./Drivers/STM32G4xx_HAL_Driver/Src/stm32g4xx_hal_cortex.o
                0x0000000008000c1e                HAL_NVIC_EnableIRQ
 .text.HAL_SYSTICK_Config
                0x0000000008000c3a       0x18 ./Drivers/STM32G4xx_HAL_Driver/Src/stm32g4xx_hal_cortex.o
                0x0000000008000c3a                HAL_SYSTICK_Config
 .text.HAL_CRYP_Init
                0x0000000008000c52       0x76 ./Drivers/STM32G4xx_HAL_Driver/Src/stm32g4xx_hal_cryp.o
                0x0000000008000c52                HAL_CRYP_Init
 .text.HAL_DMA_Init
                0x0000000008000cc8      0x150 ./Drivers/STM32G4xx_HAL_Driver/Src/stm32g4xx_hal_dma.o
                0x0000000008000cc8                HAL_DMA_Init
 .text.HAL_DMA_IRQHandler
                0x0000000008000e18      0x15e ./Drivers/STM32G4xx_HAL_Driver/Src/stm32g4xx_hal_dma.o
                0x0000000008000e18                HAL_DMA_IRQHandler
 *fill*         0x0000000008000f76        0x2 
 .text.DMA_CalcDMAMUXChannelBaseAndMask
                0x0000000008000f78       0x7c ./Drivers/STM32G4xx_HAL_Driver/Src/stm32g4xx_hal_dma.o
 .text.DMA_CalcDMAMUXRequestGenBaseAndMask
                0x0000000008000ff4       0x48 ./Drivers/STM32G4xx_HAL_Driver/Src/stm32g4xx_hal_dma.o
 .text.HAL_GPIO_Init
                0x000000000800103c      0x304 ./Drivers/STM32G4xx_HAL_Driver/Src/stm32g4xx_hal_gpio.o
                0x000000000800103c                HAL_GPIO_Init
 .text.HAL_GPIO_WritePin
                0x0000000008001340       0x30 ./Drivers/STM32G4xx_HAL_Driver/Src/stm32g4xx_hal_gpio.o
                0x0000000008001340                HAL_GPIO_WritePin
 .text.HAL_PCD_Init
                0x0000000008001370      0x1ca ./Drivers/STM32G4xx_HAL_Driver/Src/stm32g4xx_hal_pcd.o
                0x0000000008001370                HAL_PCD_Init
 .text.HAL_PCD_Start
                0x000000000800153a       0x44 ./Drivers/STM32G4xx_HAL_Driver/Src/stm32g4xx_hal_pcd.o
                0x000000000800153a                HAL_PCD_Start
 .text.HAL_PCD_IRQHandler
                0x000000000800157e      0x24e ./Drivers/STM32G4xx_HAL_Driver/Src/stm32g4xx_hal_pcd.o
                0x000000000800157e                HAL_PCD_IRQHandler
 .text.HAL_PCD_SetAddress
                0x00000000080017cc       0x4a ./Drivers/STM32G4xx_HAL_Driver/Src/stm32g4xx_hal_pcd.o
                0x00000000080017cc                HAL_PCD_SetAddress
 .text.HAL_PCD_EP_Open
                0x0000000008001816       0xcc ./Drivers/STM32G4xx_HAL_Driver/Src/stm32g4xx_hal_pcd.o
                0x0000000008001816                HAL_PCD_EP_Open
 .text.HAL_PCD_EP_Close
                0x00000000080018e2       0x90 ./Drivers/STM32G4xx_HAL_Driver/Src/stm32g4xx_hal_pcd.o
                0x00000000080018e2                HAL_PCD_EP_Close
 .text.HAL_PCD_EP_Receive
                0x0000000008001972       0x7a ./Drivers/STM32G4xx_HAL_Driver/Src/stm32g4xx_hal_pcd.o
                0x0000000008001972                HAL_PCD_EP_Receive
 .text.HAL_PCD_EP_GetRxCount
                0x00000000080019ec       0x30 ./Drivers/STM32G4xx_HAL_Driver/Src/stm32g4xx_hal_pcd.o
                0x00000000080019ec                HAL_PCD_EP_GetRxCount
 .text.HAL_PCD_EP_Transmit
                0x0000000008001a1c       0x86 ./Drivers/STM32G4xx_HAL_Driver/Src/stm32g4xx_hal_pcd.o
                0x0000000008001a1c                HAL_PCD_EP_Transmit
 .text.HAL_PCD_EP_SetStall
                0x0000000008001aa2       0xa4 ./Drivers/STM32G4xx_HAL_Driver/Src/stm32g4xx_hal_pcd.o
                0x0000000008001aa2                HAL_PCD_EP_SetStall
 .text.HAL_PCD_EP_ClrStall
                0x0000000008001b46       0xa8 ./Drivers/STM32G4xx_HAL_Driver/Src/stm32g4xx_hal_pcd.o
                0x0000000008001b46                HAL_PCD_EP_ClrStall
 .text.PCD_EP_ISR_Handler
                0x0000000008001bee      0x760 ./Drivers/STM32G4xx_HAL_Driver/Src/stm32g4xx_hal_pcd.o
 .text.HAL_PCD_EP_DB_Receive
                0x000000000800234e      0x212 ./Drivers/STM32G4xx_HAL_Driver/Src/stm32g4xx_hal_pcd.o
 .text.HAL_PCD_EP_DB_Transmit
                0x0000000008002560      0x79c ./Drivers/STM32G4xx_HAL_Driver/Src/stm32g4xx_hal_pcd.o
 .text.HAL_PCDEx_PMAConfig
                0x0000000008002cfc       0x86 ./Drivers/STM32G4xx_HAL_Driver/Src/stm32g4xx_hal_pcd_ex.o
                0x0000000008002cfc                HAL_PCDEx_PMAConfig
 .text.HAL_PCDEx_ActivateLPM
                0x0000000008002d82       0x54 ./Drivers/STM32G4xx_HAL_Driver/Src/stm32g4xx_hal_pcd_ex.o
                0x0000000008002d82                HAL_PCDEx_ActivateLPM
 *fill*         0x0000000008002dd6        0x2 
 .text.HAL_PWREx_ControlVoltageScaling
                0x0000000008002dd8      0x148 ./Drivers/STM32G4xx_HAL_Driver/Src/stm32g4xx_hal_pwr_ex.o
                0x0000000008002dd8                HAL_PWREx_ControlVoltageScaling
 .text.HAL_RCC_OscConfig
                0x0000000008002f20      0x630 ./Drivers/STM32G4xx_HAL_Driver/Src/stm32g4xx_hal_rcc.o
                0x0000000008002f20                HAL_RCC_OscConfig
 .text.HAL_RCC_ClockConfig
                0x0000000008003550      0x278 ./Drivers/STM32G4xx_HAL_Driver/Src/stm32g4xx_hal_rcc.o
                0x0000000008003550                HAL_RCC_ClockConfig
 .text.HAL_RCC_GetSysClockFreq
                0x00000000080037c8       0xc4 ./Drivers/STM32G4xx_HAL_Driver/Src/stm32g4xx_hal_rcc.o
                0x00000000080037c8                HAL_RCC_GetSysClockFreq
 .text.RCC_GetSysClockFreqFromPLLSource
                0x000000000800388c       0x8c ./Drivers/STM32G4xx_HAL_Driver/Src/stm32g4xx_hal_rcc.o
 .text.HAL_RCCEx_PeriphCLKConfig
                0x0000000008003918      0x478 ./Drivers/STM32G4xx_HAL_Driver/Src/stm32g4xx_hal_rcc_ex.o
                0x0000000008003918                HAL_RCCEx_PeriphCLKConfig
 .text.HAL_RNG_Init
                0x0000000008003d90       0x6a ./Drivers/STM32G4xx_HAL_Driver/Src/stm32g4xx_hal_rng.o
                0x0000000008003d90                HAL_RNG_Init
 .text.HAL_SPI_Init
                0x0000000008003dfa      0x156 ./Drivers/STM32G4xx_HAL_Driver/Src/stm32g4xx_hal_spi.o
                0x0000000008003dfa                HAL_SPI_Init
 .text.HAL_TIM_PWM_Init
                0x0000000008003f50       0xae ./Drivers/STM32G4xx_HAL_Driver/Src/stm32g4xx_hal_tim.o
                0x0000000008003f50                HAL_TIM_PWM_Init
 .text.HAL_TIM_IRQHandler
                0x0000000008003ffe      0x2fe ./Drivers/STM32G4xx_HAL_Driver/Src/stm32g4xx_hal_tim.o
                0x0000000008003ffe                HAL_TIM_IRQHandler
 .text.HAL_TIM_PWM_ConfigChannel
                0x00000000080042fc      0x228 ./Drivers/STM32G4xx_HAL_Driver/Src/stm32g4xx_hal_tim.o
                0x00000000080042fc                HAL_TIM_PWM_ConfigChannel
 .text.HAL_TIM_PeriodElapsedCallback
                0x0000000008004524       0x14 ./Drivers/STM32G4xx_HAL_Driver/Src/stm32g4xx_hal_tim.o
                0x0000000008004524                HAL_TIM_PeriodElapsedCallback
 .text.HAL_TIM_OC_DelayElapsedCallback
                0x0000000008004538       0x14 ./Drivers/STM32G4xx_HAL_Driver/Src/stm32g4xx_hal_tim.o
                0x0000000008004538                HAL_TIM_OC_DelayElapsedCallback
 .text.HAL_TIM_IC_CaptureCallback
                0x000000000800454c       0x14 ./Drivers/STM32G4xx_HAL_Driver/Src/stm32g4xx_hal_tim.o
                0x000000000800454c                HAL_TIM_IC_CaptureCallback
 .text.HAL_TIM_PWM_PulseFinishedCallback
                0x0000000008004560       0x14 ./Drivers/STM32G4xx_HAL_Driver/Src/stm32g4xx_hal_tim.o
                0x0000000008004560                HAL_TIM_PWM_PulseFinishedCallback
 .text.HAL_TIM_TriggerCallback
                0x0000000008004574       0x14 ./Drivers/STM32G4xx_HAL_Driver/Src/stm32g4xx_hal_tim.o
                0x0000000008004574                HAL_TIM_TriggerCallback
 .text.TIM_Base_SetConfig
                0x0000000008004588      0x13c ./Drivers/STM32G4xx_HAL_Driver/Src/stm32g4xx_hal_tim.o
                0x0000000008004588                TIM_Base_SetConfig
 .text.TIM_OC1_SetConfig
                0x00000000080046c4      0x134 ./Drivers/STM32G4xx_HAL_Driver/Src/stm32g4xx_hal_tim.o
 .text.TIM_OC2_SetConfig
                0x00000000080047f8      0x128 ./Drivers/STM32G4xx_HAL_Driver/Src/stm32g4xx_hal_tim.o
                0x00000000080047f8                TIM_OC2_SetConfig
 .text.TIM_OC3_SetConfig
                0x0000000008004920      0x124 ./Drivers/STM32G4xx_HAL_Driver/Src/stm32g4xx_hal_tim.o
 .text.TIM_OC4_SetConfig
                0x0000000008004a44      0x128 ./Drivers/STM32G4xx_HAL_Driver/Src/stm32g4xx_hal_tim.o
 .text.TIM_OC5_SetConfig
                0x0000000008004b6c       0xd4 ./Drivers/STM32G4xx_HAL_Driver/Src/stm32g4xx_hal_tim.o
 .text.TIM_OC6_SetConfig
                0x0000000008004c40       0xd8 ./Drivers/STM32G4xx_HAL_Driver/Src/stm32g4xx_hal_tim.o
 .text.HAL_TIMEx_MasterConfigSynchronization
                0x0000000008004d18      0x11c ./Drivers/STM32G4xx_HAL_Driver/Src/stm32g4xx_hal_tim_ex.o
                0x0000000008004d18                HAL_TIMEx_MasterConfigSynchronization
 .text.HAL_TIMEx_CommutCallback
                0x0000000008004e34       0x14 ./Drivers/STM32G4xx_HAL_Driver/Src/stm32g4xx_hal_tim_ex.o
                0x0000000008004e34                HAL_TIMEx_CommutCallback
 .text.HAL_TIMEx_BreakCallback
                0x0000000008004e48       0x14 ./Drivers/STM32G4xx_HAL_Driver/Src/stm32g4xx_hal_tim_ex.o
                0x0000000008004e48                HAL_TIMEx_BreakCallback
 .text.HAL_TIMEx_Break2Callback
                0x0000000008004e5c       0x14 ./Drivers/STM32G4xx_HAL_Driver/Src/stm32g4xx_hal_tim_ex.o
                0x0000000008004e5c                HAL_TIMEx_Break2Callback
 .text.HAL_TIMEx_EncoderIndexCallback
                0x0000000008004e70       0x14 ./Drivers/STM32G4xx_HAL_Driver/Src/stm32g4xx_hal_tim_ex.o
                0x0000000008004e70                HAL_TIMEx_EncoderIndexCallback
 .text.HAL_TIMEx_DirectionChangeCallback
                0x0000000008004e84       0x14 ./Drivers/STM32G4xx_HAL_Driver/Src/stm32g4xx_hal_tim_ex.o
                0x0000000008004e84                HAL_TIMEx_DirectionChangeCallback
 .text.HAL_TIMEx_IndexErrorCallback
                0x0000000008004e98       0x14 ./Drivers/STM32G4xx_HAL_Driver/Src/stm32g4xx_hal_tim_ex.o
                0x0000000008004e98                HAL_TIMEx_IndexErrorCallback
 .text.HAL_TIMEx_TransitionErrorCallback
                0x0000000008004eac       0x14 ./Drivers/STM32G4xx_HAL_Driver/Src/stm32g4xx_hal_tim_ex.o
                0x0000000008004eac                HAL_TIMEx_TransitionErrorCallback
 .text.USB_EnableGlobalInt
                0x0000000008004ec0       0x2e ./Drivers/STM32G4xx_HAL_Driver/Src/stm32g4xx_ll_usb.o
                0x0000000008004ec0                USB_EnableGlobalInt
 .text.USB_DisableGlobalInt
                0x0000000008004eee       0x36 ./Drivers/STM32G4xx_HAL_Driver/Src/stm32g4xx_ll_usb.o
                0x0000000008004eee                USB_DisableGlobalInt
 .text.USB_DevInit
                0x0000000008004f24       0x42 ./Drivers/STM32G4xx_HAL_Driver/Src/stm32g4xx_ll_usb.o
                0x0000000008004f24                USB_DevInit
 *fill*         0x0000000008004f66        0x2 
 .text.USB_ActivateEndpoint
                0x0000000008004f68      0x728 ./Drivers/STM32G4xx_HAL_Driver/Src/stm32g4xx_ll_usb.o
                0x0000000008004f68                USB_ActivateEndpoint
 .text.USB_DeactivateEndpoint
                0x0000000008005690      0x3da ./Drivers/STM32G4xx_HAL_Driver/Src/stm32g4xx_ll_usb.o
                0x0000000008005690                USB_DeactivateEndpoint
 .text.USB_EPStartXfer
                0x0000000008005a6a     0x166c ./Drivers/STM32G4xx_HAL_Driver/Src/stm32g4xx_ll_usb.o
                0x0000000008005a6a                USB_EPStartXfer
 .text.USB_EPSetStall
                0x00000000080070d6       0xa2 ./Drivers/STM32G4xx_HAL_Driver/Src/stm32g4xx_ll_usb.o
                0x00000000080070d6                USB_EPSetStall
 .text.USB_EPClearStall
                0x0000000008007178      0x15c ./Drivers/STM32G4xx_HAL_Driver/Src/stm32g4xx_ll_usb.o
                0x0000000008007178                USB_EPClearStall
 .text.USB_SetDevAddress
                0x00000000080072d4       0x28 ./Drivers/STM32G4xx_HAL_Driver/Src/stm32g4xx_ll_usb.o
                0x00000000080072d4                USB_SetDevAddress
 .text.USB_DevConnect
                0x00000000080072fc       0x2e ./Drivers/STM32G4xx_HAL_Driver/Src/stm32g4xx_ll_usb.o
                0x00000000080072fc                USB_DevConnect
 .text.USB_ReadInterrupts
                0x000000000800732a       0x20 ./Drivers/STM32G4xx_HAL_Driver/Src/stm32g4xx_ll_usb.o
                0x000000000800732a                USB_ReadInterrupts
 .text.USB_WritePMA
                0x000000000800734a       0x84 ./Drivers/STM32G4xx_HAL_Driver/Src/stm32g4xx_ll_usb.o
                0x000000000800734a                USB_WritePMA
 .text.USB_ReadPMA
                0x00000000080073ce       0x98 ./Drivers/STM32G4xx_HAL_Driver/Src/stm32g4xx_ll_usb.o
                0x00000000080073ce                USB_ReadPMA
 .text.USBD_CDC_Init
                0x0000000008007466       0xfe ./Middlewares/ST/STM32_USB_Device_Library/Class/CDC/Src/usbd_cdc.o
 .text.USBD_CDC_DeInit
                0x0000000008007564       0x74 ./Middlewares/ST/STM32_USB_Device_Library/Class/CDC/Src/usbd_cdc.o
 .text.USBD_CDC_Setup
                0x00000000080075d8      0x190 ./Middlewares/ST/STM32_USB_Device_Library/Class/CDC/Src/usbd_cdc.o
 .text.USBD_CDC_DataIn
                0x0000000008007768       0xca ./Middlewares/ST/STM32_USB_Device_Library/Class/CDC/Src/usbd_cdc.o
 .text.USBD_CDC_DataOut
                0x0000000008007832       0x56 ./Middlewares/ST/STM32_USB_Device_Library/Class/CDC/Src/usbd_cdc.o
 .text.USBD_CDC_EP0_RxReady
                0x0000000008007888       0x5a ./Middlewares/ST/STM32_USB_Device_Library/Class/CDC/Src/usbd_cdc.o
 *fill*         0x00000000080078e2        0x2 
 .text.USBD_CDC_GetFSCfgDesc
                0x00000000080078e4       0x20 ./Middlewares/ST/STM32_USB_Device_Library/Class/CDC/Src/usbd_cdc.o
 .text.USBD_CDC_GetHSCfgDesc
                0x0000000008007904       0x20 ./Middlewares/ST/STM32_USB_Device_Library/Class/CDC/Src/usbd_cdc.o
 .text.USBD_CDC_GetOtherSpeedCfgDesc
                0x0000000008007924       0x20 ./Middlewares/ST/STM32_USB_Device_Library/Class/CDC/Src/usbd_cdc.o
 .text.USBD_CDC_GetDeviceQualifierDescriptor
                0x0000000008007944       0x20 ./Middlewares/ST/STM32_USB_Device_Library/Class/CDC/Src/usbd_cdc.o
                0x0000000008007944                USBD_CDC_GetDeviceQualifierDescriptor
 .text.USBD_CDC_RegisterInterface
                0x0000000008007964       0x2a ./Middlewares/ST/STM32_USB_Device_Library/Class/CDC/Src/usbd_cdc.o
                0x0000000008007964                USBD_CDC_RegisterInterface
 .text.USBD_CDC_SetTxBuffer
                0x000000000800798e       0x3c ./Middlewares/ST/STM32_USB_Device_Library/Class/CDC/Src/usbd_cdc.o
                0x000000000800798e                USBD_CDC_SetTxBuffer
 .text.USBD_CDC_SetRxBuffer
                0x00000000080079ca       0x32 ./Middlewares/ST/STM32_USB_Device_Library/Class/CDC/Src/usbd_cdc.o
                0x00000000080079ca                USBD_CDC_SetRxBuffer
 .text.USBD_CDC_ReceivePacket
                0x00000000080079fc       0x54 ./Middlewares/ST/STM32_USB_Device_Library/Class/CDC/Src/usbd_cdc.o
                0x00000000080079fc                USBD_CDC_ReceivePacket
 .text.USBD_Init
                0x0000000008007a50       0x60 ./Middlewares/ST/STM32_USB_Device_Library/Core/Src/usbd_core.o
                0x0000000008007a50                USBD_Init
 .text.USBD_RegisterClass
                0x0000000008007ab0       0x4e ./Middlewares/ST/STM32_USB_Device_Library/Core/Src/usbd_core.o
                0x0000000008007ab0                USBD_RegisterClass
 .text.USBD_Start
                0x0000000008007afe       0x18 ./Middlewares/ST/STM32_USB_Device_Library/Core/Src/usbd_core.o
                0x0000000008007afe                USBD_Start
 .text.USBD_RunTestMode
                0x0000000008007b16       0x16 ./Middlewares/ST/STM32_USB_Device_Library/Core/Src/usbd_core.o
                0x0000000008007b16                USBD_RunTestMode
 .text.USBD_SetClassConfig
                0x0000000008007b2c       0x38 ./Middlewares/ST/STM32_USB_Device_Library/Core/Src/usbd_core.o
                0x0000000008007b2c                USBD_SetClassConfig
 .text.USBD_ClrClassConfig
                0x0000000008007b64       0x30 ./Middlewares/ST/STM32_USB_Device_Library/Core/Src/usbd_core.o
                0x0000000008007b64                USBD_ClrClassConfig
 .text.USBD_LL_SetupStage
                0x0000000008007b94       0xaa ./Middlewares/ST/STM32_USB_Device_Library/Core/Src/usbd_core.o
                0x0000000008007b94                USBD_LL_SetupStage
 .text.USBD_LL_DataOutStage
                0x0000000008007c3e       0xc6 ./Middlewares/ST/STM32_USB_Device_Library/Core/Src/usbd_core.o
                0x0000000008007c3e                USBD_LL_DataOutStage
 .text.USBD_LL_DataInStage
                0x0000000008007d04      0x12c ./Middlewares/ST/STM32_USB_Device_Library/Core/Src/usbd_core.o
                0x0000000008007d04                USBD_LL_DataInStage
 .text.USBD_LL_Reset
                0x0000000008007e30       0x9c ./Middlewares/ST/STM32_USB_Device_Library/Core/Src/usbd_core.o
                0x0000000008007e30                USBD_LL_Reset
 .text.USBD_LL_SetSpeed
                0x0000000008007ecc       0x20 ./Middlewares/ST/STM32_USB_Device_Library/Core/Src/usbd_core.o
                0x0000000008007ecc                USBD_LL_SetSpeed
 .text.USBD_LL_Suspend
                0x0000000008007eec       0x2c ./Middlewares/ST/STM32_USB_Device_Library/Core/Src/usbd_core.o
                0x0000000008007eec                USBD_LL_Suspend
 .text.USBD_LL_Resume
                0x0000000008007f18       0x30 ./Middlewares/ST/STM32_USB_Device_Library/Core/Src/usbd_core.o
                0x0000000008007f18                USBD_LL_Resume
 .text.USBD_LL_SOF
                0x0000000008007f48       0x44 ./Middlewares/ST/STM32_USB_Device_Library/Core/Src/usbd_core.o
                0x0000000008007f48                USBD_LL_SOF
 .text.SWAPBYTE
                0x0000000008007f8c       0x3c ./Middlewares/ST/STM32_USB_Device_Library/Core/Src/usbd_ctlreq.o
 .text.USBD_StdDevReq
                0x0000000008007fc8       0xdc ./Middlewares/ST/STM32_USB_Device_Library/Core/Src/usbd_ctlreq.o
                0x0000000008007fc8                USBD_StdDevReq
 .text.USBD_StdItfReq
                0x00000000080080a4       0x92 ./Middlewares/ST/STM32_USB_Device_Library/Core/Src/usbd_ctlreq.o
                0x00000000080080a4                USBD_StdItfReq
 .text.USBD_StdEPReq
                0x0000000008008136      0x2c4 ./Middlewares/ST/STM32_USB_Device_Library/Core/Src/usbd_ctlreq.o
                0x0000000008008136                USBD_StdEPReq
 *fill*         0x00000000080083fa        0x2 
 .text.USBD_GetDescriptor
                0x00000000080083fc      0x328 ./Middlewares/ST/STM32_USB_Device_Library/Core/Src/usbd_ctlreq.o
 .text.USBD_SetAddress
                0x0000000008008724       0x88 ./Middlewares/ST/STM32_USB_Device_Library/Core/Src/usbd_ctlreq.o
 .text.USBD_SetConfig
                0x00000000080087ac      0x14c ./Middlewares/ST/STM32_USB_Device_Library/Core/Src/usbd_ctlreq.o
 .text.USBD_GetConfig
                0x00000000080088f8       0x6c ./Middlewares/ST/STM32_USB_Device_Library/Core/Src/usbd_ctlreq.o
 .text.USBD_GetStatus
                0x0000000008008964       0x68 ./Middlewares/ST/STM32_USB_Device_Library/Core/Src/usbd_ctlreq.o
 .text.USBD_SetFeature
                0x00000000080089cc       0x28 ./Middlewares/ST/STM32_USB_Device_Library/Core/Src/usbd_ctlreq.o
 .text.USBD_ClrFeature
                0x00000000080089f4       0x44 ./Middlewares/ST/STM32_USB_Device_Library/Core/Src/usbd_ctlreq.o
 .text.USBD_ParseSetupRequest
                0x0000000008008a38       0x74 ./Middlewares/ST/STM32_USB_Device_Library/Core/Src/usbd_ctlreq.o
                0x0000000008008a38                USBD_ParseSetupRequest
 .text.USBD_CtlError
                0x0000000008008aac       0x22 ./Middlewares/ST/STM32_USB_Device_Library/Core/Src/usbd_ctlreq.o
                0x0000000008008aac                USBD_CtlError
 .text.USBD_GetString
                0x0000000008008ace       0x8c ./Middlewares/ST/STM32_USB_Device_Library/Core/Src/usbd_ctlreq.o
                0x0000000008008ace                USBD_GetString
 .text.USBD_GetLen
                0x0000000008008b5a       0x34 ./Middlewares/ST/STM32_USB_Device_Library/Core/Src/usbd_ctlreq.o
 .text.USBD_CtlSendData
                0x0000000008008b8e       0x36 ./Middlewares/ST/STM32_USB_Device_Library/Core/Src/usbd_ioreq.o
                0x0000000008008b8e                USBD_CtlSendData
 .text.USBD_CtlContinueSendData
                0x0000000008008bc4       0x22 ./Middlewares/ST/STM32_USB_Device_Library/Core/Src/usbd_ioreq.o
                0x0000000008008bc4                USBD_CtlContinueSendData
 .text.USBD_CtlPrepareRx
                0x0000000008008be6       0x3a ./Middlewares/ST/STM32_USB_Device_Library/Core/Src/usbd_ioreq.o
                0x0000000008008be6                USBD_CtlPrepareRx
 .text.USBD_CtlContinueRx
                0x0000000008008c20       0x22 ./Middlewares/ST/STM32_USB_Device_Library/Core/Src/usbd_ioreq.o
                0x0000000008008c20                USBD_CtlContinueRx
 .text.USBD_CtlSendStatus
                0x0000000008008c42       0x26 ./Middlewares/ST/STM32_USB_Device_Library/Core/Src/usbd_ioreq.o
                0x0000000008008c42                USBD_CtlSendStatus
 .text.USBD_CtlReceiveStatus
                0x0000000008008c68       0x26 ./Middlewares/ST/STM32_USB_Device_Library/Core/Src/usbd_ioreq.o
                0x0000000008008c68                USBD_CtlReceiveStatus
 *fill*         0x0000000008008c8e        0x2 
 .text.MX_USB_Device_Init
                0x0000000008008c90       0x60 ./USB_Device/App/usb_device.o
                0x0000000008008c90                MX_USB_Device_Init
 .text.CDC_Init_FS
                0x0000000008008cf0       0x28 ./USB_Device/App/usbd_cdc_if.o
 .text.CDC_DeInit_FS
                0x0000000008008d18       0x10 ./USB_Device/App/usbd_cdc_if.o
 .text.CDC_Control_FS
                0x0000000008008d28       0xbc ./USB_Device/App/usbd_cdc_if.o
 .text.CDC_Receive_FS
                0x0000000008008de4       0x28 ./USB_Device/App/usbd_cdc_if.o
 .text.CDC_TransmitCplt_FS
                0x0000000008008e0c       0x22 ./USB_Device/App/usbd_cdc_if.o
 *fill*         0x0000000008008e2e        0x2 
 .text.USBD_CDC_DeviceDescriptor
                0x0000000008008e30       0x24 ./USB_Device/App/usbd_desc.o
                0x0000000008008e30                USBD_CDC_DeviceDescriptor
 .text.USBD_CDC_LangIDStrDescriptor
                0x0000000008008e54       0x24 ./USB_Device/App/usbd_desc.o
                0x0000000008008e54                USBD_CDC_LangIDStrDescriptor
 .text.USBD_CDC_ProductStrDescriptor
                0x0000000008008e78       0x3c ./USB_Device/App/usbd_desc.o
                0x0000000008008e78                USBD_CDC_ProductStrDescriptor
 .text.USBD_CDC_ManufacturerStrDescriptor
                0x0000000008008eb4       0x28 ./USB_Device/App/usbd_desc.o
                0x0000000008008eb4                USBD_CDC_ManufacturerStrDescriptor
 .text.USBD_CDC_SerialStrDescriptor
                0x0000000008008edc       0x24 ./USB_Device/App/usbd_desc.o
                0x0000000008008edc                USBD_CDC_SerialStrDescriptor
 .text.USBD_CDC_ConfigStrDescriptor
                0x0000000008008f00       0x3c ./USB_Device/App/usbd_desc.o
                0x0000000008008f00                USBD_CDC_ConfigStrDescriptor
 .text.USBD_CDC_InterfaceStrDescriptor
                0x0000000008008f3c       0x3c ./USB_Device/App/usbd_desc.o
                0x0000000008008f3c                USBD_CDC_InterfaceStrDescriptor
 .text.Get_SerialNum
                0x0000000008008f78       0x58 ./USB_Device/App/usbd_desc.o
 .text.IntToUnicode
                0x0000000008008fd0       0x7e ./USB_Device/App/usbd_desc.o
 *fill*         0x000000000800904e        0x2 
 .text.HAL_PCD_MspInit
                0x0000000008009050       0x78 ./USB_Device/Target/usbd_conf.o
                0x0000000008009050                HAL_PCD_MspInit
 .text.HAL_PCD_SetupStageCallback
                0x00000000080090c8       0x24 ./USB_Device/Target/usbd_conf.o
                0x00000000080090c8                HAL_PCD_SetupStageCallback
 .text.HAL_PCD_DataOutStageCallback
                0x00000000080090ec       0x36 ./USB_Device/Target/usbd_conf.o
                0x00000000080090ec                HAL_PCD_DataOutStageCallback
 .text.HAL_PCD_DataInStageCallback
                0x0000000008009122       0x34 ./USB_Device/Target/usbd_conf.o
                0x0000000008009122                HAL_PCD_DataInStageCallback
 .text.HAL_PCD_SOFCallback
                0x0000000008009156       0x1c ./USB_Device/Target/usbd_conf.o
                0x0000000008009156                HAL_PCD_SOFCallback
 .text.HAL_PCD_ResetCallback
                0x0000000008009172       0x3c ./USB_Device/Target/usbd_conf.o
                0x0000000008009172                HAL_PCD_ResetCallback
 *fill*         0x00000000080091ae        0x2 
 .text.HAL_PCD_SuspendCallback
                0x00000000080091b0       0x34 ./USB_Device/Target/usbd_conf.o
                0x00000000080091b0                HAL_PCD_SuspendCallback
 .text.HAL_PCD_ResumeCallback
                0x00000000080091e4       0x38 ./USB_Device/Target/usbd_conf.o
                0x00000000080091e4                HAL_PCD_ResumeCallback
 .text.USBD_LL_Init
                0x000000000800921c       0xc0 ./USB_Device/Target/usbd_conf.o
                0x000000000800921c                USBD_LL_Init
 .text.USBD_LL_Start
                0x00000000080092dc       0x36 ./USB_Device/Target/usbd_conf.o
                0x00000000080092dc                USBD_LL_Start
 .text.USBD_LL_OpenEP
                0x0000000008009312       0x4c ./USB_Device/Target/usbd_conf.o
                0x0000000008009312                USBD_LL_OpenEP
 .text.USBD_LL_CloseEP
                0x000000000800935e       0x3e ./USB_Device/Target/usbd_conf.o
                0x000000000800935e                USBD_LL_CloseEP
 .text.USBD_LL_StallEP
                0x000000000800939c       0x3e ./USB_Device/Target/usbd_conf.o
                0x000000000800939c                USBD_LL_StallEP
 .text.USBD_LL_ClearStallEP
                0x00000000080093da       0x3e ./USB_Device/Target/usbd_conf.o
                0x00000000080093da                USBD_LL_ClearStallEP
 .text.USBD_LL_IsStallEP
                0x0000000008009418       0x5a ./USB_Device/Target/usbd_conf.o
                0x0000000008009418                USBD_LL_IsStallEP
 .text.USBD_LL_SetUSBAddress
                0x0000000008009472       0x3e ./USB_Device/Target/usbd_conf.o
                0x0000000008009472                USBD_LL_SetUSBAddress
 .text.USBD_LL_Transmit
                0x00000000080094b0       0x42 ./USB_Device/Target/usbd_conf.o
                0x00000000080094b0                USBD_LL_Transmit
 .text.USBD_LL_PrepareReceive
                0x00000000080094f2       0x42 ./USB_Device/Target/usbd_conf.o
                0x00000000080094f2                USBD_LL_PrepareReceive
 .text.USBD_LL_GetRxDataSize
                0x0000000008009534       0x26 ./USB_Device/Target/usbd_conf.o
                0x0000000008009534                USBD_LL_GetRxDataSize
 *fill*         0x000000000800955a        0x2 
 .text.HAL_PCDEx_LPM_Callback
                0x000000000800955c       0x6c ./USB_Device/Target/usbd_conf.o
                0x000000000800955c                HAL_PCDEx_LPM_Callback
 .text.USBD_static_malloc
                0x00000000080095c8       0x1c ./USB_Device/Target/usbd_conf.o
                0x00000000080095c8                USBD_static_malloc
 .text.USBD_static_free
                0x00000000080095e4       0x14 ./USB_Device/Target/usbd_conf.o
                0x00000000080095e4                USBD_static_free
 .text.SystemClockConfig_Resume
                0x00000000080095f8        0xc ./USB_Device/Target/usbd_conf.o
 .text.USBD_Get_USB_Status
                0x0000000008009604       0x58 ./USB_Device/Target/usbd_conf.o
 .text.__libc_init_array
                0x000000000800965c       0x48 c:/st/stm32cubeide_1.7.0/stm32cubeide/plugins/com.st.stm32cube.ide.mcu.externaltools.gnu-tools-for-stm32.10.3-2021.10.win32_1.0.100.202210260954/tools/bin/../lib/gcc/arm-none-eabi/10.3.1/../../../../arm-none-eabi/lib/thumb/v7e-m+fp/hard\libc_nano.a(lib_a-init.o)
                0x000000000800965c                __libc_init_array
 .text.memset   0x00000000080096a4       0x10 c:/st/stm32cubeide_1.7.0/stm32cubeide/plugins/com.st.stm32cube.ide.mcu.externaltools.gnu-tools-for-stm32.10.3-2021.10.win32_1.0.100.202210260954/tools/bin/../lib/gcc/arm-none-eabi/10.3.1/../../../../arm-none-eabi/lib/thumb/v7e-m+fp/hard\libc_nano.a(lib_a-memset.o)
                0x00000000080096a4                memset
 *(.glue_7)
 .glue_7        0x00000000080096b4        0x0 linker stubs
 *(.glue_7t)
 .glue_7t       0x00000000080096b4        0x0 linker stubs
 *(.eh_frame)
 .eh_frame      0x00000000080096b4        0x0 c:/st/stm32cubeide_1.7.0/stm32cubeide/plugins/com.st.stm32cube.ide.mcu.externaltools.gnu-tools-for-stm32.10.3-2021.10.win32_1.0.100.202210260954/tools/bin/../lib/gcc/arm-none-eabi/10.3.1/thumb/v7e-m+fp/hard/crtbegin.o
 *(.init)
 .init          0x00000000080096b4        0x4 c:/st/stm32cubeide_1.7.0/stm32cubeide/plugins/com.st.stm32cube.ide.mcu.externaltools.gnu-tools-for-stm32.10.3-2021.10.win32_1.0.100.202210260954/tools/bin/../lib/gcc/arm-none-eabi/10.3.1/thumb/v7e-m+fp/hard/crti.o
                0x00000000080096b4                _init
 .init          0x00000000080096b8        0x8 c:/st/stm32cubeide_1.7.0/stm32cubeide/plugins/com.st.stm32cube.ide.mcu.externaltools.gnu-tools-for-stm32.10.3-2021.10.win32_1.0.100.202210260954/tools/bin/../lib/gcc/arm-none-eabi/10.3.1/thumb/v7e-m+fp/hard/crtn.o
 *(.fini)
 .fini          0x00000000080096c0        0x4 c:/st/stm32cubeide_1.7.0/stm32cubeide/plugins/com.st.stm32cube.ide.mcu.externaltools.gnu-tools-for-stm32.10.3-2021.10.win32_1.0.100.202210260954/tools/bin/../lib/gcc/arm-none-eabi/10.3.1/thumb/v7e-m+fp/hard/crti.o
                0x00000000080096c0                _fini
 .fini          0x00000000080096c4        0x8 c:/st/stm32cubeide_1.7.0/stm32cubeide/plugins/com.st.stm32cube.ide.mcu.externaltools.gnu-tools-for-stm32.10.3-2021.10.win32_1.0.100.202210260954/tools/bin/../lib/gcc/arm-none-eabi/10.3.1/thumb/v7e-m+fp/hard/crtn.o
                0x00000000080096cc                . = ALIGN (0x4)
                0x00000000080096cc                _etext = .

.vfp11_veneer   0x00000000080096cc        0x0
 .vfp11_veneer  0x00000000080096cc        0x0 linker stubs

.v4_bx          0x00000000080096cc        0x0
 .v4_bx         0x00000000080096cc        0x0 linker stubs

.iplt           0x00000000080096cc        0x0
 .iplt          0x00000000080096cc        0x0 c:/st/stm32cubeide_1.7.0/stm32cubeide/plugins/com.st.stm32cube.ide.mcu.externaltools.gnu-tools-for-stm32.10.3-2021.10.win32_1.0.100.202210260954/tools/bin/../lib/gcc/arm-none-eabi/10.3.1/thumb/v7e-m+fp/hard/crtbegin.o

.rodata         0x00000000080096cc       0x68
                0x00000000080096cc                . = ALIGN (0x4)
 *(.rodata)
 .rodata        0x00000000080096cc       0x46 ./USB_Device/App/usbd_desc.o
 *(.rodata*)
 *fill*         0x0000000008009712        0x2 
 .rodata.pKeyAES
                0x0000000008009714       0x10 ./Core/Src/aes.o
 .rodata.AHBPrescTable
                0x0000000008009724       0x10 ./Core/Src/system_stm32g4xx.o
                0x0000000008009724                AHBPrescTable
                0x0000000008009734                . = ALIGN (0x4)

.rel.dyn        0x0000000008009734        0x0
 .rel.iplt      0x0000000008009734        0x0 c:/st/stm32cubeide_1.7.0/stm32cubeide/plugins/com.st.stm32cube.ide.mcu.externaltools.gnu-tools-for-stm32.10.3-2021.10.win32_1.0.100.202210260954/tools/bin/../lib/gcc/arm-none-eabi/10.3.1/thumb/v7e-m+fp/hard/crtbegin.o

.ARM.extab      0x0000000008009734        0x0
                0x0000000008009734                . = ALIGN (0x4)
 *(.ARM.extab* .gnu.linkonce.armextab.*)
                0x0000000008009734                . = ALIGN (0x4)

.ARM            0x0000000008009734        0x0
                0x0000000008009734                . = ALIGN (0x4)
                0x0000000008009734                __exidx_start = .
 *(.ARM.exidx*)
                0x0000000008009734                __exidx_end = .
                0x0000000008009734                . = ALIGN (0x4)

.preinit_array  0x0000000008009734        0x0
                0x0000000008009734                . = ALIGN (0x4)
                0x0000000008009734                PROVIDE (__preinit_array_start = .)
 *(.preinit_array*)
                0x0000000008009734                PROVIDE (__preinit_array_end = .)
                0x0000000008009734                . = ALIGN (0x4)

.init_array     0x0000000008009734        0x4
                0x0000000008009734                . = ALIGN (0x4)
                0x0000000008009734                PROVIDE (__init_array_start = .)
 *(SORT_BY_NAME(.init_array.*))
 *(.init_array*)
 .init_array    0x0000000008009734        0x4 c:/st/stm32cubeide_1.7.0/stm32cubeide/plugins/com.st.stm32cube.ide.mcu.externaltools.gnu-tools-for-stm32.10.3-2021.10.win32_1.0.100.202210260954/tools/bin/../lib/gcc/arm-none-eabi/10.3.1/thumb/v7e-m+fp/hard/crtbegin.o
                0x0000000008009738                PROVIDE (__init_array_end = .)
                0x0000000008009738                . = ALIGN (0x4)

.fini_array     0x0000000008009738        0x4
                0x0000000008009738                . = ALIGN (0x4)
                [!provide]                        PROVIDE (__fini_array_start = .)
 *(SORT_BY_NAME(.fini_array.*))
 *(.fini_array*)
 .fini_array    0x0000000008009738        0x4 c:/st/stm32cubeide_1.7.0/stm32cubeide/plugins/com.st.stm32cube.ide.mcu.externaltools.gnu-tools-for-stm32.10.3-2021.10.win32_1.0.100.202210260954/tools/bin/../lib/gcc/arm-none-eabi/10.3.1/thumb/v7e-m+fp/hard/crtbegin.o
                [!provide]                        PROVIDE (__fini_array_end = .)
                0x000000000800973c                . = ALIGN (0x4)
                0x000000000800973c                _sidata = LOADADDR (.data)

.data           0x0000000020000000      0x184 load address 0x000000000800973c
                0x0000000020000000                . = ALIGN (0x4)
                0x0000000020000000                _sdata = .
 *(.data)
 *(.data*)
 .data.SystemCoreClock
                0x0000000020000000        0x4 ./Core/Src/system_stm32g4xx.o
                0x0000000020000000                SystemCoreClock
 .data.uwTickPrio
                0x0000000020000004        0x4 ./Drivers/STM32G4xx_HAL_Driver/Src/stm32g4xx_hal.o
                0x0000000020000004                uwTickPrio
 .data.uwTickFreq
                0x0000000020000008        0x4 ./Drivers/STM32G4xx_HAL_Driver/Src/stm32g4xx_hal.o
                0x0000000020000008                uwTickFreq
 .data.USBD_CDC_DeviceQualifierDesc
                0x000000002000000c        0xa ./Middlewares/ST/STM32_USB_Device_Library/Class/CDC/Src/usbd_cdc.o
 *fill*         0x0000000020000016        0x2 
 .data.USBD_CDC
                0x0000000020000018       0x38 ./Middlewares/ST/STM32_USB_Device_Library/Class/CDC/Src/usbd_cdc.o
                0x0000000020000018                USBD_CDC
 .data.USBD_CDC_CfgHSDesc
                0x0000000020000050       0x43 ./Middlewares/ST/STM32_USB_Device_Library/Class/CDC/Src/usbd_cdc.o
 *fill*         0x0000000020000093        0x1 
 .data.USBD_CDC_CfgFSDesc
                0x0000000020000094       0x43 ./Middlewares/ST/STM32_USB_Device_Library/Class/CDC/Src/usbd_cdc.o
 *fill*         0x00000000200000d7        0x1 
 .data.USBD_CDC_OtherSpeedCfgDesc
                0x00000000200000d8       0x43 ./Middlewares/ST/STM32_USB_Device_Library/Class/CDC/Src/usbd_cdc.o
 *fill*         0x000000002000011b        0x1 
 .data.USBD_Interface_fops_FS
                0x000000002000011c       0x14 ./USB_Device/App/usbd_cdc_if.o
                0x000000002000011c                USBD_Interface_fops_FS
 .data.CDC_Desc
                0x0000000020000130       0x20 ./USB_Device/App/usbd_desc.o
                0x0000000020000130                CDC_Desc
 .data.USBD_CDC_DeviceDesc
                0x0000000020000150       0x12 ./USB_Device/App/usbd_desc.o
                0x0000000020000150                USBD_CDC_DeviceDesc
 *fill*         0x0000000020000162        0x2 
 .data.USBD_LangIDDesc
                0x0000000020000164        0x4 ./USB_Device/App/usbd_desc.o
                0x0000000020000164                USBD_LangIDDesc
 .data.USBD_StringSerial
                0x0000000020000168       0x1a ./USB_Device/App/usbd_desc.o
                0x0000000020000168                USBD_StringSerial
 *(.RamFunc)
 *(.RamFunc*)
                0x0000000020000184                . = ALIGN (0x4)
 *fill*         0x0000000020000182        0x2 
                0x0000000020000184                _edata = .

.igot.plt       0x0000000020000184        0x0 load address 0x00000000080098c0
 .igot.plt      0x0000000020000184        0x0 c:/st/stm32cubeide_1.7.0/stm32cubeide/plugins/com.st.stm32cube.ide.mcu.externaltools.gnu-tools-for-stm32.10.3-2021.10.win32_1.0.100.202210260954/tools/bin/../lib/gcc/arm-none-eabi/10.3.1/thumb/v7e-m+fp/hard/crtbegin.o
                0x0000000020000184                . = ALIGN (0x4)

.bss            0x0000000020000184     0x1b8c load address 0x00000000080098c0
                0x0000000020000184                _sbss = .
                0x0000000020000184                __bss_start__ = _sbss
 *(.bss)
 .bss           0x0000000020000184       0x1c c:/st/stm32cubeide_1.7.0/stm32cubeide/plugins/com.st.stm32cube.ide.mcu.externaltools.gnu-tools-for-stm32.10.3-2021.10.win32_1.0.100.202210260954/tools/bin/../lib/gcc/arm-none-eabi/10.3.1/thumb/v7e-m+fp/hard/crtbegin.o
 *(.bss*)
 .bss.hcryp     0x00000000200001a0       0x60 ./Core/Src/aes.o
                0x00000000200001a0                hcryp
 .bss.hrng      0x0000000020000200       0x14 ./Core/Src/rng.o
                0x0000000020000200                hrng
 .bss.hspi1     0x0000000020000214       0x64 ./Core/Src/spi.o
                0x0000000020000214                hspi1
 .bss.htim2     0x0000000020000278       0x4c ./Core/Src/tim.o
                0x0000000020000278                htim2
 .bss.hdma_tim2_ch1
                0x00000000200002c4       0x60 ./Core/Src/tim.o
                0x00000000200002c4                hdma_tim2_ch1
 .bss.uwTick    0x0000000020000324        0x4 ./Drivers/STM32G4xx_HAL_Driver/Src/stm32g4xx_hal.o
                0x0000000020000324                uwTick
 .bss.cfgidx.0  0x0000000020000328        0x1 ./Middlewares/ST/STM32_USB_Device_Library/Core/Src/usbd_ctlreq.o
 *fill*         0x0000000020000329        0x3 
 .bss.hUsbDeviceFS
                0x000000002000032c      0x2d0 ./USB_Device/App/usb_device.o
                0x000000002000032c                hUsbDeviceFS
 .bss.UserRxBufferFS
                0x00000000200005fc      0x800 ./USB_Device/App/usbd_cdc_if.o
                0x00000000200005fc                UserRxBufferFS
 .bss.UserTxBufferFS
                0x0000000020000dfc      0x800 ./USB_Device/App/usbd_cdc_if.o
                0x0000000020000dfc                UserTxBufferFS
 .bss.USBD_StrDesc
                0x00000000200015fc      0x200 ./USB_Device/App/usbd_desc.o
                0x00000000200015fc                USBD_StrDesc
 .bss.hpcd_USB_FS
                0x00000000200017fc      0x2f4 ./USB_Device/Target/usbd_conf.o
                0x00000000200017fc                hpcd_USB_FS
 .bss.mem.0     0x0000000020001af0      0x220 ./USB_Device/Target/usbd_conf.o
 *(COMMON)
                0x0000000020001d10                . = ALIGN (0x4)
                0x0000000020001d10                _ebss = .
                0x0000000020001d10                __bss_end__ = _ebss

._user_heap_stack
                0x0000000020001d10      0x600 load address 0x00000000080098c0
                0x0000000020001d10                . = ALIGN (0x8)
                [!provide]                        PROVIDE (end = .)
                0x0000000020001d10                PROVIDE (_end = .)
                0x0000000020001f10                . = (. + _Min_Heap_Size)
 *fill*         0x0000000020001d10      0x200 
                0x0000000020002310                . = (. + _Min_Stack_Size)
 *fill*         0x0000000020001f10      0x400 
                0x0000000020002310                . = ALIGN (0x8)

/DISCARD/
 libc.a(*)
 libm.a(*)
 libgcc.a(*)

.ARM.attributes
                0x0000000000000000       0x30
 *(.ARM.attributes)
 .ARM.attributes
                0x0000000000000000       0x1e c:/st/stm32cubeide_1.7.0/stm32cubeide/plugins/com.st.stm32cube.ide.mcu.externaltools.gnu-tools-for-stm32.10.3-2021.10.win32_1.0.100.202210260954/tools/bin/../lib/gcc/arm-none-eabi/10.3.1/thumb/v7e-m+fp/hard/crti.o
 .ARM.attributes
                0x000000000000001e       0x34 c:/st/stm32cubeide_1.7.0/stm32cubeide/plugins/com.st.stm32cube.ide.mcu.externaltools.gnu-tools-for-stm32.10.3-2021.10.win32_1.0.100.202210260954/tools/bin/../lib/gcc/arm-none-eabi/10.3.1/thumb/v7e-m+fp/hard/crtbegin.o
 .ARM.attributes
                0x0000000000000052       0x34 ./Core/Src/aes.o
 .ARM.attributes
                0x0000000000000086       0x34 ./Core/Src/dma.o
 .ARM.attributes
                0x00000000000000ba       0x34 ./Core/Src/gpio.o
 .ARM.attributes
                0x00000000000000ee       0x34 ./Core/Src/main.o
 .ARM.attributes
                0x0000000000000122       0x34 ./Core/Src/rng.o
 .ARM.attributes
                0x0000000000000156       0x34 ./Core/Src/spi.o
 .ARM.attributes
                0x000000000000018a       0x34 ./Core/Src/stm32g4xx_hal_msp.o
 .ARM.attributes
                0x00000000000001be       0x34 ./Core/Src/stm32g4xx_it.o
 .ARM.attributes
                0x00000000000001f2       0x34 ./Core/Src/system_stm32g4xx.o
 .ARM.attributes
                0x0000000000000226       0x34 ./Core/Src/tim.o
 .ARM.attributes
                0x000000000000025a       0x21 ./Core/Startup/startup_stm32g4a1keux.o
 .ARM.attributes
                0x000000000000027b       0x34 ./Drivers/STM32G4xx_HAL_Driver/Src/stm32g4xx_hal.o
 .ARM.attributes
                0x00000000000002af       0x34 ./Drivers/STM32G4xx_HAL_Driver/Src/stm32g4xx_hal_cortex.o
 .ARM.attributes
                0x00000000000002e3       0x34 ./Drivers/STM32G4xx_HAL_Driver/Src/stm32g4xx_hal_cryp.o
 .ARM.attributes
                0x0000000000000317       0x34 ./Drivers/STM32G4xx_HAL_Driver/Src/stm32g4xx_hal_dma.o
 .ARM.attributes
                0x000000000000034b       0x34 ./Drivers/STM32G4xx_HAL_Driver/Src/stm32g4xx_hal_gpio.o
 .ARM.attributes
                0x000000000000037f       0x34 ./Drivers/STM32G4xx_HAL_Driver/Src/stm32g4xx_hal_pcd.o
 .ARM.attributes
                0x00000000000003b3       0x34 ./Drivers/STM32G4xx_HAL_Driver/Src/stm32g4xx_hal_pcd_ex.o
 .ARM.attributes
                0x00000000000003e7       0x34 ./Drivers/STM32G4xx_HAL_Driver/Src/stm32g4xx_hal_pwr_ex.o
 .ARM.attributes
                0x000000000000041b       0x34 ./Drivers/STM32G4xx_HAL_Driver/Src/stm32g4xx_hal_rcc.o
 .ARM.attributes
                0x000000000000044f       0x34 ./Drivers/STM32G4xx_HAL_Driver/Src/stm32g4xx_hal_rcc_ex.o
 .ARM.attributes
                0x0000000000000483       0x34 ./Drivers/STM32G4xx_HAL_Driver/Src/stm32g4xx_hal_rng.o
 .ARM.attributes
                0x00000000000004b7       0x34 ./Drivers/STM32G4xx_HAL_Driver/Src/stm32g4xx_hal_spi.o
 .ARM.attributes
                0x00000000000004eb       0x34 ./Drivers/STM32G4xx_HAL_Driver/Src/stm32g4xx_hal_tim.o
 .ARM.attributes
                0x000000000000051f       0x34 ./Drivers/STM32G4xx_HAL_Driver/Src/stm32g4xx_hal_tim_ex.o
 .ARM.attributes
                0x0000000000000553       0x34 ./Drivers/STM32G4xx_HAL_Driver/Src/stm32g4xx_ll_usb.o
 .ARM.attributes
                0x0000000000000587       0x34 ./Middlewares/ST/STM32_USB_Device_Library/Class/CDC/Src/usbd_cdc.o
 .ARM.attributes
                0x00000000000005bb       0x34 ./Middlewares/ST/STM32_USB_Device_Library/Core/Src/usbd_core.o
 .ARM.attributes
                0x00000000000005ef       0x34 ./Middlewares/ST/STM32_USB_Device_Library/Core/Src/usbd_ctlreq.o
 .ARM.attributes
                0x0000000000000623       0x34 ./Middlewares/ST/STM32_USB_Device_Library/Core/Src/usbd_ioreq.o
 .ARM.attributes
                0x0000000000000657       0x34 ./USB_Device/App/usb_device.o
 .ARM.attributes
                0x000000000000068b       0x34 ./USB_Device/App/usbd_cdc_if.o
 .ARM.attributes
                0x00000000000006bf       0x34 ./USB_Device/App/usbd_desc.o
 .ARM.attributes
                0x00000000000006f3       0x34 ./USB_Device/Target/usbd_conf.o
 .ARM.attributes
                0x0000000000000727       0x34 c:/st/stm32cubeide_1.7.0/stm32cubeide/plugins/com.st.stm32cube.ide.mcu.externaltools.gnu-tools-for-stm32.10.3-2021.10.win32_1.0.100.202210260954/tools/bin/../lib/gcc/arm-none-eabi/10.3.1/../../../../arm-none-eabi/lib/thumb/v7e-m+fp/hard\libc_nano.a(lib_a-init.o)
 .ARM.attributes
                0x000000000000075b       0x34 c:/st/stm32cubeide_1.7.0/stm32cubeide/plugins/com.st.stm32cube.ide.mcu.externaltools.gnu-tools-for-stm32.10.3-2021.10.win32_1.0.100.202210260954/tools/bin/../lib/gcc/arm-none-eabi/10.3.1/../../../../arm-none-eabi/lib/thumb/v7e-m+fp/hard\libc_nano.a(lib_a-memset.o)
 .ARM.attributes
                0x000000000000078f       0x1e c:/st/stm32cubeide_1.7.0/stm32cubeide/plugins/com.st.stm32cube.ide.mcu.externaltools.gnu-tools-for-stm32.10.3-2021.10.win32_1.0.100.202210260954/tools/bin/../lib/gcc/arm-none-eabi/10.3.1/thumb/v7e-m+fp/hard/crtn.o
OUTPUT(C4V1.elf elf32-littlearm)
LOAD linker stubs
LOAD c:/st/stm32cubeide_1.7.0/stm32cubeide/plugins/com.st.stm32cube.ide.mcu.externaltools.gnu-tools-for-stm32.10.3-2021.10.win32_1.0.100.202210260954/tools/bin/../lib/gcc/arm-none-eabi/10.3.1/../../../../arm-none-eabi/lib/thumb/v7e-m+fp/hard\libc.a
LOAD c:/st/stm32cubeide_1.7.0/stm32cubeide/plugins/com.st.stm32cube.ide.mcu.externaltools.gnu-tools-for-stm32.10.3-2021.10.win32_1.0.100.202210260954/tools/bin/../lib/gcc/arm-none-eabi/10.3.1/../../../../arm-none-eabi/lib/thumb/v7e-m+fp/hard\libm.a
LOAD c:/st/stm32cubeide_1.7.0/stm32cubeide/plugins/com.st.stm32cube.ide.mcu.externaltools.gnu-tools-for-stm32.10.3-2021.10.win32_1.0.100.202210260954/tools/bin/../lib/gcc/arm-none-eabi/10.3.1/thumb/v7e-m+fp/hard\libgcc.a

.debug_info     0x0000000000000000    0x1bb58
 .debug_info    0x0000000000000000      0xacc ./Core/Src/aes.o
 .debug_info    0x0000000000000acc      0x59d ./Core/Src/dma.o
 .debug_info    0x0000000000001069      0x4e0 ./Core/Src/gpio.o
 .debug_info    0x0000000000001549      0x326 ./Core/Src/main.o
 .debug_info    0x000000000000186f      0x63e ./Core/Src/rng.o
 .debug_info    0x0000000000001ead      0xb7d ./Core/Src/spi.o
 .debug_info    0x0000000000002a2a      0x324 ./Core/Src/stm32g4xx_hal_msp.o
 .debug_info    0x0000000000002d4e      0xe37 ./Core/Src/stm32g4xx_it.o
 .debug_info    0x0000000000003b85      0x59f ./Core/Src/system_stm32g4xx.o
 .debug_info    0x0000000000004124     0x10ab ./Core/Src/tim.o
 .debug_info    0x00000000000051cf       0x22 ./Core/Startup/startup_stm32g4a1keux.o
 .debug_info    0x00000000000051f1      0xb37 ./Drivers/STM32G4xx_HAL_Driver/Src/stm32g4xx_hal.o
 .debug_info    0x0000000000005d28      0xe18 ./Drivers/STM32G4xx_HAL_Driver/Src/stm32g4xx_hal_cortex.o
 .debug_info    0x0000000000006b40     0x18b9 ./Drivers/STM32G4xx_HAL_Driver/Src/stm32g4xx_hal_cryp.o
 .debug_info    0x00000000000083f9      0x8ee ./Drivers/STM32G4xx_HAL_Driver/Src/stm32g4xx_hal_dma.o
 .debug_info    0x0000000000008ce7      0x82f ./Drivers/STM32G4xx_HAL_Driver/Src/stm32g4xx_hal_gpio.o
 .debug_info    0x0000000000009516     0x16ac ./Drivers/STM32G4xx_HAL_Driver/Src/stm32g4xx_hal_pcd.o
 .debug_info    0x000000000000abc2      0x890 ./Drivers/STM32G4xx_HAL_Driver/Src/stm32g4xx_hal_pcd_ex.o
 .debug_info    0x000000000000b452      0x983 ./Drivers/STM32G4xx_HAL_Driver/Src/stm32g4xx_hal_pwr_ex.o
 .debug_info    0x000000000000bdd5      0xc53 ./Drivers/STM32G4xx_HAL_Driver/Src/stm32g4xx_hal_rcc.o
 .debug_info    0x000000000000ca28      0xd25 ./Drivers/STM32G4xx_HAL_Driver/Src/stm32g4xx_hal_rcc_ex.o
 .debug_info    0x000000000000d74d      0x480 ./Drivers/STM32G4xx_HAL_Driver/Src/stm32g4xx_hal_rng.o
 .debug_info    0x000000000000dbcd     0x18b8 ./Drivers/STM32G4xx_HAL_Driver/Src/stm32g4xx_hal_spi.o
 .debug_info    0x000000000000f485     0x2e83 ./Drivers/STM32G4xx_HAL_Driver/Src/stm32g4xx_hal_tim.o
 .debug_info    0x0000000000012308     0x1eea ./Drivers/STM32G4xx_HAL_Driver/Src/stm32g4xx_hal_tim_ex.o
 .debug_info    0x00000000000141f2     0x1675 ./Drivers/STM32G4xx_HAL_Driver/Src/stm32g4xx_ll_usb.o
 .debug_info    0x0000000000015867     0x11c1 ./Middlewares/ST/STM32_USB_Device_Library/Class/CDC/Src/usbd_cdc.o
 .debug_info    0x0000000000016a28      0xbcd ./Middlewares/ST/STM32_USB_Device_Library/Core/Src/usbd_core.o
 .debug_info    0x00000000000175f5      0xae0 ./Middlewares/ST/STM32_USB_Device_Library/Core/Src/usbd_ctlreq.o
 .debug_info    0x00000000000180d5      0x78f ./Middlewares/ST/STM32_USB_Device_Library/Core/Src/usbd_ioreq.o
 .debug_info    0x0000000000018864      0x71f ./USB_Device/App/usb_device.o
 .debug_info    0x0000000000018f83      0x925 ./USB_Device/App/usbd_cdc_if.o
 .debug_info    0x00000000000198a8      0x49b ./USB_Device/App/usbd_desc.o
 .debug_info    0x0000000000019d43     0x1e15 ./USB_Device/Target/usbd_conf.o

.debug_abbrev   0x0000000000000000     0x4419
 .debug_abbrev  0x0000000000000000      0x1db ./Core/Src/aes.o
 .debug_abbrev  0x00000000000001db      0x103 ./Core/Src/dma.o
 .debug_abbrev  0x00000000000002de      0x146 ./Core/Src/gpio.o
 .debug_abbrev  0x0000000000000424      0x15f ./Core/Src/main.o
 .debug_abbrev  0x0000000000000583      0x198 ./Core/Src/rng.o
 .debug_abbrev  0x000000000000071b      0x1e0 ./Core/Src/spi.o
 .debug_abbrev  0x00000000000008fb       0xc2 ./Core/Src/stm32g4xx_hal_msp.o
 .debug_abbrev  0x00000000000009bd      0x1e6 ./Core/Src/stm32g4xx_it.o
 .debug_abbrev  0x0000000000000ba3      0x116 ./Core/Src/system_stm32g4xx.o
 .debug_abbrev  0x0000000000000cb9      0x235 ./Core/Src/tim.o
 .debug_abbrev  0x0000000000000eee       0x12 ./Core/Startup/startup_stm32g4a1keux.o
 .debug_abbrev  0x0000000000000f00      0x269 ./Drivers/STM32G4xx_HAL_Driver/Src/stm32g4xx_hal.o
 .debug_abbrev  0x0000000000001169      0x30d ./Drivers/STM32G4xx_HAL_Driver/Src/stm32g4xx_hal_cortex.o
 .debug_abbrev  0x0000000000001476      0x264 ./Drivers/STM32G4xx_HAL_Driver/Src/stm32g4xx_hal_cryp.o
 .debug_abbrev  0x00000000000016da      0x1d7 ./Drivers/STM32G4xx_HAL_Driver/Src/stm32g4xx_hal_dma.o
 .debug_abbrev  0x00000000000018b1      0x1bb ./Drivers/STM32G4xx_HAL_Driver/Src/stm32g4xx_hal_gpio.o
 .debug_abbrev  0x0000000000001a6c      0x2a4 ./Drivers/STM32G4xx_HAL_Driver/Src/stm32g4xx_hal_pcd.o
 .debug_abbrev  0x0000000000001d10      0x21d ./Drivers/STM32G4xx_HAL_Driver/Src/stm32g4xx_hal_pcd_ex.o
 .debug_abbrev  0x0000000000001f2d      0x229 ./Drivers/STM32G4xx_HAL_Driver/Src/stm32g4xx_hal_pwr_ex.o
 .debug_abbrev  0x0000000000002156      0x2bd ./Drivers/STM32G4xx_HAL_Driver/Src/stm32g4xx_hal_rcc.o
 .debug_abbrev  0x0000000000002413      0x247 ./Drivers/STM32G4xx_HAL_Driver/Src/stm32g4xx_hal_rcc_ex.o
 .debug_abbrev  0x000000000000265a      0x1b6 ./Drivers/STM32G4xx_HAL_Driver/Src/stm32g4xx_hal_rng.o
 .debug_abbrev  0x0000000000002810      0x254 ./Drivers/STM32G4xx_HAL_Driver/Src/stm32g4xx_hal_spi.o
 .debug_abbrev  0x0000000000002a64      0x28e ./Drivers/STM32G4xx_HAL_Driver/Src/stm32g4xx_hal_tim.o
 .debug_abbrev  0x0000000000002cf2      0x2ab ./Drivers/STM32G4xx_HAL_Driver/Src/stm32g4xx_hal_tim_ex.o
 .debug_abbrev  0x0000000000002f9d      0x22f ./Drivers/STM32G4xx_HAL_Driver/Src/stm32g4xx_ll_usb.o
 .debug_abbrev  0x00000000000031cc      0x2a6 ./Middlewares/ST/STM32_USB_Device_Library/Class/CDC/Src/usbd_cdc.o
 .debug_abbrev  0x0000000000003472      0x23d ./Middlewares/ST/STM32_USB_Device_Library/Core/Src/usbd_core.o
 .debug_abbrev  0x00000000000036af      0x26d ./Middlewares/ST/STM32_USB_Device_Library/Core/Src/usbd_ctlreq.o
 .debug_abbrev  0x000000000000391c      0x19b ./Middlewares/ST/STM32_USB_Device_Library/Core/Src/usbd_ioreq.o
 .debug_abbrev  0x0000000000003ab7      0x19b ./USB_Device/App/usb_device.o
 .debug_abbrev  0x0000000000003c52      0x2a1 ./USB_Device/App/usbd_cdc_if.o
 .debug_abbrev  0x0000000000003ef3      0x209 ./USB_Device/App/usbd_desc.o
 .debug_abbrev  0x00000000000040fc      0x31d ./USB_Device/Target/usbd_conf.o

.debug_aranges  0x0000000000000000     0x1808
 .debug_aranges
                0x0000000000000000       0x30 ./Core/Src/aes.o
 .debug_aranges
                0x0000000000000030       0x20 ./Core/Src/dma.o
 .debug_aranges
                0x0000000000000050       0x20 ./Core/Src/gpio.o
 .debug_aranges
                0x0000000000000070       0x30 ./Core/Src/main.o
 .debug_aranges
                0x00000000000000a0       0x30 ./Core/Src/rng.o
 .debug_aranges
                0x00000000000000d0       0x30 ./Core/Src/spi.o
 .debug_aranges
                0x0000000000000100       0x20 ./Core/Src/stm32g4xx_hal_msp.o
 .debug_aranges
                0x0000000000000120       0x78 ./Core/Src/stm32g4xx_it.o
 .debug_aranges
                0x0000000000000198       0x28 ./Core/Src/system_stm32g4xx.o
 .debug_aranges
                0x00000000000001c0       0x38 ./Core/Src/tim.o
 .debug_aranges
                0x00000000000001f8       0x28 ./Core/Startup/startup_stm32g4a1keux.o
 .debug_aranges
                0x0000000000000220      0x130 ./Drivers/STM32G4xx_HAL_Driver/Src/stm32g4xx_hal.o
 .debug_aranges
                0x0000000000000350      0x118 ./Drivers/STM32G4xx_HAL_Driver/Src/stm32g4xx_hal_cortex.o
 .debug_aranges
                0x0000000000000468      0x178 ./Drivers/STM32G4xx_HAL_Driver/Src/stm32g4xx_hal_cryp.o
 .debug_aranges
                0x00000000000005e0       0x90 ./Drivers/STM32G4xx_HAL_Driver/Src/stm32g4xx_hal_dma.o
 .debug_aranges
                0x0000000000000670       0x58 ./Drivers/STM32G4xx_HAL_Driver/Src/stm32g4xx_hal_gpio.o
 .debug_aranges
                0x00000000000006c8      0x130 ./Drivers/STM32G4xx_HAL_Driver/Src/stm32g4xx_hal_pcd.o
 .debug_aranges
                0x00000000000007f8       0x58 ./Drivers/STM32G4xx_HAL_Driver/Src/stm32g4xx_hal_pcd_ex.o
 .debug_aranges
                0x0000000000000850      0x140 ./Drivers/STM32G4xx_HAL_Driver/Src/stm32g4xx_hal_pwr_ex.o
 .debug_aranges
                0x0000000000000990       0x98 ./Drivers/STM32G4xx_HAL_Driver/Src/stm32g4xx_hal_rcc.o
 .debug_aranges
                0x0000000000000a28       0xb0 ./Drivers/STM32G4xx_HAL_Driver/Src/stm32g4xx_hal_rcc_ex.o
 .debug_aranges
                0x0000000000000ad8       0x78 ./Drivers/STM32G4xx_HAL_Driver/Src/stm32g4xx_hal_rng.o
 .debug_aranges
                0x0000000000000b50      0x1d8 ./Drivers/STM32G4xx_HAL_Driver/Src/stm32g4xx_hal_spi.o
 .debug_aranges
                0x0000000000000d28      0x3e0 ./Drivers/STM32G4xx_HAL_Driver/Src/stm32g4xx_hal_tim.o
 .debug_aranges
                0x0000000000001108      0x240 ./Drivers/STM32G4xx_HAL_Driver/Src/stm32g4xx_hal_tim_ex.o
 .debug_aranges
                0x0000000000001348       0xb0 ./Drivers/STM32G4xx_HAL_Driver/Src/stm32g4xx_ll_usb.o
 .debug_aranges
                0x00000000000013f8       0x90 ./Middlewares/ST/STM32_USB_Device_Library/Class/CDC/Src/usbd_cdc.o
 .debug_aranges
                0x0000000000001488       0xb8 ./Middlewares/ST/STM32_USB_Device_Library/Core/Src/usbd_core.o
 .debug_aranges
                0x0000000000001540       0x90 ./Middlewares/ST/STM32_USB_Device_Library/Core/Src/usbd_ctlreq.o
 .debug_aranges
                0x00000000000015d0       0x50 ./Middlewares/ST/STM32_USB_Device_Library/Core/Src/usbd_ioreq.o
 .debug_aranges
                0x0000000000001620       0x20 ./USB_Device/App/usb_device.o
 .debug_aranges
                0x0000000000001640       0x48 ./USB_Device/App/usbd_cdc_if.o
 .debug_aranges
                0x0000000000001688       0x60 ./USB_Device/App/usbd_desc.o
 .debug_aranges
                0x00000000000016e8      0x120 ./USB_Device/Target/usbd_conf.o

.debug_ranges   0x0000000000000000     0x15f0
 .debug_ranges  0x0000000000000000       0x20 ./Core/Src/aes.o
 .debug_ranges  0x0000000000000020       0x10 ./Core/Src/dma.o
 .debug_ranges  0x0000000000000030       0x10 ./Core/Src/gpio.o
 .debug_ranges  0x0000000000000040       0x20 ./Core/Src/main.o
 .debug_ranges  0x0000000000000060       0x20 ./Core/Src/rng.o
 .debug_ranges  0x0000000000000080       0x20 ./Core/Src/spi.o
 .debug_ranges  0x00000000000000a0       0x10 ./Core/Src/stm32g4xx_hal_msp.o
 .debug_ranges  0x00000000000000b0       0x68 ./Core/Src/stm32g4xx_it.o
 .debug_ranges  0x0000000000000118       0x18 ./Core/Src/system_stm32g4xx.o
 .debug_ranges  0x0000000000000130       0x28 ./Core/Src/tim.o
 .debug_ranges  0x0000000000000158       0x20 ./Core/Startup/startup_stm32g4a1keux.o
 .debug_ranges  0x0000000000000178      0x120 ./Drivers/STM32G4xx_HAL_Driver/Src/stm32g4xx_hal.o
 .debug_ranges  0x0000000000000298      0x108 ./Drivers/STM32G4xx_HAL_Driver/Src/stm32g4xx_hal_cortex.o
 .debug_ranges  0x00000000000003a0      0x168 ./Drivers/STM32G4xx_HAL_Driver/Src/stm32g4xx_hal_cryp.o
 .debug_ranges  0x0000000000000508       0x80 ./Drivers/STM32G4xx_HAL_Driver/Src/stm32g4xx_hal_dma.o
 .debug_ranges  0x0000000000000588       0x48 ./Drivers/STM32G4xx_HAL_Driver/Src/stm32g4xx_hal_gpio.o
 .debug_ranges  0x00000000000005d0      0x120 ./Drivers/STM32G4xx_HAL_Driver/Src/stm32g4xx_hal_pcd.o
 .debug_ranges  0x00000000000006f0       0x48 ./Drivers/STM32G4xx_HAL_Driver/Src/stm32g4xx_hal_pcd_ex.o
 .debug_ranges  0x0000000000000738      0x130 ./Drivers/STM32G4xx_HAL_Driver/Src/stm32g4xx_hal_pwr_ex.o
 .debug_ranges  0x0000000000000868       0x88 ./Drivers/STM32G4xx_HAL_Driver/Src/stm32g4xx_hal_rcc.o
 .debug_ranges  0x00000000000008f0       0xa0 ./Drivers/STM32G4xx_HAL_Driver/Src/stm32g4xx_hal_rcc_ex.o
 .debug_ranges  0x0000000000000990       0x68 ./Drivers/STM32G4xx_HAL_Driver/Src/stm32g4xx_hal_rng.o
 .debug_ranges  0x00000000000009f8      0x1c8 ./Drivers/STM32G4xx_HAL_Driver/Src/stm32g4xx_hal_spi.o
 .debug_ranges  0x0000000000000bc0      0x3d0 ./Drivers/STM32G4xx_HAL_Driver/Src/stm32g4xx_hal_tim.o
 .debug_ranges  0x0000000000000f90      0x230 ./Drivers/STM32G4xx_HAL_Driver/Src/stm32g4xx_hal_tim_ex.o
 .debug_ranges  0x00000000000011c0       0xa0 ./Drivers/STM32G4xx_HAL_Driver/Src/stm32g4xx_ll_usb.o
 .debug_ranges  0x0000000000001260       0x80 ./Middlewares/ST/STM32_USB_Device_Library/Class/CDC/Src/usbd_cdc.o
 .debug_ranges  0x00000000000012e0       0xa8 ./Middlewares/ST/STM32_USB_Device_Library/Core/Src/usbd_core.o
 .debug_ranges  0x0000000000001388       0x80 ./Middlewares/ST/STM32_USB_Device_Library/Core/Src/usbd_ctlreq.o
 .debug_ranges  0x0000000000001408       0x40 ./Middlewares/ST/STM32_USB_Device_Library/Core/Src/usbd_ioreq.o
 .debug_ranges  0x0000000000001448       0x10 ./USB_Device/App/usb_device.o
 .debug_ranges  0x0000000000001458       0x38 ./USB_Device/App/usbd_cdc_if.o
 .debug_ranges  0x0000000000001490       0x50 ./USB_Device/App/usbd_desc.o
 .debug_ranges  0x00000000000014e0      0x110 ./USB_Device/Target/usbd_conf.o

.debug_macro    0x0000000000000000    0x23a4d
 .debug_macro   0x0000000000000000      0x230 ./Core/Src/aes.o
 .debug_macro   0x0000000000000230      0xa78 ./Core/Src/aes.o
 .debug_macro   0x0000000000000ca8      0x16d ./Core/Src/aes.o
 .debug_macro   0x0000000000000e15       0x2e ./Core/Src/aes.o
 .debug_macro   0x0000000000000e43       0x28 ./Core/Src/aes.o
 .debug_macro   0x0000000000000e6b       0x22 ./Core/Src/aes.o
 .debug_macro   0x0000000000000e8d       0x8e ./Core/Src/aes.o
 .debug_macro   0x0000000000000f1b       0x51 ./Core/Src/aes.o
 .debug_macro   0x0000000000000f6c      0x103 ./Core/Src/aes.o
 .debug_macro   0x000000000000106f       0x6a ./Core/Src/aes.o
 .debug_macro   0x00000000000010d9      0x1df ./Core/Src/aes.o
 .debug_macro   0x00000000000012b8       0x1c ./Core/Src/aes.o
 .debug_macro   0x00000000000012d4       0x22 ./Core/Src/aes.o
 .debug_macro   0x00000000000012f6       0xfb ./Core/Src/aes.o
 .debug_macro   0x00000000000013f1     0x1011 ./Core/Src/aes.o
 .debug_macro   0x0000000000002402      0x11f ./Core/Src/aes.o
 .debug_macro   0x0000000000002521    0x1224c ./Core/Src/aes.o
 .debug_macro   0x000000000001476d       0x6d ./Core/Src/aes.o
 .debug_macro   0x00000000000147da     0x3554 ./Core/Src/aes.o
 .debug_macro   0x0000000000017d2e      0x174 ./Core/Src/aes.o
 .debug_macro   0x0000000000017ea2       0x5c ./Core/Src/aes.o
 .debug_macro   0x0000000000017efe     0x157b ./Core/Src/aes.o
 .debug_macro   0x0000000000019479      0x5cf ./Core/Src/aes.o
 .debug_macro   0x0000000000019a48      0x1b6 ./Core/Src/aes.o
 .debug_macro   0x0000000000019bfe      0x2d0 ./Core/Src/aes.o
 .debug_macro   0x0000000000019ece      0x4a2 ./Core/Src/aes.o
 .debug_macro   0x000000000001a370      0x18b ./Core/Src/aes.o
 .debug_macro   0x000000000001a4fb       0x43 ./Core/Src/aes.o
 .debug_macro   0x000000000001a53e      0x23d ./Core/Src/aes.o
 .debug_macro   0x000000000001a77b      0x14c ./Core/Src/aes.o
 .debug_macro   0x000000000001a8c7       0x27 ./Core/Src/aes.o
 .debug_macro   0x000000000001a8ee      0x211 ./Core/Src/aes.o
 .debug_macro   0x000000000001aaff      0x416 ./Core/Src/aes.o
 .debug_macro   0x000000000001af15      0x10e ./Core/Src/aes.o
 .debug_macro   0x000000000001b023       0x6c ./Core/Src/aes.o
 .debug_macro   0x000000000001b08f      0x234 ./Core/Src/aes.o
 .debug_macro   0x000000000001b2c3      0x122 ./Core/Src/aes.o
 .debug_macro   0x000000000001b3e5      0x3d1 ./Core/Src/aes.o
 .debug_macro   0x000000000001b7b6       0xb9 ./Core/Src/aes.o
 .debug_macro   0x000000000001b86f      0x2fe ./Core/Src/aes.o
 .debug_macro   0x000000000001bb6d      0xbcc ./Core/Src/aes.o
 .debug_macro   0x000000000001c739      0x4ee ./Core/Src/aes.o
 .debug_macro   0x000000000001cc27      0x321 ./Core/Src/aes.o
 .debug_macro   0x000000000001cf48       0x7c ./Core/Src/aes.o
 .debug_macro   0x000000000001cfc4      0x230 ./Core/Src/dma.o
 .debug_macro   0x000000000001d1f4      0x230 ./Core/Src/gpio.o
 .debug_macro   0x000000000001d424      0x451 ./Core/Src/main.o
 .debug_macro   0x000000000001d875       0x52 ./Core/Src/main.o
 .debug_macro   0x000000000001d8c7       0x1e ./Core/Src/main.o
 .debug_macro   0x000000000001d8e5       0x3c ./Core/Src/main.o
 .debug_macro   0x000000000001d921       0x34 ./Core/Src/main.o
 .debug_macro   0x000000000001d955       0x16 ./Core/Src/main.o
 .debug_macro   0x000000000001d96b       0x35 ./Core/Src/main.o
 .debug_macro   0x000000000001d9a0      0x341 ./Core/Src/main.o
 .debug_macro   0x000000000001dce1       0x10 ./Core/Src/main.o
 .debug_macro   0x000000000001dcf1       0x16 ./Core/Src/main.o
 .debug_macro   0x000000000001dd07       0x43 ./Core/Src/main.o
 .debug_macro   0x000000000001dd4a       0x34 ./Core/Src/main.o
 .debug_macro   0x000000000001dd7e       0x10 ./Core/Src/main.o
 .debug_macro   0x000000000001dd8e       0x58 ./Core/Src/main.o
 .debug_macro   0x000000000001dde6       0x71 ./Core/Src/main.o
 .debug_macro   0x000000000001de57       0x1c ./Core/Src/main.o
 .debug_macro   0x000000000001de73      0x12a ./Core/Src/main.o
 .debug_macro   0x000000000001df9d       0x10 ./Core/Src/main.o
 .debug_macro   0x000000000001dfad       0x1c ./Core/Src/main.o
 .debug_macro   0x000000000001dfc9       0x52 ./Core/Src/main.o
 .debug_macro   0x000000000001e01b       0x22 ./Core/Src/main.o
 .debug_macro   0x000000000001e03d       0x10 ./Core/Src/main.o
 .debug_macro   0x000000000001e04d       0x52 ./Core/Src/main.o
 .debug_macro   0x000000000001e09f       0xd5 ./Core/Src/main.o
 .debug_macro   0x000000000001e174       0x1c ./Core/Src/main.o
 .debug_macro   0x000000000001e190       0x3d ./Core/Src/main.o
 .debug_macro   0x000000000001e1cd       0x16 ./Core/Src/main.o
 .debug_macro   0x000000000001e1e3      0x145 ./Core/Src/main.o
 .debug_macro   0x000000000001e328       0x16 ./Core/Src/main.o
 .debug_macro   0x000000000001e33e       0x16 ./Core/Src/main.o
 .debug_macro   0x000000000001e354       0x29 ./Core/Src/main.o
 .debug_macro   0x000000000001e37d       0x16 ./Core/Src/main.o
 .debug_macro   0x000000000001e393       0x20 ./Core/Src/main.o
 .debug_macro   0x000000000001e3b3       0x5f ./Core/Src/main.o
 .debug_macro   0x000000000001e412      0x1ef ./Core/Src/main.o
 .debug_macro   0x000000000001e601      0x230 ./Core/Src/rng.o
 .debug_macro   0x000000000001e831      0x230 ./Core/Src/spi.o
 .debug_macro   0x000000000001ea61      0x226 ./Core/Src/stm32g4xx_hal_msp.o
 .debug_macro   0x000000000001ec87      0x230 ./Core/Src/stm32g4xx_it.o
 .debug_macro   0x000000000001eeb7      0x217 ./Core/Src/system_stm32g4xx.o
 .debug_macro   0x000000000001f0ce      0x230 ./Core/Src/tim.o
 .debug_macro   0x000000000001f2fe      0x265 ./Drivers/STM32G4xx_HAL_Driver/Src/stm32g4xx_hal.o
 .debug_macro   0x000000000001f563      0x217 ./Drivers/STM32G4xx_HAL_Driver/Src/stm32g4xx_hal_cortex.o
 .debug_macro   0x000000000001f77a      0x296 ./Drivers/STM32G4xx_HAL_Driver/Src/stm32g4xx_hal_cryp.o
 .debug_macro   0x000000000001fa10      0x217 ./Drivers/STM32G4xx_HAL_Driver/Src/stm32g4xx_hal_dma.o
 .debug_macro   0x000000000001fc27      0x21e ./Drivers/STM32G4xx_HAL_Driver/Src/stm32g4xx_hal_gpio.o
 .debug_macro   0x000000000001fe45      0x223 ./Drivers/STM32G4xx_HAL_Driver/Src/stm32g4xx_hal_pcd.o
 .debug_macro   0x0000000000020068      0x217 ./Drivers/STM32G4xx_HAL_Driver/Src/stm32g4xx_hal_pcd_ex.o
 .debug_macro   0x000000000002027f      0x241 ./Drivers/STM32G4xx_HAL_Driver/Src/stm32g4xx_hal_pwr_ex.o
 .debug_macro   0x00000000000204c0      0x259 ./Drivers/STM32G4xx_HAL_Driver/Src/stm32g4xx_hal_rcc.o
 .debug_macro   0x0000000000020719      0x241 ./Drivers/STM32G4xx_HAL_Driver/Src/stm32g4xx_hal_rcc_ex.o
 .debug_macro   0x000000000002095a      0x21d ./Drivers/STM32G4xx_HAL_Driver/Src/stm32g4xx_hal_rng.o
 .debug_macro   0x0000000000020b77      0x21f ./Drivers/STM32G4xx_HAL_Driver/Src/stm32g4xx_hal_spi.o
 .debug_macro   0x0000000000020d96      0x21f ./Drivers/STM32G4xx_HAL_Driver/Src/stm32g4xx_hal_tim.o
 .debug_macro   0x0000000000020fb5      0x21d ./Drivers/STM32G4xx_HAL_Driver/Src/stm32g4xx_hal_tim_ex.o
 .debug_macro   0x00000000000211d2      0x217 ./Drivers/STM32G4xx_HAL_Driver/Src/stm32g4xx_ll_usb.o
 .debug_macro   0x00000000000213e9      0x42d ./Middlewares/ST/STM32_USB_Device_Library/Class/CDC/Src/usbd_cdc.o
 .debug_macro   0x0000000000021816       0x97 ./Middlewares/ST/STM32_USB_Device_Library/Class/CDC/Src/usbd_cdc.o
 .debug_macro   0x00000000000218ad       0xfd ./Middlewares/ST/STM32_USB_Device_Library/Class/CDC/Src/usbd_cdc.o
 .debug_macro   0x00000000000219aa       0x56 ./Middlewares/ST/STM32_USB_Device_Library/Class/CDC/Src/usbd_cdc.o
 .debug_macro   0x0000000000021a00       0x95 ./Middlewares/ST/STM32_USB_Device_Library/Class/CDC/Src/usbd_cdc.o
 .debug_macro   0x0000000000021a95      0x414 ./Middlewares/ST/STM32_USB_Device_Library/Core/Src/usbd_core.o
 .debug_macro   0x0000000000021ea9      0x1f5 ./Middlewares/ST/STM32_USB_Device_Library/Core/Src/usbd_core.o
 .debug_macro   0x000000000002209e      0x41e ./Middlewares/ST/STM32_USB_Device_Library/Core/Src/usbd_ctlreq.o
 .debug_macro   0x00000000000224bc      0x41a ./Middlewares/ST/STM32_USB_Device_Library/Core/Src/usbd_ioreq.o
 .debug_macro   0x00000000000228d6      0x453 ./USB_Device/App/usb_device.o
 .debug_macro   0x0000000000022d29       0x22 ./USB_Device/App/usb_device.o
 .debug_macro   0x0000000000022d4b       0x16 ./USB_Device/App/usb_device.o
 .debug_macro   0x0000000000022d61      0x438 ./USB_Device/App/usbd_cdc_if.o
 .debug_macro   0x0000000000023199       0x10 ./USB_Device/App/usbd_cdc_if.o
 .debug_macro   0x00000000000231a9      0x451 ./USB_Device/App/usbd_desc.o
 .debug_macro   0x00000000000235fa       0x1c ./USB_Device/App/usbd_desc.o
 .debug_macro   0x0000000000023616      0x437 ./USB_Device/Target/usbd_conf.o

.debug_line     0x0000000000000000    0x203c6
 .debug_line    0x0000000000000000      0x7b8 ./Core/Src/aes.o
 .debug_line    0x00000000000007b8      0x766 ./Core/Src/dma.o
 .debug_line    0x0000000000000f1e      0x790 ./Core/Src/gpio.o
 .debug_line    0x00000000000016ae      0xad4 ./Core/Src/main.o
 .debug_line    0x0000000000002182      0x7bc ./Core/Src/rng.o
 .debug_line    0x000000000000293e      0x7e2 ./Core/Src/spi.o
 .debug_line    0x0000000000003120      0x769 ./Core/Src/stm32g4xx_hal_msp.o
 .debug_line    0x0000000000003889      0x874 ./Core/Src/stm32g4xx_it.o
 .debug_line    0x00000000000040fd      0x7d3 ./Core/Src/system_stm32g4xx.o
 .debug_line    0x00000000000048d0      0x836 ./Core/Src/tim.o
 .debug_line    0x0000000000005106       0x89 ./Core/Startup/startup_stm32g4a1keux.o
 .debug_line    0x000000000000518f      0xb4a ./Drivers/STM32G4xx_HAL_Driver/Src/stm32g4xx_hal.o
 .debug_line    0x0000000000005cd9      0xcfd ./Drivers/STM32G4xx_HAL_Driver/Src/stm32g4xx_hal_cortex.o
 .debug_line    0x00000000000069d6     0x31fa ./Drivers/STM32G4xx_HAL_Driver/Src/stm32g4xx_hal_cryp.o
 .debug_line    0x0000000000009bd0      0xeb6 ./Drivers/STM32G4xx_HAL_Driver/Src/stm32g4xx_hal_dma.o
 .debug_line    0x000000000000aa86      0xb8d ./Drivers/STM32G4xx_HAL_Driver/Src/stm32g4xx_hal_gpio.o
 .debug_line    0x000000000000b613     0x1372 ./Drivers/STM32G4xx_HAL_Driver/Src/stm32g4xx_hal_pcd.o
 .debug_line    0x000000000000c985      0x8de ./Drivers/STM32G4xx_HAL_Driver/Src/stm32g4xx_hal_pcd_ex.o
 .debug_line    0x000000000000d263      0xd01 ./Drivers/STM32G4xx_HAL_Driver/Src/stm32g4xx_hal_pwr_ex.o
 .debug_line    0x000000000000df64      0xf60 ./Drivers/STM32G4xx_HAL_Driver/Src/stm32g4xx_hal_rcc.o
 .debug_line    0x000000000000eec4     0x122d ./Drivers/STM32G4xx_HAL_Driver/Src/stm32g4xx_hal_rcc_ex.o
 .debug_line    0x00000000000100f1      0x977 ./Drivers/STM32G4xx_HAL_Driver/Src/stm32g4xx_hal_rng.o
 .debug_line    0x0000000000010a68     0x1f94 ./Drivers/STM32G4xx_HAL_Driver/Src/stm32g4xx_hal_spi.o
 .debug_line    0x00000000000129fc     0x3f39 ./Drivers/STM32G4xx_HAL_Driver/Src/stm32g4xx_hal_tim.o
 .debug_line    0x0000000000016935     0x212c ./Drivers/STM32G4xx_HAL_Driver/Src/stm32g4xx_hal_tim_ex.o
 .debug_line    0x0000000000018a61      0xfb9 ./Drivers/STM32G4xx_HAL_Driver/Src/stm32g4xx_ll_usb.o
 .debug_line    0x0000000000019a1a      0xe2b ./Middlewares/ST/STM32_USB_Device_Library/Class/CDC/Src/usbd_cdc.o
 .debug_line    0x000000000001a845      0xeae ./Middlewares/ST/STM32_USB_Device_Library/Core/Src/usbd_core.o
 .debug_line    0x000000000001b6f3     0x114e ./Middlewares/ST/STM32_USB_Device_Library/Core/Src/usbd_ctlreq.o
 .debug_line    0x000000000001c841      0xb05 ./Middlewares/ST/STM32_USB_Device_Library/Core/Src/usbd_ioreq.o
 .debug_line    0x000000000001d346      0xac1 ./USB_Device/App/usb_device.o
 .debug_line    0x000000000001de07      0xb24 ./USB_Device/App/usbd_cdc_if.o
 .debug_line    0x000000000001e92b      0xb8a ./USB_Device/App/usbd_desc.o
 .debug_line    0x000000000001f4b5      0xf11 ./USB_Device/Target/usbd_conf.o

.debug_str      0x0000000000000000    0xd19b9
 .debug_str     0x0000000000000000    0xc6101 ./Core/Src/aes.o
                                      0xc6412 (size before relaxing)
 .debug_str     0x00000000000c6101      0x585 ./Core/Src/dma.o
                                      0xc63d0 (size before relaxing)
 .debug_str     0x00000000000c6686       0xd8 ./Core/Src/gpio.o
                                      0xc5f42 (size before relaxing)
 .debug_str     0x00000000000c675e     0x4a22 ./Core/Src/main.o
                                      0xca80d (size before relaxing)
 .debug_str     0x00000000000cb180      0x2d8 ./Core/Src/rng.o
                                      0xc61d8 (size before relaxing)
 .debug_str     0x00000000000cb458      0x22f ./Core/Src/spi.o
                                      0xc6477 (size before relaxing)
 .debug_str     0x00000000000cb687       0x2c ./Core/Src/stm32g4xx_hal_msp.o
                                      0xc5e77 (size before relaxing)
 .debug_str     0x00000000000cb6b3      0x6d1 ./Core/Src/stm32g4xx_it.o
                                      0xc67bc (size before relaxing)
 .debug_str     0x00000000000cbd84       0xdb ./Core/Src/system_stm32g4xx.o
                                      0xc5d18 (size before relaxing)
 .debug_str     0x00000000000cbe5f      0x1ad ./Core/Src/tim.o
                                      0xc6c66 (size before relaxing)
 .debug_str     0x00000000000cc00c       0x36 ./Core/Startup/startup_stm32g4a1keux.o
                                         0x6a (size before relaxing)
 .debug_str     0x00000000000cc042      0x5b2 ./Drivers/STM32G4xx_HAL_Driver/Src/stm32g4xx_hal.o
                                      0xc6905 (size before relaxing)
 .debug_str     0x00000000000cc5f4      0x318 ./Drivers/STM32G4xx_HAL_Driver/Src/stm32g4xx_hal_cortex.o
                                      0xc65b0 (size before relaxing)
 .debug_str     0x00000000000cc90c      0x6d5 ./Drivers/STM32G4xx_HAL_Driver/Src/stm32g4xx_hal_cryp.o
                                      0xc6795 (size before relaxing)
 .debug_str     0x00000000000ccfe1      0x28e ./Drivers/STM32G4xx_HAL_Driver/Src/stm32g4xx_hal_dma.o
                                      0xc60f2 (size before relaxing)
 .debug_str     0x00000000000cd26f      0x123 ./Drivers/STM32G4xx_HAL_Driver/Src/stm32g4xx_hal_gpio.o
                                      0xc5ea3 (size before relaxing)
 .debug_str     0x00000000000cd392      0x527 ./Drivers/STM32G4xx_HAL_Driver/Src/stm32g4xx_hal_pcd.o
                                      0xc6460 (size before relaxing)
 .debug_str     0x00000000000cd8b9      0x186 ./Drivers/STM32G4xx_HAL_Driver/Src/stm32g4xx_hal_pcd_ex.o
                                      0xc60dc (size before relaxing)
 .debug_str     0x00000000000cda3f      0x4c6 ./Drivers/STM32G4xx_HAL_Driver/Src/stm32g4xx_hal_pwr_ex.o
                                      0xc6206 (size before relaxing)
 .debug_str     0x00000000000cdf05      0x4e0 ./Drivers/STM32G4xx_HAL_Driver/Src/stm32g4xx_hal_rcc.o
                                      0xc6411 (size before relaxing)
 .debug_str     0x00000000000ce3e5      0x40b ./Drivers/STM32G4xx_HAL_Driver/Src/stm32g4xx_hal_rcc_ex.o
                                      0xc644e (size before relaxing)
 .debug_str     0x00000000000ce7f0      0x135 ./Drivers/STM32G4xx_HAL_Driver/Src/stm32g4xx_hal_rng.o
                                      0xc5db1 (size before relaxing)
 .debug_str     0x00000000000ce925      0x57c ./Drivers/STM32G4xx_HAL_Driver/Src/stm32g4xx_hal_spi.o
                                      0xc6650 (size before relaxing)